 addon

 Timestamp is 5b314925 (Mon Jun 25 15:57:25 2018)

 Preferred load address is 0000000180000000

 Start         Length     Name                   Class
 0001:00000000 00000180H .text$di                CODE
 0001:00000180 0002f120H .text$mn                CODE
 0001:0002f2a0 00000020H .text$mn$00             CODE
 0001:0002f2c0 00000500H .text$x                 CODE
 0001:0002f7c0 00000134H .text$yd                CODE
 0002:00000000 000002a0H .idata$5                DATA
 0002:000002a0 00000010H .00cfg                  DATA
 0002:000002b0 00000008H .CRT$XCA                DATA
 0002:000002b8 00000038H .CRT$XCC                DATA
 0002:000002f0 00000010H .CRT$XCL                DATA
 0002:00000300 00000010H .CRT$XCU                DATA
 0002:00000310 00000008H .CRT$XCZ                DATA
 0002:00000318 00000008H .CRT$XIA                DATA
 0002:00000320 00000028H .CRT$XIC                DATA
 0002:00000348 00000008H .CRT$XIZ                DATA
 0002:00000350 00000008H .CRT$XPA                DATA
 0002:00000358 00000010H .CRT$XPX                DATA
 0002:00000368 00000008H .CRT$XPXA               DATA
 0002:00000370 00000008H .CRT$XPZ                DATA
 0002:00000378 00000008H .CRT$XTA                DATA
 0002:00000380 00000010H .CRT$XTZ                DATA
 0002:00000388 00000000H .gfids$y                DATA
 0002:00000390 0000fcd8H .rdata                  DATA
 0002:00010068 000011c4H .rdata$r                DATA
 0002:0001122c 000003fcH .rdata$zzzdbg           DATA
 0002:00011628 00000008H .rtc$IAA                DATA
 0002:00011630 00000008H .rtc$IZZ                DATA
 0002:00011638 00000008H .rtc$TAA                DATA
 0002:00011640 00000010H .rtc$TZZ                DATA
 0002:00011650 00002b30H .xdata                  DATA
 0002:00014180 0000042cH .xdata$x                DATA
 0002:000145ac 00000020H .didat$2                DATA
 0002:000145cc 00000024H .didat$3                DATA
 0002:000145f0 00000088H .didat$4                DATA
 0002:00014678 000003c0H .didat$6                DATA
 0002:00014a38 00000088H .didat$7                DATA
 0002:00014ac0 00000050H .edata                  DATA
 0002:00014b10 00000014H .idata$2                DATA
 0002:00014b24 00000014H .idata$3                DATA
 0002:00014b38 000002a0H .idata$4                DATA
 0002:00014dd8 0000060cH .idata$6                DATA
 0003:00000000 00000ba0H .data                   DATA
 0003:00000ba0 00000738H .data$r                 DATA
 0003:000012d8 00000088H .didat$5                DATA
 0003:00001360 0000199cH .bss                    DATA
 0004:00000000 00002c94H .pdata                  DATA
 0005:00000000 00000060H .rsrc$01                DATA
 0005:00000060 00000180H .rsrc$02                DATA

  Address         Publics by Value              Rva+Base               Lib:Object

 0000:00000000       __guard_iat_count          0000000000000000     <absolute>
 0000:00000000       __dynamic_value_reloc_table 0000000000000000     <absolute>
 0000:00000000       __hybrid_code_map          0000000000000000     <absolute>
 0000:00000000       __hybrid_code_map_count    0000000000000000     <absolute>
 0000:00000000       __guard_iat_table          0000000000000000     <absolute>
 0000:00000000       __guard_longjmp_table      0000000000000000     <absolute>
 0000:00000000       __guard_longjmp_count      0000000000000000     <absolute>
 0000:00000000       __hybrid_auxiliary_iat     0000000000000000     <absolute>
 0000:00000000       __guard_fids_count         0000000000000000     <absolute>
 0000:00000000       __enclave_config           0000000000000000     <absolute>
 0000:00000000       ___safe_se_handler_table   0000000000000000     <absolute>
 0000:00000000       ___safe_se_handler_count   0000000000000000     <absolute>
 0000:00000000       __guard_fids_table         0000000000000000     <absolute>
 0000:00000100       __guard_flags              0000000000000100     <absolute>
 0000:00000000       __ImageBase                0000000180000000     <linker-defined>
 0001:00000180       ?what@exception@stdext@@UEBAPEBDXZ 0000000180001180 f i Persist.obj
 0001:000001a0       ?_Raise@exception@stdext@@QEBAXXZ 00000001800011a0 f i Persist.obj
 0001:000001e0       ?_Lock@?$basic_streambuf@DU?$char_traits@D@std@@@std@@UEAAXXZ 00000001800011e0 f i checkin.obj
 0001:000001e0       ?imbue@?$basic_streambuf@DU?$char_traits@D@std@@@std@@MEAAXAEBVlocale@2@@Z 00000001800011e0 f i checkin.obj
 0001:000001e0       _guard_check_icall_nop     00000001800011e0 f i LIBCMT:guard_support.obj
 0001:000001e0       ?_Doraise@exception@stdext@@MEBAXXZ 00000001800011e0 f i Persist.obj
 0001:000001e0       ?_Unlock@?$basic_streambuf@DU?$char_traits@D@std@@@std@@UEAAXXZ 00000001800011e0 f i checkin.obj
 0001:000001f0       ??_Gexception@stdext@@UEAAPEAXI@Z 00000001800011f0 f i Persist.obj
 0001:000001f0       ??_Gruntime_error@std@@UEAAPEAXI@Z 00000001800011f0 f i Persist.obj
 0001:000001f0       ??_Eruntime_error@std@@UEAAPEAXI@Z 00000001800011f0 f i * CIL library *:* CIL module *
 0001:000001f0       ??_Eexception@stdext@@UEAAPEAXI@Z 00000001800011f0 f i * CIL library *:* CIL module *
 0001:00000220       ?default_error_condition@error_category@std@@UEBA?AVerror_condition@2@H@Z 0000000180001220 f i Persist.obj
 0001:00000230       ?equivalent@error_category@std@@UEBA_NHAEBVerror_condition@2@@Z 0000000180001230 f i Persist.obj
 0001:00000290       ?equivalent@error_category@std@@UEBA_NAEBVerror_code@2@H@Z 0000000180001290 f i Persist.obj
 0001:000002b0       ?make_error_code@std@@YA?AVerror_code@1@W4io_errc@1@@Z 00000001800012b0 f i Persist.obj
 0001:00000300       ?_Makestr@_System_error@std@@CA?AV?$basic_string@DU?$char_traits@D@std@@V?$allocator@D@2@@2@Verror_code@2@V32@@Z 0000000180001300 f i Persist.obj
 0001:000004a0       ??_E_System_error@std@@UEAAPEAXI@Z 00000001800014a0 f i * CIL library *:* CIL module *
 0001:000004a0       ??_Efailure@ios_base@std@@UEAAPEAXI@Z 00000001800014a0 f i * CIL library *:* CIL module *
 0001:000004a0       ??_Gfailure@ios_base@std@@UEAAPEAXI@Z 00000001800014a0 f i Persist.obj
 0001:000004a0       ??_G_System_error@std@@UEAAPEAXI@Z 00000001800014a0 f i Persist.obj
 0001:000004d0       ?name@_Iostream_error_category@std@@UEBAPEBDXZ 00000001800014d0 f i Persist.obj
 0001:000004e0       ?message@_Iostream_error_category@std@@UEBA?AV?$basic_string@DU?$char_traits@D@std@@V?$allocator@D@2@@2@H@Z 00000001800014e0 f i Persist.obj
 0001:00000560       ??_E_Iostream_error_category@std@@UEAAPEAXI@Z 0000000180001560 f i * CIL library *:* CIL module *
 0001:00000560       ??_G_Iostream_error_category@std@@UEAAPEAXI@Z 0000000180001560 f i Persist.obj
 0001:00000590       ??0failure@ios_base@std@@QEAA@PEBDAEBVerror_code@2@@Z 0000000180001590 f i Persist.obj
 0001:000006f0       ??0XmlDocument@XmlProcessing@@QEAA@V?$shared_ptr@VAbstractXmlElement@XmlProcessing@@@std@@@Z 00000001800016f0 f i Persist.obj
 0001:000007f0       ?toXmlRecord@Persist@@AEAAXV?$shared_ptr@VAbstractXmlElement@XmlProcessing@@@std@@AEBV?$basic_string@DU?$char_traits@D@std@@V?$allocator@D@2@@3@AEAVpayload@@@Z 00000001800017f0 f   Persist.obj
 0001:000018c0       ?toXml@Persist@@QEAA?AV?$basic_string@DU?$char_traits@D@std@@V?$allocator@D@2@@std@@XZ 00000001800028c0 f   Persist.obj
 0001:00001cf0       ??0payload@@QEAA@AEBV0@@Z  0000000180002cf0 f i Persist.obj
 0001:00001d70       ??1payload@@QEAA@XZ        0000000180002d70 f i Persist.obj
 0001:00001fd0       ??0?$vector@V?$basic_string@DU?$char_traits@D@std@@V?$allocator@D@2@@std@@V?$allocator@V?$basic_string@DU?$char_traits@D@std@@V?$allocator@D@2@@std@@@2@@std@@QEAA@AEBV01@@Z 0000000180002fd0 f i Persist.obj
 0001:00002060       ??4?$shared_ptr@VAbstractXmlElement@XmlProcessing@@@std@@QEAAAEAV01@$$QEAV01@@Z 0000000180003060 f i Persist.obj
 0001:000020e0       ?_Tidy_deallocate@?$basic_string@DU?$char_traits@D@std@@V?$allocator@D@2@@std@@QEAAXXZ 00000001800030e0 f i Persist.obj
 0001:000020e0       ??1?$basic_string@DU?$char_traits@D@std@@V?$allocator@D@2@@std@@QEAA@XZ 00000001800030e0 f i Persist.obj
 0001:00002140       ??0?$basic_string@DU?$char_traits@D@std@@V?$allocator@D@2@@std@@QEAA@AEBV01@@Z 0000000180003140 f i Persist.obj
 0001:00002220       ?_Tidy@?$vector@V?$basic_string@DU?$char_traits@D@std@@V?$allocator@D@2@@std@@V?$allocator@V?$basic_string@DU?$char_traits@D@std@@V?$allocator@D@2@@std@@@2@@std@@AEAAXXZ 0000000180003220 f i Persist.obj
 0001:00002290       ?_Buy@?$vector@V?$basic_string@DU?$char_traits@D@std@@V?$allocator@D@2@@std@@V?$allocator@V?$basic_string@DU?$char_traits@D@std@@V?$allocator@D@2@@std@@@2@@std@@AEAA_N_K@Z 0000000180003290 f i Persist.obj
 0001:00002330       ?assign@?$basic_string@DU?$char_traits@D@std@@V?$allocator@D@2@@std@@QEAAAEAV12@QEBD_K@Z 0000000180003330 f i Persist.obj
 0001:00002480       ?append@?$basic_string@DU?$char_traits@D@std@@V?$allocator@D@2@@std@@QEAAAEAV12@QEBD_K@Z 0000000180003480 f i Persist.obj
 0001:00002500       ?_Xlength@?$vector@U_Loop_vals_t@std@@V?$allocator@U_Loop_vals_t@std@@@2@@std@@CAXXZ 0000000180003500 f i version.obj
 0001:00002500       ?_Xlength@?$vector@V?$basic_string@DU?$char_traits@D@std@@V?$allocator@D@2@@std@@V?$allocator@V?$basic_string@DU?$char_traits@D@std@@V?$allocator@D@2@@std@@@2@@std@@CAXXZ 0000000180003500 f i Persist.obj
 0001:00002500       ?_Xlength@?$vector@U_Grp_t@?$_Tgt_state_t@PEBD@std@@V?$allocator@U_Grp_t@?$_Tgt_state_t@PEBD@std@@@3@@std@@CAXXZ 0000000180003500 f i version.obj
 0001:00002500       ?_Xlength@?$vector@DV?$allocator@D@std@@@std@@CAXXZ 0000000180003500 f i version.obj
 0001:00002500       ?_Xlength@?$vector@U?$pair@V?$basic_string@DU?$char_traits@D@std@@V?$allocator@D@2@@std@@V12@@std@@V?$allocator@U?$pair@V?$basic_string@DU?$char_traits@D@std@@V?$allocator@D@2@@std@@V12@@std@@@2@@std@@CAXXZ 0000000180003500 f i XmlParser.obj
 0001:00002500       ?_Xlength@?$vector@V?$shared_ptr@VAbstractXmlElement@XmlProcessing@@@std@@V?$allocator@V?$shared_ptr@VAbstractXmlElement@XmlProcessing@@@std@@@2@@std@@CAXXZ 0000000180003500 f i XmlElement.obj
 0001:00002500       ?_Xlength@?$vector@V?$_List_unchecked_iterator@V?$_List_val@U?$_List_simple_types@U?$pair@$$CBV?$basic_string@DU?$char_traits@D@std@@V?$allocator@D@2@@std@@Vpayload@@@std@@@std@@@std@@@std@@V?$allocator@V?$_List_unchecked_iterator@V?$_List_val@U?$_List_simple_types@U?$pair@$$CBV?$basic_string@DU?$char_traits@D@std@@V?$allocator@D@2@@std@@Vpayload@@@std@@@std@@@std@@@std@@@2@@std@@CAXXZ 0000000180003500 f i projAPI.obj
 0001:00002500       ?_Xlength@?$vector@IV?$allocator@I@std@@@std@@CAXXZ 0000000180003500 f i version.obj
 0001:00002520       ?_Destroy@?$vector@V?$basic_string@DU?$char_traits@D@std@@V?$allocator@D@2@@std@@V?$allocator@V?$basic_string@DU?$char_traits@D@std@@V?$allocator@D@2@@std@@@2@@std@@AEAAXPEAV?$basic_string@DU?$char_traits@D@std@@V?$allocator@D@2@@2@0@Z 0000000180003520 f i Persist.obj
 0001:000025b0       ?_Destroy@?$vector@V?$shared_ptr@VAbstractXmlElement@XmlProcessing@@@std@@V?$allocator@V?$shared_ptr@VAbstractXmlElement@XmlProcessing@@@std@@@2@@std@@AEAAXPEAV?$shared_ptr@VAbstractXmlElement@XmlProcessing@@@2@0@Z 00000001800035b0 f i Persist.obj
 0001:000027b0       ??$_Allocate@$0BA@U_Default_allocate_traits@std@@$0A@@std@@YAPEAX_K@Z 00000001800037b0 f i Persist.obj
 0001:00002810       ??0sentry@?$basic_ostream@DU?$char_traits@D@std@@@std@@QEAA@AEAV12@@Z 0000000180003810 f i Persist.obj
 0001:00002880       ?_Xlen@?$basic_string@DU?$char_traits@D@std@@V?$allocator@D@2@@std@@SAXXZ 0000000180003880 f i Persist.obj
 0001:000028a0       ?flush@?$basic_ostream@DU?$char_traits@D@std@@@std@@QEAAAEAV12@XZ 00000001800038a0 f i Persist.obj
 0001:00002a90       ??$_Immortalize_impl@V_Iostream_error_category@std@@@std@@YAHPEAX0PEAPEAX@Z 0000000180003a90 f i Persist.obj
 0001:00002ab0       ?NODE_SET_METHOD@node@@YAXV?$Local@VObject@v8@@@v8@@PEBDP6AXAEBV?$FunctionCallbackInfo@VValue@v8@@@3@@Z@Z 0000000180003ab0 f i projAPI.obj
 0001:00002b80       ??0payload@@QEAA@XZ        0000000180003b80 f i projAPI.obj
 0001:00002c80       ??1?$_Hash@V?$_Umap_traits@V?$basic_string@DU?$char_traits@D@std@@V?$allocator@D@2@@std@@Vpayload@@V?$_Uhash_compare@V?$basic_string@DU?$char_traits@D@std@@V?$allocator@D@2@@std@@U?$hash@V?$basic_string@DU?$char_traits@D@std@@V?$allocator@D@2@@std@@@2@U?$equal_to@V?$basic_string@DU?$char_traits@D@std@@V?$allocator@D@2@@std@@@2@@2@V?$allocator@U?$pair@$$CBV?$basic_string@DU?$char_traits@D@std@@V?$allocator@D@2@@std@@Vpayload@@@std@@@2@$0A@@std@@@std@@QEAA@XZ 0000000180003c80 f i projAPI.obj
 0001:00002da0       ?init@@YAXV?$Local@VObject@v8@@@v8@@0@Z 0000000180003da0 f   projAPI.obj
 0001:00002e10       ?Method@@YAXAEBV?$FunctionCallbackInfo@VValue@v8@@@v8@@@Z 0000000180003e10 f   projAPI.obj
 0001:00002f00       ?checkinMethod@@YAXAEBV?$FunctionCallbackInfo@VValue@v8@@@v8@@@Z 0000000180003f00 f   projAPI.obj
 0001:000031a0       ?getDBMethod@@YAXAEBV?$FunctionCallbackInfo@VValue@v8@@@v8@@@Z 00000001800041a0 f   projAPI.obj
 0001:00003460       ?_Init@?$_Hash@V?$_Umap_traits@V?$basic_string@DU?$char_traits@D@std@@V?$allocator@D@2@@std@@Vpayload@@V?$_Uhash_compare@V?$basic_string@DU?$char_traits@D@std@@V?$allocator@D@2@@std@@U?$hash@V?$basic_string@DU?$char_traits@D@std@@V?$allocator@D@2@@std@@@2@U?$equal_to@V?$basic_string@DU?$char_traits@D@std@@V?$allocator@D@2@@std@@@2@@2@V?$allocator@U?$pair@$$CBV?$basic_string@DU?$char_traits@D@std@@V?$allocator@D@2@@std@@Vpayload@@@std@@@2@$0A@@std@@@std@@IEAAX_K@Z 0000000180004460 f i projAPI.obj
 0001:00003600       ?assign@?$vector@V?$_List_unchecked_iterator@V?$_List_val@U?$_List_simple_types@U?$pair@$$CBV?$basic_string@DU?$char_traits@D@std@@V?$allocator@D@2@@std@@Vpayload@@@std@@@std@@@std@@@std@@V?$allocator@V?$_List_unchecked_iterator@V?$_List_val@U?$_List_simple_types@U?$pair@$$CBV?$basic_string@DU?$char_traits@D@std@@V?$allocator@D@2@@std@@Vpayload@@@std@@@std@@@std@@@std@@@2@@std@@QEAAX_KAEBV?$_List_unchecked_iterator@V?$_List_val@U?$_List_simple_types@U?$pair@$$CBV?$basic_string@DU?$char_traits@D@std@@V?$allocator@D@2@@std@@Vpayload@@@std@@@std@@@std@@@2@@Z 0000000180004600 f i projAPI.obj
 0001:000037c0       ?_Freenode@?$_List_buy@U?$pair@$$CBV?$basic_string@DU?$char_traits@D@std@@V?$allocator@D@2@@std@@Vpayload@@@std@@V?$allocator@U?$pair@$$CBV?$basic_string@DU?$char_traits@D@std@@V?$allocator@D@2@@std@@Vpayload@@@std@@@2@@std@@QEAAXPEAU?$_List_node@U?$pair@$$CBV?$basic_string@DU?$char_traits@D@std@@V?$allocator@D@2@@std@@Vpayload@@@std@@PEAX@2@@Z 00000001800047c0 f i projAPI.obj
 0001:00003840       ??$_Fill_unchecked@PEAV?$_List_unchecked_iterator@V?$_List_val@U?$_List_simple_types@U?$pair@$$CBV?$basic_string@DU?$char_traits@D@std@@V?$allocator@D@2@@std@@Vpayload@@@std@@@std@@@std@@@std@@V12@@std@@YAXPEAV?$_List_unchecked_iterator@V?$_List_val@U?$_List_simple_types@U?$pair@$$CBV?$basic_string@DU?$char_traits@D@std@@V?$allocator@D@2@@std@@Vpayload@@@std@@@std@@@std@@@0@0AEBV10@@Z 0000000180004840 f i projAPI.obj
 0001:000038e0       ??4?$basic_string@DU?$char_traits@D@std@@V?$allocator@D@2@@std@@QEAAAEAV01@$$QEAV01@@Z 00000001800048e0 f i rainfall.obj
 0001:00003970       ?unpackpayload@unpack@@QEAA?AVpayload@@PEAVIsolate@v8@@V?$Local@VObject@v8@@@4@@Z 0000000180004970 f   addon.obj
 0001:00004260       ??$_Emplace_reallocate@AEBV?$basic_string@DU?$char_traits@D@std@@V?$allocator@D@2@@std@@@?$vector@V?$basic_string@DU?$char_traits@D@std@@V?$allocator@D@2@@std@@V?$allocator@V?$basic_string@DU?$char_traits@D@std@@V?$allocator@D@2@@std@@@2@@std@@QEAAPEAV?$basic_string@DU?$char_traits@D@std@@V?$allocator@D@2@@1@QEAV21@AEBV21@@Z 0000000180005260 f i addon.obj
 0001:00004440       ?_Umove@?$vector@V?$basic_string@DU?$char_traits@D@std@@V?$allocator@D@2@@std@@V?$allocator@V?$basic_string@DU?$char_traits@D@std@@V?$allocator@D@2@@std@@@2@@std@@AEAAPEAV?$basic_string@DU?$char_traits@D@std@@V?$allocator@D@2@@2@PEAV32@00@Z 0000000180005440 f i addon.obj
 0001:000044a0       ??$_Assign_range@PEAV?$basic_string@DU?$char_traits@D@std@@V?$allocator@D@2@@std@@@?$vector@V?$basic_string@DU?$char_traits@D@std@@V?$allocator@D@2@@std@@V?$allocator@V?$basic_string@DU?$char_traits@D@std@@V?$allocator@D@2@@std@@@2@@std@@AEAAXPEAV?$basic_string@DU?$char_traits@D@std@@V?$allocator@D@2@@1@0Uforward_iterator_tag@1@@Z 00000001800054a0 f i addon.obj
 0001:00004620       ??$_Copy_unchecked@PEAV?$basic_string@DU?$char_traits@D@std@@V?$allocator@D@2@@std@@PEAV12@@std@@YAPEAV?$basic_string@DU?$char_traits@D@std@@V?$allocator@D@2@@0@PEAV10@00@Z 0000000180005620 f i addon.obj
 0001:00004680       ?addtodb@dbcore@@QEAAXAEAV?$basic_string@DU?$char_traits@D@std@@V?$allocator@D@2@@std@@Vpayload@@@Z 0000000180005680 f   dbcore.obj
 0001:000047b0       ?contains@dbcore@@QEAA_NV?$basic_string@DU?$char_traits@D@std@@V?$allocator@D@2@@std@@@Z 00000001800057b0 f   dbcore.obj
 0001:000049b0       ??$_Try_emplace@AEBV?$basic_string@DU?$char_traits@D@std@@V?$allocator@D@2@@std@@$$V@?$unordered_map@V?$basic_string@DU?$char_traits@D@std@@V?$allocator@D@2@@std@@Vpayload@@U?$hash@V?$basic_string@DU?$char_traits@D@std@@V?$allocator@D@2@@std@@@2@U?$equal_to@V?$basic_string@DU?$char_traits@D@std@@V?$allocator@D@2@@std@@@2@V?$allocator@U?$pair@$$CBV?$basic_string@DU?$char_traits@D@std@@V?$allocator@D@2@@std@@Vpayload@@@std@@@2@@std@@QEAA?AU?$pair@V?$_List_iterator@V?$_List_val@U?$_List_simple_types@U?$pair@$$CBV?$basic_string@DU?$char_traits@D@std@@V?$allocator@D@2@@std@@Vpayload@@@std@@@std@@@std@@@std@@_N@1@AEBV?$basic_string@DU?$char_traits@D@std@@V?$allocator@D@2@@1@@Z 00000001800059b0 f i dbcore.obj
 0001:00004bd0       ??$_Insert@AEAU?$pair@$$CBV?$basic_string@DU?$char_traits@D@std@@V?$allocator@D@2@@std@@Vpayload@@@std@@V?$_List_unchecked_iterator@V?$_List_val@U?$_List_simple_types@U?$pair@$$CBV?$basic_string@DU?$char_traits@D@std@@V?$allocator@D@2@@std@@Vpayload@@@std@@@std@@@std@@@2@@?$_Hash@V?$_Umap_traits@V?$basic_string@DU?$char_traits@D@std@@V?$allocator@D@2@@std@@Vpayload@@V?$_Uhash_compare@V?$basic_string@DU?$char_traits@D@std@@V?$allocator@D@2@@std@@U?$hash@V?$basic_string@DU?$char_traits@D@std@@V?$allocator@D@2@@std@@@2@U?$equal_to@V?$basic_string@DU?$char_traits@D@std@@V?$allocator@D@2@@std@@@2@@2@V?$allocator@U?$pair@$$CBV?$basic_string@DU?$char_traits@D@std@@V?$allocator@D@2@@std@@Vpayload@@@std@@@2@$0A@@std@@@std@@IEAA?AU?$pair@V?$_List_iterator@V?$_List_val@U?$_List_simple_types@U?$pair@$$CBV?$basic_string@DU?$char_traits@D@std@@V?$allocator@D@2@@std@@Vpayload@@@std@@@std@@@std@@@std@@_N@1@AEAU?$pair@$$CBV?$basic_string@DU?$char_traits@D@std@@V?$allocator@D@2@@std@@Vpayload@@@1@V?$_List_unchecked_iterator@V?$_List_val@U?$_List_simple_types@U?$pair@$$CBV?$basic_string@DU?$char_traits@D@std@@V?$allocator@D@2@@std@@Vpayload@@@std@@@std@@@std@@@1@@Z 0000000180005bd0 f i dbcore.obj
 0001:00004e30       ??0runtime_error@std@@QEAA@PEBD@Z 0000000180005e30 f i checkin.obj
 0001:00004e50       ??1_Locinfo@std@@QEAA@XZ   0000000180005e50 f i checkin.obj
 0001:00004ef0       ??_E_Facet_base@std@@UEAAPEAXI@Z 0000000180005ef0 f i * CIL library *:* CIL module *
 0001:00004ef0       ??_G_Facet_base@std@@UEAAPEAXI@Z 0000000180005ef0 f i checkin.obj
 0001:00004f20       ?_Incref@facet@locale@std@@UEAAXXZ 0000000180005f20 f i checkin.obj
 0001:00004f30       ?_Decref@facet@locale@std@@UEAAPEAV_Facet_base@3@XZ 0000000180005f30 f i checkin.obj
 0001:00004f40       DllMain                    0000000180005f40 f i LIBCMT:dll_dllmain_stub.obj
 0001:00004f40       ?do_encoding@codecvt_base@std@@MEBAHXZ 0000000180005f40 f i checkin.obj
 0001:00004f40       _get_startup_argv_mode     0000000180005f40 f i LIBCMT:argv_mode.obj
 0001:00004f40       ?do_max_length@codecvt_base@std@@MEBAHXZ 0000000180005f40 f i checkin.obj
 0001:00004f50       ?do_tolower@?$ctype@D@std@@MEBADD@Z 0000000180005f50 f i checkin.obj
 0001:00004f60       ?do_tolower@?$ctype@D@std@@MEBAPEBDPEADPEBD@Z 0000000180005f60 f i checkin.obj
 0001:00004fc0       ?do_toupper@?$ctype@D@std@@MEBADD@Z 0000000180005fc0 f i checkin.obj
 0001:00004fd0       ?do_toupper@?$ctype@D@std@@MEBAPEBDPEADPEBD@Z 0000000180005fd0 f i checkin.obj
 0001:00005030       ?do_narrow@?$ctype@D@std@@MEBADDD@Z 0000000180006030 f i checkin.obj
 0001:00005030       ?do_widen@?$ctype@D@std@@MEBADD@Z 0000000180006030 f i checkin.obj
 0001:00005040       ?do_widen@?$ctype@D@std@@MEBAPEBDPEBD0PEAD@Z 0000000180006040 f i checkin.obj
 0001:00005060       ?do_narrow@?$ctype@D@std@@MEBAPEBDPEBD0DPEAD@Z 0000000180006060 f i checkin.obj
 0001:00005080       ??_G?$ctype@D@std@@MEAAPEAXI@Z 0000000180006080 f i checkin.obj
 0001:00005080       ??_E?$ctype@D@std@@MEAAPEAXI@Z 0000000180006080 f i * CIL library *:* CIL module *
 0001:000050f0       ??_Eios_base@std@@UEAAPEAXI@Z 00000001800060f0 f i * CIL library *:* CIL module *
 0001:000050f0       ??_Gios_base@std@@UEAAPEAXI@Z 00000001800060f0 f i checkin.obj
 0001:00005130       ?makecheckin@checkin@@QEAA_NVpayload@@@Z 0000000180006130 f   checkin.obj
 0001:000069f0       ??_D?$basic_ofstream@DU?$char_traits@D@std@@@std@@QEAAXXZ 00000001800079f0 f i checkin.obj
 0001:00006a80       ??0?$basic_string@DU?$char_traits@D@std@@V?$allocator@D@2@@std@@QEAA@_KD@Z 0000000180007a80 f i checkin.obj
 0001:00006bf0       ?close@?$basic_ofstream@DU?$char_traits@D@std@@@std@@QEAAXXZ 0000000180007bf0 f i checkin.obj
 0001:00006cc0       ?imbue@?$basic_filebuf@DU?$char_traits@D@std@@@std@@MEAAXAEBVlocale@2@@Z 0000000180007cc0 f i checkin.obj
 0001:00006cf0       ?sync@?$basic_filebuf@DU?$char_traits@D@std@@@std@@MEAAHXZ 0000000180007cf0 f i checkin.obj
 0001:00006d40       ?setbuf@?$basic_filebuf@DU?$char_traits@D@std@@@std@@MEAAPEAV?$basic_streambuf@DU?$char_traits@D@std@@@2@PEAD_J@Z 0000000180007d40 f i checkin.obj
 0001:00006da0       ?seekpos@?$basic_filebuf@DU?$char_traits@D@std@@@std@@MEAA?AV?$fpos@U_Mbstatet@@@2@V32@H@Z 0000000180007da0 f i checkin.obj
 0001:00006e80       ?seekoff@?$basic_filebuf@DU?$char_traits@D@std@@@std@@MEAA?AV?$fpos@U_Mbstatet@@@2@_JHH@Z 0000000180007e80 f i checkin.obj
 0001:00006f70       ?uflow@?$basic_filebuf@DU?$char_traits@D@std@@@std@@MEAAHXZ 0000000180007f70 f i checkin.obj
 0001:000072b0       ?underflow@?$basic_filebuf@DU?$char_traits@D@std@@@std@@MEAAHXZ 00000001800082b0 f i checkin.obj
 0001:000073e0       ?pbackfail@?$basic_filebuf@DU?$char_traits@D@std@@@std@@MEAAHH@Z 00000001800083e0 f i checkin.obj
 0001:000074d0       ?overflow@?$basic_filebuf@DU?$char_traits@D@std@@@std@@MEAAHH@Z 00000001800084d0 f i checkin.obj
 0001:00007780       ?_Unlock@?$basic_filebuf@DU?$char_traits@D@std@@@std@@UEAAXXZ 0000000180008780 f i checkin.obj
 0001:000077a0       ?_Lock@?$basic_filebuf@DU?$char_traits@D@std@@@std@@UEAAXXZ 00000001800087a0 f i checkin.obj
 0001:000077c0       ??1?$basic_filebuf@DU?$char_traits@D@std@@@std@@UEAA@XZ 00000001800087c0 f i checkin.obj
 0001:00007870       ?_Get_deleter@_Ref_count_base@std@@UEBAPEAXAEBVtype_info@@@Z 0000000180008870 f i XmlElement.obj
 0001:00007870       ?sync@?$basic_streambuf@DU?$char_traits@D@std@@@std@@MEAAHXZ 0000000180008870 f i checkin.obj
 0001:00007870       ?showmanyc@?$basic_streambuf@DU?$char_traits@D@std@@@std@@MEAA_JXZ 0000000180008870 f i checkin.obj
 0001:00007880       ?setbuf@?$basic_streambuf@DU?$char_traits@D@std@@@std@@MEAAPEAV12@PEAD_J@Z 0000000180008880 f i checkin.obj
 0001:00007890       ?seekoff@?$basic_streambuf@DU?$char_traits@D@std@@@std@@MEAA?AV?$fpos@U_Mbstatet@@@2@_JHH@Z 0000000180008890 f i checkin.obj
 0001:00007890       ?seekpos@?$basic_streambuf@DU?$char_traits@D@std@@@std@@MEAA?AV?$fpos@U_Mbstatet@@@2@V32@H@Z 0000000180008890 f i checkin.obj
 0001:000078b0       ?xsputn@?$basic_streambuf@DU?$char_traits@D@std@@@std@@MEAA_JPEBD_J@Z 00000001800088b0 f i checkin.obj
 0001:00007980       ?xsgetn@?$basic_streambuf@DU?$char_traits@D@std@@@std@@MEAA_JPEAD_J@Z 0000000180008980 f i checkin.obj
 0001:00007a40       ?uflow@?$basic_streambuf@DU?$char_traits@D@std@@@std@@MEAAHXZ 0000000180008a40 f i checkin.obj
 0001:00007a80       ?underflow@?$basic_streambuf@DU?$char_traits@D@std@@@std@@MEAAHXZ 0000000180008a80 f i checkin.obj
 0001:00007a80       ?pbackfail@?$basic_streambuf@DU?$char_traits@D@std@@@std@@MEAAHH@Z 0000000180008a80 f i checkin.obj
 0001:00007a80       ?overflow@?$basic_streambuf@DU?$char_traits@D@std@@@std@@MEAAHH@Z 0000000180008a80 f i checkin.obj
 0001:00007a90       ??_E?$basic_ofstream@DU?$char_traits@D@std@@@std@@UEAAPEAXI@Z 0000000180008a90 f i * CIL library *:* CIL module *
 0001:00007a90       ??_G?$basic_ofstream@DU?$char_traits@D@std@@@std@@UEAAPEAXI@Z 0000000180008a90 f i checkin.obj
 0001:00007ad0       ??_G?$basic_filebuf@DU?$char_traits@D@std@@@std@@UEAAPEAXI@Z 0000000180008ad0 f i checkin.obj
 0001:00007ad0       ??_E?$basic_filebuf@DU?$char_traits@D@std@@@std@@UEAAPEAXI@Z 0000000180008ad0 f i * CIL library *:* CIL module *
 0001:00007b10       ??_E?$basic_ostream@DU?$char_traits@D@std@@@std@@UEAAPEAXI@Z 0000000180008b10 f i * CIL library *:* CIL module *
 0001:00007b10       ??_G?$basic_ostream@DU?$char_traits@D@std@@@std@@UEAAPEAXI@Z 0000000180008b10 f i checkin.obj
 0001:00007b80       ??_G?$basic_streambuf@DU?$char_traits@D@std@@@std@@UEAAPEAXI@Z 0000000180008b80 f i checkin.obj
 0001:00007b80       ??_E?$basic_streambuf@DU?$char_traits@D@std@@@std@@UEAAPEAXI@Z 0000000180008b80 f i * CIL library *:* CIL module *
 0001:00007c00       ??_E?$basic_ios@DU?$char_traits@D@std@@@std@@UEAAPEAXI@Z 0000000180008c00 f i * CIL library *:* CIL module *
 0001:00007c00       ??_G?$basic_ios@DU?$char_traits@D@std@@@std@@UEAAPEAXI@Z 0000000180008c00 f i checkin.obj
 0001:00007c40       ?do_length@?$codecvt@DDU_Mbstatet@@@std@@MEBAHAEAU_Mbstatet@@PEBD1_K@Z 0000000180008c40 f i checkin.obj
 0001:00007c60       ?do_unshift@?$codecvt@DDU_Mbstatet@@@std@@MEBAHAEAU_Mbstatet@@PEAD1AEAPEAD@Z 0000000180008c60 f i checkin.obj
 0001:00007c70       ?do_out@?$codecvt@DDU_Mbstatet@@@std@@MEBAHAEAU_Mbstatet@@PEBD1AEAPEBDPEAD3AEAPEAD@Z 0000000180008c70 f i checkin.obj
 0001:00007c70       ?do_in@?$codecvt@DDU_Mbstatet@@@std@@MEBAHAEAU_Mbstatet@@PEBD1AEAPEBDPEAD3AEAPEAD@Z 0000000180008c70 f i checkin.obj
 0001:00007c90       __acrt_uninitialize_command_line 0000000180008c90 f i libucrt:argv_data.obj
 0001:00007c90       ?do_always_noconv@?$codecvt@DDU_Mbstatet@@@std@@MEBA_NXZ 0000000180008c90 f i checkin.obj
 0001:00007ca0       ?append@?$basic_string@DU?$char_traits@D@std@@V?$allocator@D@2@@std@@QEAAAEAV12@_KD@Z 0000000180008ca0 f i checkin.obj
 0001:00007d30       ?_Reset_back@?$basic_filebuf@DU?$char_traits@D@std@@@std@@AEAAXXZ 0000000180008d30 f i checkin.obj
 0001:00007d60       ?_Initcvt@?$basic_filebuf@DU?$char_traits@D@std@@@std@@IEAAXAEBV?$codecvt@DDU_Mbstatet@@@2@@Z 0000000180008d60 f i checkin.obj
 0001:00007e00       ?_Endwrite@?$basic_filebuf@DU?$char_traits@D@std@@@std@@IEAA_NXZ 0000000180008e00 f i checkin.obj
 0001:00008000       ?_Init@?$basic_filebuf@DU?$char_traits@D@std@@@std@@IEAAXPEAU_iobuf@@W4_Initfl@12@@Z 0000000180009000 f i checkin.obj
 0001:000080f0       ?close@?$basic_filebuf@DU?$char_traits@D@std@@@std@@QEAAPEAV12@XZ 00000001800090f0 f i checkin.obj
 0001:000081c0       ?open@?$basic_filebuf@DU?$char_traits@D@std@@@std@@QEAAPEAV12@PEBDHH@Z 00000001800091c0 f i checkin.obj
 0001:00008270       ??0?$basic_ostream@DU?$char_traits@D@std@@@std@@QEAA@PEAV?$basic_streambuf@DU?$char_traits@D@std@@@1@_N@Z 0000000180009270 f i checkin.obj
 0001:000082e0       ??_E?$codecvt@DDU_Mbstatet@@@std@@MEAAPEAXI@Z 00000001800092e0 f i * CIL library *:* CIL module *
 0001:000082e0       ??_G?$codecvt@DDU_Mbstatet@@@std@@MEAAPEAXI@Z 00000001800092e0 f i checkin.obj
 0001:00008310       ??0?$basic_streambuf@DU?$char_traits@D@std@@@std@@IEAA@XZ 0000000180009310 f i checkin.obj
 0001:000083b0       ?init@?$basic_ios@DU?$char_traits@D@std@@@std@@IEAAXPEAV?$basic_streambuf@DU?$char_traits@D@std@@@2@_N@Z 00000001800093b0 f i checkin.obj
 0001:000084f0       ?_Xran@?$_String_val@U?$_Simple_types@D@std@@@std@@SAXXZ 00000001800094f0 f i checkin.obj
 0001:00008510       ?widen@?$basic_ios@DU?$char_traits@D@std@@@std@@QEBADD@Z 0000000180009510 f i checkin.obj
 0001:00008590       ??$use_facet@V?$ctype@D@std@@@std@@YAAEBV?$ctype@D@0@AEBVlocale@0@@Z 0000000180009590 f i checkin.obj
 0001:000087a0       ??$use_facet@V?$codecvt@DDU_Mbstatet@@@std@@@std@@YAAEBV?$codecvt@DDU_Mbstatet@@@0@AEBVlocale@0@@Z 00000001800097a0 f i checkin.obj
 0001:00008b10       ?reserve@?$basic_string@DU?$char_traits@D@std@@V?$allocator@D@2@@std@@QEAAX_K@Z 0000000180009b10 f i checkin.obj
 0001:00008cd0       ?insert@?$basic_string@DU?$char_traits@D@std@@V?$allocator@D@2@@std@@QEAAAEAV12@_KQEBD0@Z 0000000180009cd0 f i checkin.obj
 0001:00008dc0       ??$_UIntegral_to_buff@DI@std@@YAPEADPEADI@Z 0000000180009dc0 f i checkin.obj
 0001:00008e00       ??$_Insert_string@DU?$char_traits@D@std@@_K@std@@YAAEAV?$basic_ostream@DU?$char_traits@D@std@@@0@AEAV10@QEBD_K@Z 0000000180009e00 f i checkin.obj
 0001:0000938c       ??_E?$basic_ostream@DU?$char_traits@D@std@@@std@@$4PPPPPPPM@A@EAAPEAXI@Z 000000018000a38c f i checkin.obj
 0001:00009398       ??_E?$basic_ofstream@DU?$char_traits@D@std@@@std@@$4PPPPPPPM@A@EAAPEAXI@Z 000000018000a398 f i checkin.obj
 0001:000093b0       ??_E_Node_endif@std@@UEAAPEAXI@Z 000000018000a3b0 f i * CIL library *:* CIL module *
 0001:000093b0       ??_G_Node_base@std@@UEAAPEAXI@Z 000000018000a3b0 f i version.obj
 0001:000093b0       ??_G_Node_endif@std@@UEAAPEAXI@Z 000000018000a3b0 f i version.obj
 0001:000093b0       ??_E_Node_base@std@@UEAAPEAXI@Z 000000018000a3b0 f i * CIL library *:* CIL module *
 0001:000093e0       ??_E_Root_node@std@@UEAAPEAXI@Z 000000018000a3e0 f i * CIL library *:* CIL module *
 0001:000093e0       ??_G_Root_node@std@@UEAAPEAXI@Z 000000018000a3e0 f i version.obj
 0001:00009410       ??_G_Node_capture@std@@UEAAPEAXI@Z 000000018000a410 f i version.obj
 0001:00009410       ??_E_Node_end_rep@std@@UEAAPEAXI@Z 000000018000a410 f i * CIL library *:* CIL module *
 0001:00009410       ??_G_Node_end_group@std@@UEAAPEAXI@Z 000000018000a410 f i version.obj
 0001:00009410       ??_G_Node_end_rep@std@@UEAAPEAXI@Z 000000018000a410 f i version.obj
 0001:00009410       ??_E_Node_back@std@@UEAAPEAXI@Z 000000018000a410 f i * CIL library *:* CIL module *
 0001:00009410       ??_E_Node_capture@std@@UEAAPEAXI@Z 000000018000a410 f i * CIL library *:* CIL module *
 0001:00009410       ??_E_Node_end_group@std@@UEAAPEAXI@Z 000000018000a410 f i * CIL library *:* CIL module *
 0001:00009410       ??_G_Node_back@std@@UEAAPEAXI@Z 000000018000a410 f i version.obj
 0001:00009440       ??_E_Node_assert@std@@UEAAPEAXI@Z 000000018000a440 f i * CIL library *:* CIL module *
 0001:00009440       ??_G_Node_assert@std@@UEAAPEAXI@Z 000000018000a440 f i version.obj
 0001:000094d0       ??_G_Node_if@std@@UEAAPEAXI@Z 000000018000a4d0 f i version.obj
 0001:000094d0       ??_E_Node_if@std@@UEAAPEAXI@Z 000000018000a4d0 f i * CIL library *:* CIL module *
 0001:00009590       ??_E_Node_rep@std@@UEAAPEAXI@Z 000000018000a590 f i * CIL library *:* CIL module *
 0001:00009590       ??_G_Node_rep@std@@UEAAPEAXI@Z 000000018000a590 f i version.obj
 0001:000095c0       ?_Calculate_loop_simplicity@std@@YAXPEAV_Node_base@1@0PEAV_Node_rep@1@@Z 000000018000a5c0 f i version.obj
 0001:000096b0       ?getlatest@version@@QEAAHV?$basic_string@DU?$char_traits@D@std@@V?$allocator@D@2@@std@@@Z 000000018000a6b0 f   version.obj
 0001:00009de0       ?_Tidy@?$basic_regex@DV?$regex_traits@D@std@@@std@@AEAAXXZ 000000018000ade0 f i version.obj
 0001:00009e50       ?do_hash@?$collate@D@std@@MEBAJPEBD0@Z 000000018000ae50 f i version.obj
 0001:00009ea0       ?do_transform@?$collate@D@std@@MEBA?AV?$basic_string@DU?$char_traits@D@std@@V?$allocator@D@2@@2@PEBD0@Z 000000018000aea0 f i version.obj
 0001:00009fa0       ?do_compare@?$collate@D@std@@MEBAHPEBD000@Z 000000018000afa0 f i version.obj
 0001:00009ff0       ??_G?$collate@D@std@@MEAAPEAXI@Z 000000018000aff0 f i version.obj
 0001:00009ff0       ??_E?$collate@D@std@@MEAAPEAXI@Z 000000018000aff0 f i * CIL library *:* CIL module *
 0001:0000a040       ??$_Reset@V?$_String_const_iterator@V?$_String_val@U?$_Simple_types@D@std@@@std@@@std@@@?$basic_regex@DV?$regex_traits@D@std@@@std@@AEAAXV?$_String_const_iterator@V?$_String_val@U?$_Simple_types@D@std@@@std@@@1@0W4syntax_option_type@regex_constants@1@Uforward_iterator_tag@1@@Z 000000018000b040 f i version.obj
 0001:0000a240       ??$_Regex_search1@PEBDV?$allocator@V?$sub_match@PEBD@std@@@std@@DV?$regex_traits@D@2@PEBD@std@@YA_NPEBD0PEAV?$match_results@PEBDV?$allocator@V?$sub_match@PEBD@std@@@std@@@0@AEBV?$basic_regex@DV?$regex_traits@D@std@@@0@W4match_flag_type@regex_constants@0@0@Z 000000018000b240 f i version.obj
 0001:0000a510       ??1?$_Tgt_state_t@PEBD@std@@QEAA@XZ 000000018000b510 f i version.obj
 0001:0000a5c0       ?_Getcat@?$collate@D@std@@SA_KPEAPEBVfacet@locale@2@PEBV42@@Z 000000018000b5c0 f i version.obj
 0001:0000a830       ?_Skip@?$_Matcher@PEBDDV?$regex_traits@D@std@@PEBD@std@@QEAAPEBDPEBD0PEAV_Node_base@2@@Z 000000018000b830 f i version.obj
 0001:0000ace0       ?resize@?$vector@_NV?$allocator@_N@std@@@std@@QEAAX_K_N@Z 000000018000bce0 f i version.obj
 0001:0000af20       ?translate@?$_Regex_traits@D@std@@QEBADD@Z 000000018000bf20 f i version.obj
 0001:0000afd0       ??_E?$_Node_class@DV?$regex_traits@D@std@@@std@@UEAAPEAXI@Z 000000018000bfd0 f i * CIL library *:* CIL module *
 0001:0000afd0       ??_G?$_Node_class@DV?$regex_traits@D@std@@@std@@UEAAPEAXI@Z 000000018000bfd0 f i version.obj
 0001:0000b0e0       ?erase@?$vector@_NV?$allocator@_N@std@@@std@@QEAA?AV?$_Vb_iterator@U?$_Wrap_alloc@V?$allocator@I@std@@@std@@@2@V?$_Vb_const_iterator@U?$_Wrap_alloc@V?$allocator@I@std@@@std@@@2@0@Z 000000018000c0e0 f i version.obj
 0001:0000b380       ?transform@?$collate@D@std@@QEBA?AV?$basic_string@DU?$char_traits@D@std@@V?$allocator@D@2@@2@PEBD0@Z 000000018000c380 f i version.obj
 0001:0000b4b0       ?_Xlen@?$vector@_NV?$allocator@_N@std@@@std@@QEBAXXZ 000000018000c4b0 f i version.obj
 0001:0000b4d0       ?_Insert_x@?$vector@_NV?$allocator@_N@std@@@std@@QEAA_KV?$_Vb_const_iterator@U?$_Wrap_alloc@V?$allocator@I@std@@@std@@@2@_K@Z 000000018000c4d0 f i version.obj
 0001:0000b6e0       ?_Buy@?$vector@IV?$allocator@I@std@@@std@@AEAA_N_K@Z 000000018000c6e0 f i version.obj
 0001:0000b790       ?_Error@?$_Parser@V?$_String_const_iterator@V?$_String_val@U?$_Simple_types@D@std@@@std@@@std@@DV?$regex_traits@D@2@@std@@AEAAXW4error_type@regex_constants@2@@Z 000000018000c790 f i version.obj
 0001:0000b7a0       ?_Trans@?$_Parser@V?$_String_const_iterator@V?$_String_val@U?$_Simple_types@D@std@@@std@@@std@@DV?$regex_traits@D@2@@std@@AEAAXXZ 000000018000c7a0 f i version.obj
 0001:0000b9e0       ?_Disjunction@?$_Parser@V?$_String_const_iterator@V?$_String_val@U?$_Simple_types@D@std@@@std@@@std@@DV?$regex_traits@D@2@@std@@AEAAXXZ 000000018000c9e0 f i version.obj
 0001:0000bd10       ?_End_group@?$_Builder@V?$_String_const_iterator@V?$_String_val@U?$_Simple_types@D@std@@@std@@@std@@DV?$regex_traits@D@2@@std@@QEAAXPEAV_Node_base@2@@Z 000000018000cd10 f i version.obj
 0001:0000bdc0       ?_Begin_capture_group@?$_Builder@V?$_String_const_iterator@V?$_String_val@U?$_Simple_types@D@std@@@std@@@std@@DV?$regex_traits@D@2@@std@@QEAAPEAV_Node_base@2@I@Z 000000018000cdc0 f i version.obj
 0001:0000be40       ?_Match_pat@?$_Matcher@PEBDDV?$regex_traits@D@std@@PEBD@std@@AEAA_NPEAV_Node_base@2@@Z 000000018000ce40 f i version.obj
 0001:0000c460       ??$_Compare@PEBDPEBDV?$regex_traits@D@std@@@std@@YAPEBDPEBD000AEBV?$regex_traits@D@0@W4syntax_option_type@regex_constants@0@@Z 000000018000d460 f i version.obj
 0001:0000c5e0       ??$_Lookup_coll@PEBDD@std@@YAPEBDPEBD0PEBU?$_Sequence@D@0@@Z 000000018000d5e0 f i version.obj
 0001:0000c850       ??0?$_Bt_state_t@PEBD@std@@QEAA@AEBV01@@Z 000000018000d850 f i version.obj
 0001:0000c8f0       ??4?$_Tgt_state_t@PEBD@std@@QEAAAEAV01@AEBV01@@Z 000000018000d8f0 f i version.obj
 0001:0000c970       ??4?$vector@IV?$allocator@I@std@@@std@@QEAAAEAV01@AEBV01@@Z 000000018000d970 f i version.obj
 0001:0000cad0       ?_Next@?$_Parser@V?$_String_const_iterator@V?$_String_val@U?$_Simple_types@D@std@@@std@@@std@@DV?$regex_traits@D@2@@std@@AEAAXXZ 000000018000dad0 f i version.obj
 0001:0000cb30       ?_Alternative@?$_Parser@V?$_String_const_iterator@V?$_String_val@U?$_Simple_types@D@std@@@std@@@std@@DV?$regex_traits@D@2@@std@@AEAA_NXZ 000000018000db30 f i version.obj
 0001:0000d0c0       ?_Beg_expr@?$_Builder@V?$_String_const_iterator@V?$_String_val@U?$_Simple_types@D@std@@@std@@@std@@DV?$regex_traits@D@2@@std@@QEBA_NXZ 000000018000e0c0 f i version.obj
 0001:0000d100       ?_Do_if@?$_Matcher@PEBDDV?$regex_traits@D@std@@PEBD@std@@AEAA_NPEAV_Node_if@2@@Z 000000018000e100 f i version.obj
 0001:0000d420       ?_Do_rep@?$_Matcher@PEBDDV?$regex_traits@D@std@@PEBD@std@@AEAA_NPEAV_Node_rep@2@_NH@Z 000000018000e420 f i version.obj
 0001:0000d6c0       ?_Better_match@?$_Matcher@PEBDDV?$regex_traits@D@std@@PEBD@std@@AEAA_NXZ 000000018000e6c0 f i version.obj
 0001:0000d790       ?_Is_wbound@?$_Matcher@PEBDDV?$regex_traits@D@std@@PEBD@std@@AEBA_NXZ 000000018000e790 f i version.obj
 0001:0000d810       ?_Buy@?$vector@U_Grp_t@?$_Tgt_state_t@PEBD@std@@V?$allocator@U_Grp_t@?$_Tgt_state_t@PEBD@std@@@3@@std@@AEAA_N_K@Z 000000018000e810 f i version.obj
 0001:0000d8b0       ?_Expect@?$_Parser@V?$_String_const_iterator@V?$_String_val@U?$_Simple_types@D@std@@@std@@@std@@DV?$regex_traits@D@2@@std@@AEAAXW4_Meta_type@2@W4error_type@regex_constants@2@@Z 000000018000e8b0 f i version.obj
 0001:0000d930       ?_AtomEscape@?$_Parser@V?$_String_const_iterator@V?$_String_val@U?$_Simple_types@D@std@@@std@@@std@@DV?$regex_traits@D@2@@std@@AEAAXXZ 000000018000e930 f i version.obj
 0001:0000db40       ?_Quantifier@?$_Parser@V?$_String_const_iterator@V?$_String_val@U?$_Simple_types@D@std@@@std@@@std@@DV?$regex_traits@D@2@@std@@AEAAXXZ 000000018000eb40 f i version.obj
 0001:0000ddd0       ?_Add_char@?$_Builder@V?$_String_const_iterator@V?$_String_val@U?$_Simple_types@D@std@@@std@@@std@@DV?$regex_traits@D@2@@std@@QEAAXD@Z 000000018000edd0 f i version.obj
 0001:0000df00       ?_Do_rep0@?$_Matcher@PEBDDV?$regex_traits@D@std@@PEBD@std@@AEAA_NPEAV_Node_rep@2@_N@Z 000000018000ef00 f i version.obj
 0001:0000e2a0       ??$_Assign_range@PEAU_Grp_t@?$_Tgt_state_t@PEBD@std@@@?$vector@U_Grp_t@?$_Tgt_state_t@PEBD@std@@V?$allocator@U_Grp_t@?$_Tgt_state_t@PEBD@std@@@3@@std@@AEAAXPEAU_Grp_t@?$_Tgt_state_t@PEBD@1@0Uforward_iterator_tag@1@@Z 000000018000f2a0 f i version.obj
 0001:0000e400       ?_CharacterClassEscape@?$_Parser@V?$_String_const_iterator@V?$_String_val@U?$_Simple_types@D@std@@@std@@@std@@DV?$regex_traits@D@2@@std@@AEAA_N_N@Z 000000018000f400 f i version.obj
 0001:0000e4b0       ?_ClassRanges@?$_Parser@V?$_String_const_iterator@V?$_String_val@U?$_Simple_types@D@std@@@std@@@std@@DV?$regex_traits@D@2@@std@@AEAAXXZ 000000018000f4b0 f i version.obj
 0001:0000e620       ?_CharacterEscape@?$_Parser@V?$_String_const_iterator@V?$_String_val@U?$_Simple_types@D@std@@@std@@@std@@DV?$regex_traits@D@2@@std@@AEAA_NXZ 000000018000f620 f i version.obj
 0001:0000eb70       ?_Do_noncapture_group@?$_Parser@V?$_String_const_iterator@V?$_String_val@U?$_Simple_types@D@std@@@std@@@std@@DV?$regex_traits@D@2@@std@@AEAAXXZ 000000018000fb70 f i version.obj
 0001:0000ec00       ?_Do_assert_group@?$_Parser@V?$_String_const_iterator@V?$_String_val@U?$_Simple_types@D@std@@@std@@@std@@DV?$regex_traits@D@2@@std@@AEAAX_N@Z 000000018000fc00 f i version.obj
 0001:0000ece0       ?_Add_class@?$_Builder@V?$_String_const_iterator@V?$_String_val@U?$_Simple_types@D@std@@@std@@@std@@DV?$regex_traits@D@2@@std@@QEAAXXZ 000000018000fce0 f i version.obj
 0001:0000ed70       ?_Add_char_to_class@?$_Builder@V?$_String_const_iterator@V?$_String_val@U?$_Simple_types@D@std@@@std@@@std@@DV?$regex_traits@D@2@@std@@QEAAXD@Z 000000018000fd70 f i version.obj
 0001:0000ee10       ?_Add_rep@?$_Builder@V?$_String_const_iterator@V?$_String_val@U?$_Simple_types@D@std@@@std@@@std@@DV?$regex_traits@D@2@@std@@QEAAXHH_N@Z 000000018000fe10 f i version.obj
 0001:0000f0d0       ??_G?$_Node_str@D@std@@UEAAPEAXI@Z 00000001800100d0 f i version.obj
 0001:0000f0d0       ??_E?$_Node_str@D@std@@UEAAPEAXI@Z 00000001800100d0 f i * CIL library *:* CIL module *
 0001:0000f120       ?_ClassAtom@?$_Parser@V?$_String_const_iterator@V?$_String_val@U?$_Simple_types@D@std@@@std@@@std@@DV?$regex_traits@D@2@@std@@AEAA?AW4_Prs_ret@2@XZ 0000000180010120 f i version.obj
 0001:0000f3c0       ?_Do_ffn@?$_Parser@V?$_String_const_iterator@V?$_String_val@U?$_Simple_types@D@std@@@std@@@std@@DV?$regex_traits@D@2@@std@@AEAA_ND@Z 00000001800103c0 f i version.obj
 0001:0000f410       ?_Add_range@?$_Builder@V?$_String_const_iterator@V?$_String_val@U?$_Simple_types@D@std@@@std@@@std@@DV?$regex_traits@D@2@@std@@QEAAXDD@Z 0000000180010410 f i version.obj
 0001:0000f6a0       ?_Add_named_class@?$_Builder@V?$_String_const_iterator@V?$_String_val@U?$_Simple_types@D@std@@@std@@@std@@DV?$regex_traits@D@2@@std@@QEAAXF_N@Z 00000001800106a0 f i version.obj
 0001:0000f790       ??$lookup_classname@V?$_String_const_iterator@V?$_String_val@U?$_Simple_types@D@std@@@std@@@std@@@?$_Regex_traits@D@std@@QEBAFV?$_String_const_iterator@V?$_String_val@U?$_Simple_types@D@std@@@std@@@1@0_N@Z 0000000180010790 f i version.obj
 0001:0000f930       ?_Do_ex_class@?$_Parser@V?$_String_const_iterator@V?$_String_val@U?$_Simple_types@D@std@@@std@@@std@@DV?$regex_traits@D@2@@std@@AEAAXW4_Meta_type@2@@Z 0000000180010930 f i version.obj
 0001:0000fad0       ?_Add_equiv@?$_Builder@V?$_String_const_iterator@V?$_String_val@U?$_Simple_types@D@std@@@std@@@std@@DV?$regex_traits@D@2@@std@@QEAAXV?$_String_const_iterator@V?$_String_val@U?$_Simple_types@D@std@@@std@@@2@0_J@Z 0000000180010ad0 f i version.obj
 0001:0000fdb0       ?_Char_to_elts@?$_Builder@V?$_String_const_iterator@V?$_String_val@U?$_Simple_types@D@std@@@std@@@std@@DV?$regex_traits@D@2@@std@@AEAAXV?$_String_const_iterator@V?$_String_val@U?$_Simple_types@D@std@@@std@@@2@0_JPEAPEAU?$_Sequence@D@2@@Z 0000000180010db0 f i version.obj
 0001:0000fe90       ??$transform_primary@V?$_String_const_iterator@V?$_String_val@U?$_Simple_types@D@std@@@std@@@std@@@?$_Regex_traits@D@std@@QEBA?AV?$basic_string@DU?$char_traits@D@std@@V?$allocator@D@2@@1@V?$_String_const_iterator@V?$_String_val@U?$_Simple_types@D@std@@@std@@@1@0@Z 0000000180010e90 f i version.obj
 0001:00010080       ??1?$pair@V?$basic_string@DU?$char_traits@D@std@@V?$allocator@D@2@@std@@V12@@std@@QEAA@XZ 0000000180011080 f i XmlParser.obj
 0001:00010130       ??4?$_Yarn@D@std@@QEAAAEAV01@PEBD@Z 0000000180011130 f i XmlParser.obj
 0001:000101c0       ?_Tidy@?$vector@U?$pair@V?$basic_string@DU?$char_traits@D@std@@V?$allocator@D@2@@std@@V12@@std@@V?$allocator@U?$pair@V?$basic_string@DU?$char_traits@D@std@@V?$allocator@D@2@@std@@V12@@std@@@2@@std@@AEAAXXZ 00000001800111c0 f i XmlParser.obj
 0001:00010250       ??$_Emplace_reallocate@AEBU?$pair@V?$basic_string@DU?$char_traits@D@std@@V?$allocator@D@2@@std@@V12@@std@@@?$vector@U?$pair@V?$basic_string@DU?$char_traits@D@std@@V?$allocator@D@2@@std@@V12@@std@@V?$allocator@U?$pair@V?$basic_string@DU?$char_traits@D@std@@V?$allocator@D@2@@std@@V12@@std@@@2@@std@@QEAAPEAU?$pair@V?$basic_string@DU?$char_traits@D@std@@V?$allocator@D@2@@std@@V12@@1@QEAU21@AEBU21@@Z 0000000180011250 f i XmlParser.obj
 0001:00010410       ??$_Uninitialized_move@PEAU?$pair@V?$basic_string@DU?$char_traits@D@std@@V?$allocator@D@2@@std@@V12@@std@@PEAU12@V?$allocator@U?$pair@V?$basic_string@DU?$char_traits@D@std@@V?$allocator@D@2@@std@@V12@@std@@@2@@std@@YAPEAU?$pair@V?$basic_string@DU?$char_traits@D@std@@V?$allocator@D@2@@std@@V12@@0@QEAU10@0PEAU10@AEAV?$allocator@U?$pair@V?$basic_string@DU?$char_traits@D@std@@V?$allocator@D@2@@std@@V12@@std@@@0@@Z 0000000180011410 f i XmlParser.obj
 0001:000104a0       ?tag@AbstractXmlElement@XmlProcessing@@UEAA?AV?$basic_string@DU?$char_traits@D@std@@V?$allocator@D@2@@std@@XZ 00000001800114a0 f i XmlElement.obj
 0001:000104a0       ?attributeValue@AbstractXmlElement@XmlProcessing@@UEAA?AV?$basic_string@DU?$char_traits@D@std@@V?$allocator@D@2@@std@@AEBV34@@Z 00000001800114a0 f i XmlElement.obj
 0001:000104a0       ?value@DocElement@XmlProcessing@@UEAA?AV?$basic_string@DU?$char_traits@D@std@@V?$allocator@D@2@@std@@XZ 00000001800114a0 f i XmlElement.obj
 0001:000104e0       ?removeChild@AbstractXmlElement@XmlProcessing@@UEAA_NV?$shared_ptr@VAbstractXmlElement@XmlProcessing@@@std@@@Z 00000001800114e0 f i XmlElement.obj
 0001:000104e0       ?addChild@AbstractXmlElement@XmlProcessing@@UEAA_NV?$shared_ptr@VAbstractXmlElement@XmlProcessing@@@std@@@Z 00000001800114e0 f i XmlElement.obj
 0001:00010540       ?children@AbstractXmlElement@XmlProcessing@@UEAA?AV?$vector@V?$shared_ptr@VAbstractXmlElement@XmlProcessing@@@std@@V?$allocator@V?$shared_ptr@VAbstractXmlElement@XmlProcessing@@@std@@@2@@std@@XZ 0000000180011540 f i XmlElement.obj
 0001:00010540       ?attributes@AbstractXmlElement@XmlProcessing@@UEAA?AV?$vector@U?$pair@V?$basic_string@DU?$char_traits@D@std@@V?$allocator@D@2@@std@@V12@@std@@V?$allocator@U?$pair@V?$basic_string@DU?$char_traits@D@std@@V?$allocator@D@2@@std@@V12@@std@@@2@@std@@XZ 0000000180011540 f i XmlElement.obj
 0001:00010560       ?addAttrib@AbstractXmlElement@XmlProcessing@@UEAA_NAEBV?$basic_string@DU?$char_traits@D@std@@V?$allocator@D@2@@std@@0@Z 0000000180011560 f i XmlElement.obj
 0001:00010560       ?removeAttrib@AbstractXmlElement@XmlProcessing@@UEAA_NAEBV?$basic_string@DU?$char_traits@D@std@@V?$allocator@D@2@@std@@@Z 0000000180011560 f i XmlElement.obj
 0001:00010570       ??_GAbstractXmlElement@XmlProcessing@@UEAAPEAXI@Z 0000000180011570 f i XmlElement.obj
 0001:00010570       ??_EAbstractXmlElement@XmlProcessing@@UEAAPEAXI@Z 0000000180011570 f i * CIL library *:* CIL module *
 0001:000105a0       ??_EDocElement@XmlProcessing@@UEAAPEAXI@Z 00000001800115a0 f i * CIL library *:* CIL module *
 0001:000105a0       ??_GDocElement@XmlProcessing@@UEAAPEAXI@Z 00000001800115a0 f i XmlElement.obj
 0001:00010640       ?children@DocElement@XmlProcessing@@UEAA?AV?$vector@V?$shared_ptr@VAbstractXmlElement@XmlProcessing@@@std@@V?$allocator@V?$shared_ptr@VAbstractXmlElement@XmlProcessing@@@std@@@2@@std@@XZ 0000000180011640 f i XmlElement.obj
 0001:00010660       ??_ETextElement@XmlProcessing@@UEAAPEAXI@Z 0000000180011660 f i * CIL library *:* CIL module *
 0001:00010660       ??_GTextElement@XmlProcessing@@UEAAPEAXI@Z 0000000180011660 f i XmlElement.obj
 0001:00010700       ?value@TextElement@XmlProcessing@@UEAA?AV?$basic_string@DU?$char_traits@D@std@@V?$allocator@D@2@@std@@XZ 0000000180011700 f i XmlElement.obj
 0001:00010700       ?value@TaggedElement@XmlProcessing@@UEAA?AV?$basic_string@DU?$char_traits@D@std@@V?$allocator@D@2@@std@@XZ 0000000180011700 f i XmlElement.obj
 0001:00010700       ?tag@TaggedElement@XmlProcessing@@UEAA?AV?$basic_string@DU?$char_traits@D@std@@V?$allocator@D@2@@std@@XZ 0000000180011700 f i XmlElement.obj
 0001:00010720       ??_ETaggedElement@XmlProcessing@@UEAAPEAXI@Z 0000000180011720 f i * CIL library *:* CIL module *
 0001:00010720       ??_GTaggedElement@XmlProcessing@@UEAAPEAXI@Z 0000000180011720 f i XmlElement.obj
 0001:00010820       ?children@TaggedElement@XmlProcessing@@UEAA?AV?$vector@V?$shared_ptr@VAbstractXmlElement@XmlProcessing@@@std@@V?$allocator@V?$shared_ptr@VAbstractXmlElement@XmlProcessing@@@std@@@2@@std@@XZ 0000000180011820 f i XmlElement.obj
 0001:00010840       ?attributes@TaggedElement@XmlProcessing@@UEAA?AV?$vector@U?$pair@V?$basic_string@DU?$char_traits@D@std@@V?$allocator@D@2@@std@@V12@@std@@V?$allocator@U?$pair@V?$basic_string@DU?$char_traits@D@std@@V?$allocator@D@2@@std@@V12@@std@@@2@@std@@XZ 0000000180011840 f i XmlElement.obj
 0001:00010970       ?attributeValue@TaggedElement@XmlProcessing@@UEAA?AV?$basic_string@DU?$char_traits@D@std@@V?$allocator@D@2@@std@@AEBV34@@Z 0000000180011970 f i XmlElement.obj
 0001:00010b60       ?makeDocElement@XmlProcessing@@YA?AV?$shared_ptr@VAbstractXmlElement@XmlProcessing@@@std@@V23@@Z 0000000180011b60 f   XmlElement.obj
 0001:00010c90       ?makeTaggedElement@XmlProcessing@@YA?AV?$shared_ptr@VAbstractXmlElement@XmlProcessing@@@std@@AEBV?$basic_string@DU?$char_traits@D@std@@V?$allocator@D@2@@3@0@Z 0000000180011c90 f   XmlElement.obj
 0001:00010de0       ?addChild@DocElement@XmlProcessing@@UEAA_NV?$shared_ptr@VAbstractXmlElement@XmlProcessing@@@std@@@Z 0000000180011de0 f   XmlElement.obj
 0001:00011060       ?removeChild@DocElement@XmlProcessing@@UEAA_NV?$shared_ptr@VAbstractXmlElement@XmlProcessing@@@std@@@Z 0000000180012060 f   XmlElement.obj
 0001:00011130       ?toString@DocElement@XmlProcessing@@UEAA?AV?$basic_string@DU?$char_traits@D@std@@V?$allocator@D@2@@std@@XZ 0000000180012130 f   XmlElement.obj
 0001:00011250       ?addChild@TaggedElement@XmlProcessing@@UEAA_NV?$shared_ptr@VAbstractXmlElement@XmlProcessing@@@std@@@Z 0000000180012250 f   XmlElement.obj
 0001:000112f0       ?removeChild@TaggedElement@XmlProcessing@@UEAA_NV?$shared_ptr@VAbstractXmlElement@XmlProcessing@@@std@@@Z 00000001800122f0 f   XmlElement.obj
 0001:000113c0       ?addAttrib@TaggedElement@XmlProcessing@@UEAA_NAEBV?$basic_string@DU?$char_traits@D@std@@V?$allocator@D@2@@std@@0@Z 00000001800123c0 f   XmlElement.obj
 0001:000114d0       ?removeAttrib@TaggedElement@XmlProcessing@@UEAA_NAEBV?$basic_string@DU?$char_traits@D@std@@V?$allocator@D@2@@std@@@Z 00000001800124d0 f   XmlElement.obj
 0001:000115a0       ?toString@TaggedElement@XmlProcessing@@UEAA?AV?$basic_string@DU?$char_traits@D@std@@V?$allocator@D@2@@std@@XZ 00000001800125a0 f   XmlElement.obj
 0001:00012070       ?toString@TextElement@XmlProcessing@@UEAA?AV?$basic_string@DU?$char_traits@D@std@@V?$allocator@D@2@@std@@XZ 0000000180013070 f   XmlElement.obj
 0001:00012300       ?erase@?$vector@V?$shared_ptr@VAbstractXmlElement@XmlProcessing@@@std@@V?$allocator@V?$shared_ptr@VAbstractXmlElement@XmlProcessing@@@std@@@2@@std@@QEAA?AV?$_Vector_iterator@V?$_Vector_val@U?$_Simple_types@V?$shared_ptr@VAbstractXmlElement@XmlProcessing@@@std@@@std@@@std@@@2@V?$_Vector_const_iterator@V?$_Vector_val@U?$_Simple_types@V?$shared_ptr@VAbstractXmlElement@XmlProcessing@@@std@@@std@@@std@@@2@@Z 0000000180013300 f i XmlElement.obj
 0001:000123f0       ??0?$vector@V?$shared_ptr@VAbstractXmlElement@XmlProcessing@@@std@@V?$allocator@V?$shared_ptr@VAbstractXmlElement@XmlProcessing@@@std@@@2@@std@@QEAA@AEBV01@@Z 00000001800133f0 f i XmlElement.obj
 0001:00012520       ??$_Emplace_reallocate@AEBV?$shared_ptr@VAbstractXmlElement@XmlProcessing@@@std@@@?$vector@V?$shared_ptr@VAbstractXmlElement@XmlProcessing@@@std@@V?$allocator@V?$shared_ptr@VAbstractXmlElement@XmlProcessing@@@std@@@2@@std@@QEAAPEAV?$shared_ptr@VAbstractXmlElement@XmlProcessing@@@1@QEAV21@AEBV21@@Z 0000000180013520 f i XmlElement.obj
 0001:00012730       ?_Change_array@?$vector@V?$shared_ptr@VAbstractXmlElement@XmlProcessing@@@std@@V?$allocator@V?$shared_ptr@VAbstractXmlElement@XmlProcessing@@@std@@@2@@std@@AEAAXQEAV?$shared_ptr@VAbstractXmlElement@XmlProcessing@@@2@_K1@Z 0000000180013730 f i XmlElement.obj
 0001:000127d0       ?_Delete_this@?$_Ref_count@VTextElement@XmlProcessing@@@std@@EEAAXXZ 00000001800137d0 f i XmlElement.obj
 0001:000127d0       ?_Delete_this@?$_Ref_count@VDocElement@XmlProcessing@@@std@@EEAAXXZ 00000001800137d0 f i XmlElement.obj
 0001:000127d0       ?_Delete_this@?$_Ref_count@VTaggedElement@XmlProcessing@@@std@@EEAAXXZ 00000001800137d0 f i XmlElement.obj
 0001:000127f0       ?_Destroy@?$_Ref_count@VTextElement@XmlProcessing@@@std@@EEAAXXZ 00000001800137f0 f i XmlElement.obj
 0001:000127f0       ?_Destroy@?$_Ref_count@VDocElement@XmlProcessing@@@std@@EEAAXXZ 00000001800137f0 f i XmlElement.obj
 0001:000127f0       ?_Destroy@?$_Ref_count@VTaggedElement@XmlProcessing@@@std@@EEAAXXZ 00000001800137f0 f i XmlElement.obj
 0001:00012810       ??_G?$_Ref_count@VTaggedElement@XmlProcessing@@@std@@UEAAPEAXI@Z 0000000180013810 f i XmlElement.obj
 0001:00012810       ??_E?$_Ref_count@VTaggedElement@XmlProcessing@@@std@@UEAAPEAXI@Z 0000000180013810 f i * CIL library *:* CIL module *
 0001:00012810       ??_G?$_Ref_count@VTextElement@XmlProcessing@@@std@@UEAAPEAXI@Z 0000000180013810 f i XmlElement.obj
 0001:00012810       ??_E?$_Ref_count@VTextElement@XmlProcessing@@@std@@UEAAPEAXI@Z 0000000180013810 f i * CIL library *:* CIL module *
 0001:00012810       ??_E?$_Ref_count@VDocElement@XmlProcessing@@@std@@UEAAPEAXI@Z 0000000180013810 f i * CIL library *:* CIL module *
 0001:00012810       ??_G?$_Ref_count@VDocElement@XmlProcessing@@@std@@UEAAPEAXI@Z 0000000180013810 f i XmlElement.obj
 0001:0001288c       __imp_load_?GetCurrent@Isolate@v8@@SAPEAV12@XZ 000000018001388c f   node:node.exe
 0001:00012898       __tailMerge_node_exe       0000000180013898     node:node.exe
 0001:00012911       __imp_load_??1HandleScope@v8@@QEAA@XZ 0000000180013911 f   node:node.exe
 0001:0001291d       __imp_load_??0HandleScope@v8@@QEAA@PEAVIsolate@1@@Z 000000018001391d f   node:node.exe
 0001:00012929       __imp_load_?New@Array@v8@@SA?AV?$Local@VArray@v8@@@2@PEAVIsolate@2@H@Z 0000000180013929 f   node:node.exe
 0001:00012935       __imp_load_?GetFunction@FunctionTemplate@v8@@QEAA?AV?$Local@VFunction@v8@@@2@XZ 0000000180013935 f   node:node.exe
 0001:00012941       __imp_load_?New@FunctionTemplate@v8@@SA?AV?$Local@VFunctionTemplate@v8@@@2@PEAVIsolate@2@P6AXAEBV?$FunctionCallbackInfo@VValue@v8@@@2@@ZV?$Local@VValue@v8@@@2@V?$Local@VSignature@v8@@@2@HW4ConstructorBehavior@2@@Z 0000000180013941 f   node:node.exe
 0001:0001294d       __imp_load_?NewFromUtf8@String@v8@@SA?AV?$Local@VString@v8@@@2@PEAVIsolate@2@PEBDW4NewStringType@12@H@Z 000000018001394d f   node:node.exe
 0001:00012959       __imp_load_?Set@Object@v8@@QEAA_NV?$Local@VValue@v8@@@2@0@Z 0000000180013959 f   node:node.exe
 0001:00012965       __imp_load_?Set@Object@v8@@QEAA_NIV?$Local@VValue@v8@@@2@@Z 0000000180013965 f   node:node.exe
 0001:00012971       __imp_load_?SetName@Function@v8@@QEAAXV?$Local@VString@v8@@@2@@Z 0000000180013971 f   node:node.exe
 0001:0001297d       __imp_load_node_module_register 000000018001397d f   node:node.exe
 0001:00012989       __imp_load_?Length@Array@v8@@QEBAIXZ 0000000180013989 f   node:node.exe
 0001:00012995       __imp_load_??1Utf8Value@String@v8@@QEAA@XZ 0000000180013995 f   node:node.exe
 0001:000129a1       __imp_load_??0Utf8Value@String@v8@@QEAA@V?$Local@VValue@v8@@@2@@Z 00000001800139a1 f   node:node.exe
 0001:000129ad       __imp_load_?Get@Object@v8@@QEAA?AV?$Local@VValue@v8@@@2@V32@@Z 00000001800139ad f   node:node.exe
 0001:000129b9       __imp_load_?Get@Object@v8@@QEAA?AV?$Local@VValue@v8@@@2@I@Z 00000001800139b9 f   node:node.exe
 0001:000129c8       ??0exception@std@@QEAA@AEBV01@@Z 00000001800139c8 f i libcpmt:xonce.obj
 0001:00012a00       ??0runtime_error@std@@QEAA@AEBV01@@Z 0000000180013a00 f i libcpmt:xonce.obj
 0001:00012a40       ??_E__non_rtti_object@std@@UEAAPEAXI@Z 0000000180013a40 f i libvcruntime:rtti.obj
 0001:00012a40       ??_Ebad_typeid@std@@UEAAPEAXI@Z 0000000180013a40 f i libvcruntime:rtti.obj
 0001:00012a40       ??_G__non_rtti_object@std@@UEAAPEAXI@Z 0000000180013a40 f i libvcruntime:rtti.obj
 0001:00012a40       ??_Gout_of_range@std@@UEAAPEAXI@Z 0000000180013a40 f i libcpmt:xthrow.obj
 0001:00012a40       ??_Elength_error@std@@UEAAPEAXI@Z 0000000180013a40 f i libcpmt:xthrow.obj
 0001:00012a40       ??_Ebad_array_new_length@std@@UEAAPEAXI@Z 0000000180013a40 f i LIBCMT:throw_bad_alloc.obj
 0001:00012a40       ??_Einvalid_argument@std@@UEAAPEAXI@Z 0000000180013a40 f i libcpmt:xthrow.obj
 0001:00012a40       ??_Gbad_typeid@std@@UEAAPEAXI@Z 0000000180013a40 f i libvcruntime:rtti.obj
 0001:00012a40       ??_Elogic_error@std@@UEAAPEAXI@Z 0000000180013a40 f i libcpmt:xthrow.obj
 0001:00012a40       ??_Ebad_cast@std@@UEAAPEAXI@Z 0000000180013a40 f i libcpmt:cout.obj
 0001:00012a40       ??_Gbad_array_new_length@std@@UEAAPEAXI@Z 0000000180013a40 f i LIBCMT:throw_bad_alloc.obj
 0001:00012a40       ??_Ginvalid_argument@std@@UEAAPEAXI@Z 0000000180013a40 f i libcpmt:xthrow.obj
 0001:00012a40       ??_Glength_error@std@@UEAAPEAXI@Z 0000000180013a40 f i libcpmt:xthrow.obj
 0001:00012a40       ??_Gbad_cast@std@@UEAAPEAXI@Z 0000000180013a40 f i libcpmt:cout.obj
 0001:00012a40       ??_Ebad_alloc@std@@UEAAPEAXI@Z 0000000180013a40 f i libcpmt:xthrow.obj
 0001:00012a40       ??_Gbad_alloc@std@@UEAAPEAXI@Z 0000000180013a40 f i libcpmt:xthrow.obj
 0001:00012a40       ??_Ebad_exception@std@@UEAAPEAXI@Z 0000000180013a40 f i libvcruntime:frame.obj
 0001:00012a40       ??_Gexception@std@@UEAAPEAXI@Z 0000000180013a40 f i libcpmt:xonce.obj
 0001:00012a40       ??_Glogic_error@std@@UEAAPEAXI@Z 0000000180013a40 f i libcpmt:xthrow.obj
 0001:00012a40       ??_Gbad_exception@std@@UEAAPEAXI@Z 0000000180013a40 f i libvcruntime:frame.obj
 0001:00012a40       ??_Eexception@std@@UEAAPEAXI@Z 0000000180013a40 f i libcpmt:xonce.obj
 0001:00012a40       ??_Eout_of_range@std@@UEAAPEAXI@Z 0000000180013a40 f i libcpmt:xthrow.obj
 0001:00012a84       ?_Execute_once@std@@YAHAEAUonce_flag@1@P6AHPEAX1PEAPEAX@Z1@Z 0000000180013a84 f   libcpmt:xonce.obj
 0001:00012a8c       ?what@exception@std@@UEBAPEBDXZ 0000000180013a8c f i libcpmt:xonce.obj
 0001:00012aa0       ??0bad_alloc@std@@QEAA@AEBV01@@Z 0000000180013aa0 f i libcpmt:xthrow.obj
 0001:00012ae0       ??0bad_alloc@std@@QEAA@XZ  0000000180013ae0 f i libcpmt:xthrow.obj
 0001:00012b00       ??0invalid_argument@std@@QEAA@AEBV01@@Z 0000000180013b00 f i libcpmt:xthrow.obj
 0001:00012b40       ??0invalid_argument@std@@QEAA@PEBD@Z 0000000180013b40 f i libcpmt:xthrow.obj
 0001:00012b8c       ??0length_error@std@@QEAA@AEBV01@@Z 0000000180013b8c f i libcpmt:xthrow.obj
 0001:00012bcc       ??0length_error@std@@QEAA@PEBD@Z 0000000180013bcc f i libcpmt:xthrow.obj
 0001:00012c18       ??0logic_error@std@@QEAA@AEBV01@@Z 0000000180013c18 f i libcpmt:xthrow.obj
 0001:00012c58       ??0out_of_range@std@@QEAA@AEBV01@@Z 0000000180013c58 f i libcpmt:xthrow.obj
 0001:00012c98       ??0out_of_range@std@@QEAA@PEBD@Z 0000000180013c98 f i libcpmt:xthrow.obj
 0001:00012ce4       ??0regex_error@std@@QEAA@AEBV01@@Z 0000000180013ce4 f i libcpmt:xthrow.obj
 0001:00012d34       ??0regex_error@std@@QEAA@W4error_type@regex_constants@1@@Z 0000000180013d34 f i libcpmt:xthrow.obj
 0001:00012d9c       ??1bad_cast@std@@UEAA@XZ   0000000180013d9c f i libcpmt:cout.obj
 0001:00012d9c       ??1bad_alloc@std@@UEAA@XZ  0000000180013d9c f i libcpmt:xthrow.obj
 0001:00012d9c       ??1bad_array_new_length@std@@UEAA@XZ 0000000180013d9c f i LIBCMT:throw_bad_alloc.obj
 0001:00012d9c       ??1bad_exception@std@@UEAA@XZ 0000000180013d9c f i libvcruntime:frame.obj
 0001:00012d9c       ??1length_error@std@@UEAA@XZ 0000000180013d9c f i libcpmt:xthrow.obj
 0001:00012d9c       ??1__non_rtti_object@std@@UEAA@XZ 0000000180013d9c f i libvcruntime:rtti.obj
 0001:00012d9c       ??1regex_error@std@@UEAA@XZ 0000000180013d9c f i libcpmt:xthrow.obj
 0001:00012d9c       ??1invalid_argument@std@@UEAA@XZ 0000000180013d9c f i libcpmt:xthrow.obj
 0001:00012d9c       ??1out_of_range@std@@UEAA@XZ 0000000180013d9c f i libcpmt:xthrow.obj
 0001:00012db0       ??_Gregex_error@std@@UEAAPEAXI@Z 0000000180013db0 f i libcpmt:xthrow.obj
 0001:00012db0       ??_Eregex_error@std@@UEAAPEAXI@Z 0000000180013db0 f i libcpmt:xthrow.obj
 0001:00012df4       ?_Stringify@regex_error@std@@CAPEBDW4error_type@regex_constants@2@@Z 0000000180013df4 f i libcpmt:xthrow.obj
 0001:00012ec0       ?__scrt_throw_std_bad_alloc@@YAXXZ 0000000180013ec0 f   LIBCMT:throw_bad_alloc.obj
 0001:00012ec0       ?_Xbad_alloc@std@@YAXXZ    0000000180013ec0 f   libcpmt:xthrow.obj
 0001:00012ee0       ?_Xinvalid_argument@std@@YAXPEBD@Z 0000000180013ee0 f   libcpmt:xthrow.obj
 0001:00012f04       ?_Xlength_error@std@@YAXPEBD@Z 0000000180013f04 f   libcpmt:xthrow.obj
 0001:00012f28       ?_Xout_of_range@std@@YAXPEBD@Z 0000000180013f28 f   libcpmt:xthrow.obj
 0001:00012f4c       ?_Xregex_error@std@@YAXW4error_type@regex_constants@1@@Z 0000000180013f4c f   libcpmt:xthrow.obj
 0001:00012f70       ?_Syserror_map@std@@YAPEBDH@Z 0000000180013f70 f   libcpmt:syserror.obj
 0001:00012f98       ??0_Init_locks@std@@QEAA@XZ 0000000180013f98 f   libcpmt:xlock.obj
 0001:00012fe4       ??0_Lockit@std@@QEAA@H@Z   0000000180013fe4 f   libcpmt:xlock.obj
 0001:00013020       ??1_Init_locks@std@@QEAA@XZ 0000000180014020 f   libcpmt:xlock.obj
 0001:00013064       ??1_Lockit@std@@QEAA@XZ    0000000180014064 f   libcpmt:xlock.obj
 0001:00013098       ??0_Init_cout@std@@QEAA@XZ 0000000180014098 f i libcpmt:cout.obj
 0001:00013104       ??0bad_cast@std@@QEAA@AEBV01@@Z 0000000180014104 f i libcpmt:cout.obj
 0001:00013144       ??1_Fac_tidy_reg_t@std@@QEAA@XZ 0000000180014144 f i libcpmt:locale0.obj
 0001:000131ac       ??_G_Locimp@locale@std@@MEAAPEAXI@Z 00000001800141ac f i libcpmt:locale0.obj
 0001:000131ac       ??_E_Locimp@locale@std@@MEAAPEAXI@Z 00000001800141ac f i libcpmt:locale0.obj
 0001:00013218       ?_Facet_Register@std@@YAXPEAV_Facet_base@1@@Z 0000000180014218 f   libcpmt:locale0.obj
 0001:00013250       ?_Getgloballocale@locale@std@@CAPEAV_Locimp@12@XZ 0000000180014250 f   libcpmt:locale0.obj
 0001:00013258       ?_Init@locale@std@@CAPEAV_Locimp@12@_N@Z 0000000180014258 f   libcpmt:locale0.obj
 0001:00013320       ?_Locimp_dtor@_Locimp@locale@std@@CAXPEAV123@@Z 0000000180014320 f   libcpmt:locale0.obj
 0001:000133a8       ?_Locinfo_ctor@_Locinfo@std@@SAXPEAV12@PEBD@Z 00000001800143a8 f   libcpmt:locale0.obj
 0001:00013414       ?_Locinfo_dtor@_Locinfo@std@@SAXPEAV12@@Z 0000000180014414 f   libcpmt:locale0.obj
 0001:00013430       ?_New_Locimp@_Locimp@locale@std@@CAPEAV123@_N@Z 0000000180014430 f   libcpmt:locale0.obj
 0001:000134a0       _Deletegloballocale        00000001800144a0 f   libcpmt:locale0.obj
 0001:00013510       ?_Addstd@ios_base@std@@SAXPEAV12@@Z 0000000180014510 f   libcpmt:ios.obj
 0001:00013588       ?_Ios_base_dtor@ios_base@std@@CAXPEAV12@@Z 0000000180014588 f   libcpmt:ios.obj
 0001:00013608       ?_Tidy@ios_base@std@@AEAAXXZ 0000000180014608 f i libcpmt:ios.obj
 0001:00013688       ??$_Xfiopen@D@std@@YAPEAU_iobuf@@PEBDHH@Z 0000000180014688 f i libcpmt:fiopen.obj
 0001:00013790       ?_Fiopen@std@@YAPEAU_iobuf@@PEBDHH@Z 0000000180014790 f   libcpmt:fiopen.obj
 0001:00013798       _Getctype                  0000000180014798 f   libcpmt:_tolower.obj
 0001:00013860       _Tolower                   0000000180014860 f   libcpmt:_tolower.obj
 0001:00013990       _Toupper                   0000000180014990 f   libcpmt:_toupper.obj
 0001:00013ad0       _Strxfrm                   0000000180014ad0 f   libcpmt:xstrxfrm.obj
 0001:00013bd0       _Getcoll                   0000000180014bd0 f   libcpmt:xstrcoll.obj
 0001:00013c04       _Strcoll                   0000000180014c04 f   libcpmt:xstrcoll.obj
 0001:00013cd4       __local_stdio_printf_options 0000000180014cd4 f i libcpmt:locale.obj
 0001:000141ac       __crtInitOnceExecuteOnce   00000001800151ac f   libcpmt:winapisupp.obj
 0001:00014278       __crtInitializeCriticalSectionEx 0000000180015278 f   libcpmt:winapisupp.obj
 0001:000142a8       _Mtxdst                    00000001800152a8 f   libcpmt:xmtx.obj
 0001:000142b0       _Mtxinit                   00000001800152b0 f   libcpmt:xmtx.obj
 0001:000142c0       _Mtxlock                   00000001800152c0 f   libcpmt:xmtx.obj
 0001:000142c8       _Mtxunlock                 00000001800152c8 f   libcpmt:xmtx.obj
 0001:000142d0       ?_Atexit@@YAXP6AXXZ@Z      00000001800152d0 f   libcpmt:iosptrs.obj
 0001:00014310       __crtLCMapStringA          0000000180015310 f   libcpmt:StlLCMapStringA.obj
 0001:000145c4       __crtCompareStringA        00000001800155c4 f   libcpmt:StlCompareStringA.obj
 0001:000148fc       GetTableIndexFromLocaleName 00000001800158fc f   libcpmt:winapinls.obj
 0001:0001498c       __crtCompareStringEx       000000018001598c f   libcpmt:winapinls.obj
 0001:00014a28       __crtDownlevelLocaleNameToLCID 0000000180015a28 f   libcpmt:winapinls.obj
 0001:00014a5c       __crtLCMapStringEx         0000000180015a5c f   libcpmt:winapinls.obj
 0001:00014af8       __wcsnicmp_ascii           0000000180015af8 f   libcpmt:winapinls.obj
 0001:00014b70       __security_check_cookie    0000000180015b70 f   LIBCMT:_amdsecgs_.obj
 0001:00014b94       ??2@YAPEAX_K@Z             0000000180015b94 f   LIBCMT:new_scalar.obj
 0001:00014bd0       ??_V@YAXPEAX@Z             0000000180015bd0 f   LIBCMT:delete_array.obj
 0001:00014bd0       ??3@YAXPEAX_K@Z            0000000180015bd0 f   LIBCMT:delete_scalar_size.obj
 0001:00014bd8       __scrt_acquire_startup_lock 0000000180015bd8 f   LIBCMT:utility.obj
 0001:00014c14       __scrt_dllmain_after_initialize_c 0000000180015c14 f   LIBCMT:utility.obj
 0001:00014c48       __scrt_dllmain_before_initialize_c 0000000180015c48 f   LIBCMT:utility.obj
 0001:00014c60       __scrt_dllmain_crt_thread_attach 0000000180015c60 f   LIBCMT:utility.obj
 0001:00014c88       __scrt_dllmain_crt_thread_detach 0000000180015c88 f   LIBCMT:utility.obj
 0001:00014ca0       __scrt_dllmain_exception_filter 0000000180015ca0 f   LIBCMT:utility.obj
 0001:00014d00       __scrt_dllmain_uninitialize_c 0000000180015d00 f   LIBCMT:utility.obj
 0001:00014d30       __scrt_dllmain_uninitialize_critical 0000000180015d30 f   LIBCMT:utility.obj
 0001:00014d44       __scrt_initialize_crt      0000000180015d44 f   LIBCMT:utility.obj
 0001:00014d90       __scrt_initialize_onexit_tables 0000000180015d90 f   LIBCMT:utility.obj
 0001:00014e6c       __scrt_is_nonwritable_in_current_image 0000000180015e6c f   LIBCMT:utility.obj
 0001:00014f08       __scrt_release_startup_lock 0000000180015f08 f   LIBCMT:utility.obj
 0001:00014f2c       __scrt_uninitialize_crt    0000000180015f2c f   LIBCMT:utility.obj
 0001:00014f58       _onexit                    0000000180015f58 f   LIBCMT:utility.obj
 0001:00014fa8       atexit                     0000000180015fa8 f   LIBCMT:utility.obj
 0001:00014fc0       ??_Gtype_info@@UEAAPEAXI@Z 0000000180015fc0 f i LIBCMT:std_type_info_static.obj
 0001:00014fc0       ??_Etype_info@@UEAAPEAXI@Z 0000000180015fc0 f i LIBCMT:std_type_info_static.obj
 0001:0001530c       _DllMainCRTStartup         000000018001630c f   LIBCMT:dll_dllmain.obj
 0001:0001534c       __GSHandlerCheck           000000018001634c f   LIBCMT:_gshandler_.obj
 0001:0001536c       __GSHandlerCheckCommon     000000018001636c f   LIBCMT:_gshandler_.obj
 0001:000153c8       __GSHandlerCheck_EH        00000001800163c8 f   LIBCMT:gshandlereh.obj
 0001:00015460       _alloca_probe              0000000180016460 f   LIBCMT:_chkstk_.obj
 0001:00015460       __chkstk                   0000000180016460 f   LIBCMT:_chkstk_.obj
 0001:000154b4       __raise_securityfailure    00000001800164b4 f   LIBCMT:gs_report.obj
 0001:000154e8       __report_gsfailure         00000001800164e8 f   LIBCMT:gs_report.obj
 0001:000155bc       __report_rangecheckfailure 00000001800165bc f   LIBCMT:gs_report.obj
 0001:000155d0       __report_securityfailure   00000001800165d0 f   LIBCMT:gs_report.obj
 0001:00015750       ??0bad_array_new_length@std@@QEAA@AEBV01@@Z 0000000180016750 f i LIBCMT:throw_bad_alloc.obj
 0001:00015790       ??0bad_array_new_length@std@@QEAA@XZ 0000000180016790 f i LIBCMT:throw_bad_alloc.obj
 0001:000157b0       ?__scrt_throw_std_bad_array_new_length@@YAXXZ 00000001800167b0 f   LIBCMT:throw_bad_alloc.obj
 0001:000157d0       ??3@YAXPEAX@Z              00000001800167d0 f   LIBCMT:delete_scalar.obj
 0001:000157d8       __isa_available_init       00000001800167d8 f   LIBCMT:_cpu_disp_.obj
 0001:00015994       __scrt_is_ucrt_dll_in_use  0000000180016994 f   LIBCMT:ucrt_detection.obj
 0001:000159a0       __crt_debugger_hook        00000001800169a0 f   LIBCMT:utility_desktop.obj
 0001:000159a8       __scrt_fastfail            00000001800169a8 f   LIBCMT:utility_desktop.obj
 0001:00015af4       __security_init_cookie     0000000180016af4 f   LIBCMT:gs_support.obj
 0001:00015ba4       ?__scrt_initialize_type_info@@YAXXZ 0000000180016ba4 f   LIBCMT:tncleanup.obj
 0001:00015bb4       ?__scrt_uninitialize_type_info@@YAXXZ 0000000180016bb4 f   LIBCMT:tncleanup.obj
 0001:00015bc0       __local_stdio_scanf_options 0000000180016bc0 f i LIBCMT:default_local_stdio_options.obj
 0001:00015bc8       __scrt_initialize_default_local_stdio_options 0000000180016bc8 f   LIBCMT:default_local_stdio_options.obj
 0001:00015be4       __scrt_get_dyn_tls_init_callback 0000000180016be4 f   LIBCMT:dyn_tls_init.obj
 0001:00015bec       _RTC_Initialize            0000000180016bec f   LIBCMT:_initsect_.obj
 0001:00015c28       _RTC_Terminate             0000000180016c28 f   LIBCMT:_initsect_.obj
 0001:00015c70       _purecall                  0000000180016c70 f   libvcruntime:purevirt.obj
 0001:00015ca0       strchr                     0000000180016ca0 f   libvcruntime:strchr.obj
 0001:00015d2c       __std_exception_copy       0000000180016d2c f   libvcruntime:std_exception.obj
 0001:00015dbc       __std_exception_destroy    0000000180016dbc f   libvcruntime:std_exception.obj
 0001:00015de4       _CxxThrowException         0000000180016de4 f   libvcruntime:throw.obj
 0001:00015ea4       ?_ExecutionInCatch@@YAHPEAU_xDISPATCHER_CONTEXT@@PEBU_s_FuncInfo@@@Z 0000000180016ea4 f   libvcruntime:risctrnsctrl.obj
 0001:00015f18       ?_GetEstablisherFrame@@YAPEA_KPEA_KPEAU_xDISPATCHER_CONTEXT@@PEBU_s_FuncInfo@@0@Z 0000000180016f18 f   libvcruntime:risctrnsctrl.obj
 0001:00015fe4       ?_GetRangeOfTrysToCheck@@YAPEBU_s_TryBlockMapEntry@@PEA_KPEBU_s_FuncInfo@@HHPEAI2PEAU_xDISPATCHER_CONTEXT@@@Z 0000000180016fe4 f   libvcruntime:risctrnsctrl.obj
 0001:00016110       ?__FrameUnwindToEmptyState@@YAXPEA_KPEAU_xDISPATCHER_CONTEXT@@PEBU_s_FuncInfo@@@Z 0000000180017110 f   libvcruntime:risctrnsctrl.obj
 0001:000161a4       _CallSETranslator          00000001800171a4 f   libvcruntime:risctrnsctrl.obj
 0001:000161f8       _CreateFrameInfo           00000001800171f8 f   libvcruntime:risctrnsctrl.obj
 0001:00016234       _FindAndUnlinkFrame        0000000180017234 f   libvcruntime:risctrnsctrl.obj
 0001:00016288       _GetImageBase              0000000180017288 f   libvcruntime:risctrnsctrl.obj
 0001:0001629c       _GetThrowImageBase         000000018001729c f   libvcruntime:risctrnsctrl.obj
 0001:000162b0       _SetImageBase              00000001800172b0 f   libvcruntime:risctrnsctrl.obj
 0001:000162c8       _SetThrowImageBase         00000001800172c8 f   libvcruntime:risctrnsctrl.obj
 0001:000162e0       _UnwindNestedFrames        00000001800172e0 f   libvcruntime:risctrnsctrl.obj
 0001:00016404       __CxxFrameHandler3         0000000180017404 f   libvcruntime:risctrnsctrl.obj
 0001:000164a0       memmove                    00000001800174a0 f   libvcruntime:memcpy.obj
 0001:000164a0       memcpy                     00000001800174a0 f   libvcruntime:memcpy.obj
 0001:00016900       memset                     0000000180017900 f   libvcruntime:memset.obj
 0001:00016ab0       __DestructExceptionObject  0000000180017ab0 f   libvcruntime:ehhelpers.obj
 0001:00016b24       ?_CallMemberFunction0@@YAXQEAX0@Z 0000000180017b24 f i libvcruntime:ehhelpers.obj
 0001:00016b28       _IsExceptionObjectToBeDestroyed 0000000180017b28 f   libvcruntime:ehhelpers.obj
 0001:00016b58       __AdjustPointer            0000000180017b58 f   libvcruntime:ehhelpers.obj
 0001:00016b7c       __FrameUnwindFilter        0000000180017b7c f   libvcruntime:ehhelpers.obj
 0001:00016bc8       __std_terminate            0000000180017bc8 f   libvcruntime:ehhelpers.obj
 0001:00016bf0       memcmp                     0000000180017bf0 f   libvcruntime:memcmp.obj
 0001:00016cd0       memchr                     0000000180017cd0 f   libvcruntime:memchr.obj
 0001:00016d40       __vcrt_initialize          0000000180017d40 f   libvcruntime:initialization.obj
 0001:00016d74       __vcrt_thread_attach       0000000180017d74 f   libvcruntime:initialization.obj
 0001:00016d88       __vcrt_thread_detach       0000000180017d88 f   libvcruntime:initialization.obj
 0001:00016d9c       __vcrt_uninitialize        0000000180017d9c f   libvcruntime:initialization.obj
 0001:00016dbc       __vcrt_uninitialize_critical 0000000180017dbc f   libvcruntime:initialization.obj
 0001:00016dcc       __C_specific_handler       0000000180017dcc f   libvcruntime:_riscchandler_.obj
 0001:00016fd8       __std_type_info_compare    0000000180017fd8 f   libvcruntime:std_type_info.obj
 0001:00017000       __std_type_info_destroy_list 0000000180018000 f   libvcruntime:std_type_info.obj
 0001:0001702c       __vcrt_initialize_pure_virtual_call_handler 000000018001802c f   libvcruntime:purevirt_data.obj
 0001:0001703c       __vcrt_freefls             000000018001803c f   libvcruntime:per_thread_data.obj
 0001:0001705c       __vcrt_freeptd             000000018001805c f   libvcruntime:per_thread_data.obj
 0001:000170ac       __vcrt_getptd              00000001800180ac f   libvcruntime:per_thread_data.obj
 0001:000170c8       __vcrt_getptd_noexit       00000001800180c8 f   libvcruntime:per_thread_data.obj
 0001:00017180       __vcrt_initialize_ptd      0000000180018180 f   libvcruntime:per_thread_data.obj
 0001:000171d0       __vcrt_uninitialize_ptd    00000001800181d0 f   libvcruntime:per_thread_data.obj
 0001:000171f4       ?__GetCurrentState@@YAHPEA_KPEAU_xDISPATCHER_CONTEXT@@PEBU_s_FuncInfo@@@Z 00000001800181f4 f   libvcruntime:riscehstate.obj
 0001:0001721c       ?__GetUnwindTryBlock@@YAHPEA_KPEAU_xDISPATCHER_CONTEXT@@PEBU_s_FuncInfo@@@Z 000000018001821c f   libvcruntime:riscehstate.obj
 0001:00017248       ?__SetState@@YAXPEA_KPEAU_xDISPATCHER_CONTEXT@@PEBU_s_FuncInfo@@H@Z 0000000180018248 f   libvcruntime:riscehstate.obj
 0001:00017254       ?__SetUnwindTryBlock@@YAXPEA_KPEAU_xDISPATCHER_CONTEXT@@PEBU_s_FuncInfo@@H@Z 0000000180018254 f   libvcruntime:riscehstate.obj
 0001:00017290       ?__StateFromControlPc@@YAHPEBU_s_FuncInfo@@PEAU_xDISPATCHER_CONTEXT@@@Z 0000000180018290 f   libvcruntime:riscehstate.obj
 0001:00017298       ?__StateFromIp@@YAHPEBU_s_FuncInfo@@PEAU_xDISPATCHER_CONTEXT@@_K@Z 0000000180018298 f   libvcruntime:riscehstate.obj
 0001:00017300       ??0bad_exception@std@@QEAA@AEBV01@@Z 0000000180018300 f i libvcruntime:frame.obj
 0001:00017340       ??0bad_exception@std@@QEAA@XZ 0000000180018340 f i libvcruntime:frame.obj
 0001:00017c88       ?_CallMemberFunction1@@YAXQEAX00@Z 0000000180018c88 f i libvcruntime:frame.obj
 0001:00017c94       ?_CallMemberFunction2@@YAXQEAX00H@Z 0000000180018c94 f i libvcruntime:frame.obj
 0001:00017ca4       __BuildCatchObject         0000000180018ca4 f   libvcruntime:frame.obj
 0001:00017d64       __BuildCatchObjectHelper   0000000180018d64 f   libvcruntime:frame.obj
 0001:00017f64       __CxxCallCatchBlock        0000000180018f64 f   libvcruntime:frame.obj
 0001:00018150       __FrameUnwindToState       0000000180019150 f   libvcruntime:frame.obj
 0001:000182e4       __InternalCxxFrameHandler  00000001800192e4 f   libvcruntime:frame.obj
 0001:00018528       __TypeMatch                0000000180019528 f   libvcruntime:frame.obj
 0001:0001866c       __vcrt_initialize_locks    000000018001966c f   libvcruntime:locks.obj
 0001:000186b4       __vcrt_uninitialize_locks  00000001800196b4 f   libvcruntime:locks.obj
 0001:000188c4       __vcrt_FlsAlloc            00000001800198c4 f   libvcruntime:winapi_downlevel.obj
 0001:0001890c       __vcrt_FlsFree             000000018001990c f   libvcruntime:winapi_downlevel.obj
 0001:00018954       __vcrt_FlsGetValue         0000000180019954 f   libvcruntime:winapi_downlevel.obj
 0001:0001899c       __vcrt_FlsSetValue         000000018001999c f   libvcruntime:winapi_downlevel.obj
 0001:000189f0       __vcrt_InitializeCriticalSectionEx 00000001800199f0 f   libvcruntime:winapi_downlevel.obj
 0001:00018a54       __vcrt_initialize_winapi_thunks 0000000180019a54 f   libvcruntime:winapi_downlevel.obj
 0001:00018a84       __vcrt_uninitialize_winapi_thunks 0000000180019a84 f   libvcruntime:winapi_downlevel.obj
 0001:00018ae0       _local_unwind              0000000180019ae0 f   libvcruntime:_jmpuwind_.obj
 0001:00018b10       _NLG_Notify                0000000180019b10 f   libvcruntime:_jmpuwind_.obj
 0001:00018b30       __NLG_Dispatch2            0000000180019b30 f   libvcruntime:_jmpuwind_.obj
 0001:00018b40       __NLG_Return2              0000000180019b40 f   libvcruntime:_jmpuwind_.obj
 0001:00018b44       __except_validate_context_record 0000000180019b44 f   libvcruntime:jbcxrval.obj
 0001:00018b90       _CallSettingFrame          0000000180019b90 f   libvcruntime:handlers.obj
 0001:00018bd0       __acrt_call_reportfault    0000000180019bd0 f   libucrt:invalid_parameter.obj
 0001:00018d2c       __acrt_initialize_invalid_parameter_handler 0000000180019d2c f   libucrt:invalid_parameter.obj
 0001:00018d34       _invalid_parameter         0000000180019d34 f   libucrt:invalid_parameter.obj
 0001:00018de4       _invalid_parameter_noinfo  0000000180019de4 f   libucrt:invalid_parameter.obj
 0001:00018e04       _invalid_parameter_noinfo_noreturn 0000000180019e04 f   libucrt:invalid_parameter.obj
 0001:00018e34       _invoke_watson             0000000180019e34 f   libucrt:invalid_parameter.obj
 0001:00018e7c       abort                      0000000180019e7c f   libucrt:abort.obj
 0001:00018ed4       fputc                      0000000180019ed4 f   libucrt:fputc.obj
 0001:00019204       __acrt_stdio_flush_nolock  000000018001a204 f   libucrt:fflush.obj
 0001:00019280       _fflush_nolock             000000018001a280 f   libucrt:fflush.obj
 0001:000192cc       _flushall                  000000018001a2cc f   libucrt:fflush.obj
 0001:000192d4       fflush                     000000018001a2d4 f   libucrt:fflush.obj
 0001:0001933c       _fclose_nolock             000000018001a33c f   libucrt:fclose.obj
 0001:000193c0       fclose                     000000018001a3c0 f   libucrt:fclose.obj
 0001:00019424       _fgetc_nolock              000000018001a424 f   libucrt:fgetc.obj
 0001:00019468       fgetc                      000000018001a468 f   libucrt:fgetc.obj
 0001:00019560       __acrt_initialize_stdio    000000018001a560 f   libucrt:_file.obj
 0001:00019680       __acrt_iob_func            000000018001a680 f   libucrt:_file.obj
 0001:00019694       __acrt_uninitialize_stdio  000000018001a694 f   libucrt:_file.obj
 0001:000196f0       _get_stream_buffer_pointers 000000018001a6f0 f   libucrt:_file.obj
 0001:00019738       _lock_file                 000000018001a738 f   libucrt:_file.obj
 0001:00019744       _unlock_file               000000018001a744 f   libucrt:_file.obj
 0001:000197f4       _fwrite_nolock             000000018001a7f4 f   libucrt:fwrite.obj
 0001:0001999c       fwrite                     000000018001a99c f   libucrt:fwrite.obj
 0001:00019a20       __acrt_errno_from_os_error 000000018001aa20 f   libucrt:errno.obj
 0001:00019a68       __acrt_errno_map_os_error  000000018001aa68 f   libucrt:errno.obj
 0001:00019ab8       __doserrno                 000000018001aab8 f   libucrt:errno.obj
 0001:00019ad8       _errno                     000000018001aad8 f   libucrt:errno.obj
 0001:00019af8       fgetpos                    000000018001aaf8 f   libucrt:fgetpos.obj
 0001:00019c74       setvbuf                    000000018001ac74 f   libucrt:setvbuf.obj
 0001:00019d10       free                       000000018001ad10 f   libucrt:free.obj
 0001:00019d24       _ungetc_nolock             000000018001ad24 f   libucrt:ungetc.obj
 0001:00019e3c       ungetc                     000000018001ae3c f   libucrt:ungetc.obj
 0001:00019e94       fsetpos                    000000018001ae94 f   libucrt:fsetpos.obj
 0001:0001a0f8       _fseeki64                  000000018001b0f8 f   libucrt:fseek.obj
 0001:0001a100       fseek                      000000018001b100 f   libucrt:fseek.obj
 0001:0001a108       realloc                    000000018001b108 f   libucrt:realloc.obj
[...]
 0004:000027b4       $pdata$__acrt_get_qualified_locale_downlevel 000000018004c7b4     libucrt:getqloc_downlevel.obj
 0004:000027c0       $pdata$?__mbrtowc_utf8@__crt_mbstring@@YA_KPEA_WPEBD_KPEAU_Mbstatet@@@Z 000000018004c7c0     libucrt:mbrtowc.obj
 0004:000027cc       $pdata$?__mbsrtowcs_utf8@__crt_mbstring@@YA_KPEA_WPEAPEBD_KPEAU_Mbstatet@@@Z 000000018004c7cc     libucrt:mbrtowc.obj
 0004:000027d8       $pdata$?__wcsrtombs_utf8@__crt_mbstring@@YA_KPEADPEAPEB_W_KPEAU_Mbstatet@@@Z 000000018004c7d8     libucrt:wcrtomb.obj
 0004:000027e4       $pdata$_wcsnicmp           000000018004c7e4     libucrt:wcsnicmp.obj
 0004:000027f0       $pdata$_wcsnicmp_l         000000018004c7f0     libucrt:wcsnicmp.obj
 0004:000027fc       $pdata$__ascii_strnicmp    000000018004c7fc     libucrt:strnicmp.obj
 0004:00002808       $pdata$_strnicmp           000000018004c808     libucrt:strnicmp.obj
 0004:00002814       $pdata$_strnicmp_l         000000018004c814     libucrt:strnicmp.obj
 0004:00002820       $pdata$??$common_sopen_dispatch@D@@YAHQEBDHHHQEAHH@Z 000000018004c820     libucrt:open.obj
 0004:0000282c       $pdata$?configure_text_mode@@YAHHUfile_options@?A0xa9d50aae@@HAEAW4__crt_lowio_text_mode@@@Z 000000018004c82c     libucrt:open.obj
 0004:00002838       $pdata$?decode_options@@YA?AUfile_options@?A0xa9d50aae@@HHH@Z 000000018004c838     libucrt:open.obj
 0004:00002844       $pdata$?truncate_ctrl_z_if_present@@YAHH@Z 000000018004c844     libucrt:open.obj
 0004:00002850       $pdata$_sopen_nolock       000000018004c850     libucrt:open.obj
 0004:0000285c       $pdata$_sopen_s            000000018004c85c     libucrt:open.obj
 0004:00002868       $pdata$_wsopen_nolock      000000018004c868     libucrt:open.obj
 0004:00002874       $pdata$strncpy_s           000000018004c874     libucrt:strncpy_s.obj
 0004:0000288c       $pdata$_call_matherr       000000018004c88c     libucrt:libm_error.obj
 0004:00002898       $pdata$_exception_enabled  000000018004c898     libucrt:libm_error.obj
 0004:000028a4       $pdata$_handle_error       000000018004c8a4     libucrt:libm_error.obj
 0004:000028b0       $pdata$_handle_errorf      000000018004c8b0     libucrt:libm_error.obj
 0004:000028bc       $pdata$_towlower_l         000000018004c8bc     libucrt:towlower.obj
 0004:000028c8       $pdata$qsort               000000018004c8c8     libucrt:qsort.obj
 0004:000028d4       $pdata$4$qsort             000000018004c8d4     libucrt:qsort.obj
 0004:000028e0       $pdata$5$qsort             000000018004c8e0     libucrt:qsort.obj
 0004:000028ec       $pdata$fallbackMethod      000000018004c8ec     libucrt:strpbrk.obj
 0004:000028f8       $pdata$strpbrk             000000018004c8f8     libucrt:strpbrk.obj
 0004:00002904       $pdata$??$__acrt_convert_wcs_mbs@D_W$$A6A_KPEA_WPEBD_KPEAU__crt_locale_pointers@@@ZU__crt_win32_buffer_internal_dynamic_resizing@@@@YAHQEBDAEAV?$__crt_win32_buffer@_WU__crt_win32_buffer_internal_dynamic_resizing@@@@A6A_KPEA_WPEBD_KPEAU__crt_locale_pointers@@@Z5@Z 000000018004c904     libucrt:findfirstfileexa.obj
 0004:00002910       $pdata$__acrt_FindFirstFileExA 000000018004c910     libucrt:findfirstfileexa.obj
 0004:0000291c       $pdata$??$__acrt_convert_wcs_mbs@_WD$$A6A_KPEADPEB_W_KPEAU__crt_locale_pointers@@@ZU__crt_win32_buffer_no_resizing@@@@YAHQEB_WAEAV?$__crt_win32_buffer@DU__crt_win32_buffer_no_resizing@@@@A6A_KPEADPEB_W_KPEAU__crt_locale_pointers@@@Z5@Z 000000018004c91c     libucrt:findnextfilea.obj
 0004:00002928       $pdata$__acrt_FindNextFileA 000000018004c928     libucrt:findnextfilea.obj
 0004:00002934       $pdata$_mbsdec_l           000000018004c934     libucrt:mbsdec.obj
 0004:00002940       $pdata$?initialize_multibyte@@YAHXZ 000000018004c940     libucrt:multibyte_initializer.obj
 0004:0000294c       $pdata$_msize_base         000000018004c94c     libucrt:msize.obj
 0004:00002958       $pdata$__dcrt_lowio_ensure_console_output_initialized 000000018004c958     libucrt:initcon.obj
 0004:00002964       $pdata$__dcrt_terminate_console_output 000000018004c964     libucrt:initcon.obj
 0004:00002970       $pdata$__dcrt_write_console 000000018004c970     libucrt:initcon.obj
 0004:0000297c       $pdata$??$common_xtox@K_W@@YAHKQEA_W_KI_N@Z 000000018004c97c     libucrt:xtoa.obj
 0004:00002988       $pdata$??$common_xtox_s@K_W@@YAHKQEA_W_KI_N@Z 000000018004c988     libucrt:xtoa.obj
 0004:00002994       $pdata$_itow_s             000000018004c994     libucrt:xtoa.obj
 0004:000029a0       $pdata$?__mbrtoc32_utf8@__crt_mbstring@@YA_KPEA_UPEBD_KPEAU_Mbstatet@@@Z 000000018004c9a0     libucrt:mbrtoc32.obj
 0004:000029ac       $pdata$?__c16rtomb_utf8@__crt_mbstring@@YA_KPEAD_SPEAU_Mbstatet@@@Z 000000018004c9ac     libucrt:c16rtomb.obj
 0004:000029b8       $pdata$_get_fmode          000000018004c9b8     libucrt:setmode.obj
 0004:000029c4       $pdata$_setmode_nolock     000000018004c9c4     libucrt:setmode.obj
 0004:000029d0       $pdata$_chsize_nolock      000000018004c9d0     libucrt:chsize.obj
 0004:000029e8       $pdata$__acrt_LCMapStringW 000000018004c9e8     libucrt:lcmapstringw.obj
 0004:000029f4       $pdata$?__c32rtomb_utf8@__crt_mbstring@@YA_KPEAD_UPEAU_Mbstatet@@@Z 000000018004c9f4     libucrt:c32rtomb.obj
 0004:00002a00       $pdata$_log10_special      000000018004ca00     libucrt:log_special.obj
 0004:00002a0c       $pdata$_log_special_common 000000018004ca0c     libucrt:log_special.obj
 0004:00002a18       $pdata$?DloadAcquireSectionWriteAccess@@YAXXZ 000000018004ca18     DelayImp:delayhlp.obj
 0004:00002a24       $pdata$?DloadGetSRWLockFunctionPointers@@YAEXZ 000000018004ca24     DelayImp:delayhlp.obj
 0004:00002a30       $pdata$?DloadMakePermanentImageCommit@@YAXPEAX_K@Z 000000018004ca30     DelayImp:delayhlp.obj
 0004:00002a3c       $pdata$?DloadObtainSection@@YAPEAXPEAK0@Z 000000018004ca3c     DelayImp:delayhlp.obj
 0004:00002a48       $pdata$?DloadProtectSection@@YAXKPEAK@Z 000000018004ca48     DelayImp:delayhlp.obj
 0004:00002a54       $pdata$?DloadReleaseSectionWriteAccess@@YAXXZ 000000018004ca54     DelayImp:delayhlp.obj
 0004:00002a60       $pdata$__delayLoadHelper2  000000018004ca60     DelayImp:delayhlp.obj
 0004:00002a6c       $pdata$_IsNonwritableInCurrentImage 000000018004ca6c     LIBCMT:pesect.obj
 0004:00002a78       $pdata$wcschr              000000018004ca78     libvcruntime:wcschr.obj
 0004:00002a84       $pdata$??0__non_rtti_object@std@@QEAA@AEBV01@@Z 000000018004ca84     libvcruntime:rtti.obj
 0004:00002a90       $pdata$??0bad_typeid@std@@QEAA@AEBV01@@Z 000000018004ca90     libvcruntime:rtti.obj
 0004:00002a9c       $pdata$?FindMITargetTypeInstance@@YAPEBU_s_RTTIBaseClassDescriptor@@PEAXPEBU_s_RTTICompleteObjectLocator@@PEAUTypeDescriptor@@_J2_K@Z 000000018004ca9c     libvcruntime:rtti.obj
 0004:00002aa8       $pdata$?FindSITargetTypeInstance@@YAPEBU_s_RTTIBaseClassDescriptor@@PEBU_s_RTTICompleteObjectLocator@@PEAUTypeDescriptor@@1_K@Z 000000018004caa8     libvcruntime:rtti.obj
 0004:00002ab4       $pdata$?FindVITargetTypeInstance@@YAPEBU_s_RTTIBaseClassDescriptor@@PEAXPEBU_s_RTTICompleteObjectLocator@@PEAUTypeDescriptor@@_J2_K@Z 000000018004cab4     libvcruntime:rtti.obj
 0004:00002ac0       $pdata$__RTDynamicCast     000000018004cac0     libvcruntime:rtti.obj
 0004:00002ad8       $pdata$__scrt_is_nonwritable_in_current_image$filt$0 000000018004cad8     LIBCMT:utility.obj
 0004:00002ae4       $pdata$?fin$0@?0??dllmain_crt_process_attach@@YAHQEAUHINSTANCE__@@QEAX@Z@4HA 000000018004cae4     LIBCMT:dll_dllmain.obj
 0004:00002af0       $pdata$?fin$0@?0??dllmain_crt_process_detach@@YAH_N@Z@4HA 000000018004caf0     LIBCMT:dll_dllmain.obj
 0004:00002afc       $pdata$?filt$0@?0??dllmain_dispatch@@YAHQEAUHINSTANCE__@@KQEAX@Z@4HA 000000018004cafc     LIBCMT:dll_dllmain.obj
 0004:00002b08       $pdata$_CallSETranslator$filt$0 000000018004cb08     libvcruntime:risctrnsctrl.obj
 0004:00002b14       $pdata$__DestructExceptionObject$filt$0 000000018004cb14     libvcruntime:ehhelpers.obj
 0004:00002b20       $pdata$__CxxCallCatchBlock$filt$0 000000018004cb20     libvcruntime:frame.obj
 0004:00002b2c       $pdata$__CxxCallCatchBlock$fin$1 000000018004cb2c     libvcruntime:frame.obj
 0004:00002b38       $pdata$__FrameUnwindToState$filt$0 000000018004cb38     libvcruntime:frame.obj
 0004:00002b44       $pdata$__FrameUnwindToState$fin$1 000000018004cb44     libvcruntime:frame.obj
 0004:00002b50       $pdata$fputc$fin$0         000000018004cb50     libucrt:fputc.obj
 0004:00002b5c       $pdata$?fin$0@?0???$?RV<lambda_842d9ff0dc9ef11c61343bbaebe7f885>@@AEAV<lambda_c5860995281e5c4ce005b3de8f5874ee>@@V<lambda_d90129c13df834fdcbf8d2b88dafcf2d>@@@?$__crt_seh_guarded_call@X@@QEAAX$$QEAV<lambda_842d9ff0dc9ef11c61343bbaebe7f885>@@AEAV<lambda_c5860995281e5c4ce005b3de8f5874ee>@@$$QEAV<lambda_d90129c13df834fdcbf8d2b88dafcf2d>@@@Z@4HA 000000018004cb5c     libucrt:fflush.obj
 0004:00002b5c       $pdata$?fin$0@?0???$?RV<lambda_84ec643ea9557e2f7dc01bb0e9624395>@@AEAV<lambda_ca71763b3c0644891230e4f79ea54fa6>@@V<lambda_439a761618c59b0600e24586724d733b>@@@?$__crt_seh_guarded_call@H@@QEAAH$$QEAV<lambda_84ec643ea9557e2f7dc01bb0e9624395>@@AEAV<lambda_ca71763b3c0644891230e4f79ea54fa6>@@$$QEAV<lambda_439a761618c59b0600e24586724d733b>@@@Z@4HA 000000018004cb5c     libucrt:setvbuf.obj
 0004:00002b5c       $pdata$?fin$0@?0???$?RV<lambda_c376a267cfb53b6959b3b692ec76b120>@@AEAV<lambda_9a32fed5bf61b6b509b2d3f6003082a1>@@V<lambda_572fbb9fa0ab338edf41edfd4b5fcc8d>@@@?$__crt_seh_guarded_call@H@@QEAAH$$QEAV<lambda_c376a267cfb53b6959b3b692ec76b120>@@AEAV<lambda_9a32fed5bf61b6b509b2d3f6003082a1>@@$$QEAV<lambda_572fbb9fa0ab338edf41edfd4b5fcc8d>@@@Z@4HA 000000018004cb5c     libucrt:fflush.obj
 0004:00002b5c       $pdata$?fin$0@?0???$?RV<lambda_bdbcead8b570fa3d5ec6d9679862a6e5>@@AEAV<lambda_96f4279ff90247a4c5c5d9824f56f8c1>@@V<lambda_4606be27f17b5e5579e09050fab91818>@@@?$__crt_seh_guarded_call@_K@@QEAA_K$$QEAV<lambda_bdbcead8b570fa3d5ec6d9679862a6e5>@@AEAV<lambda_96f4279ff90247a4c5c5d9824f56f8c1>@@$$QEAV<lambda_4606be27f17b5e5579e09050fab91818>@@@Z@4HA 000000018004cb5c     libucrt:fwrite.obj
 0004:00002b68       $pdata$?fin$0@?0???$?RV<lambda_886d6c58226a84441f68b9f2b8217b83>@@AEAV<lambda_ab61a845afdef5b7c387490eaf3616ee>@@V<lambda_f7f22ab5edc0698d5f6905b0d3f44752>@@@?$__crt_seh_guarded_call@X@@QEAAX$$QEAV<lambda_886d6c58226a84441f68b9f2b8217b83>@@AEAV<lambda_ab61a845afdef5b7c387490eaf3616ee>@@$$QEAV<lambda_f7f22ab5edc0698d5f6905b0d3f44752>@@@Z@4HA 000000018004cb68     libucrt:fflush.obj
 0004:00002b74       $pdata$?fin$0@?0??common_fseek@@YAHV__crt_stdio_stream@@_JH@Z@4HA 000000018004cb74     libucrt:fseek.obj
 0004:00002b74       $pdata$?fin$0@?0???$common_ftell@_J@@YA_JV__crt_stdio_stream@@@Z@4HA 000000018004cb74     libucrt:ftell.obj
 0004:00002b74       $pdata$fclose$fin$0        000000018004cb74     libucrt:fclose.obj
 0004:00002b80       $pdata$fgetc$fin$0         000000018004cb80     libucrt:fgetc.obj
 0004:00002b8c       $pdata$ungetc$fin$0        000000018004cb8c     libucrt:ungetc.obj
 0004:00002b98       $pdata$?fin$0@?0???$?RV<lambda_0ae27a3a962d80f24befdcbee591983d>@@AEAV<lambda_8d0ee55de4b1038c4002e0adecdf1839>@@V<lambda_dc504788e8f1664fe9b84e20bfb512f2>@@@?$__crt_seh_guarded_call@X@@QEAAX$$QEAV<lambda_0ae27a3a962d80f24befdcbee591983d>@@AEAV<lambda_8d0ee55de4b1038c4002e0adecdf1839>@@$$QEAV<lambda_dc504788e8f1664fe9b84e20bfb512f2>@@@Z@4HA 000000018004cb98     libucrt:per_thread_data.obj
 0004:00002b98       $pdata$?fin$0@?0???$?RV<lambda_7777bce6b2f8c936911f934f8298dc43>@@AEAV<lambda_f03950bc5685219e0bcd2087efbe011e>@@V<lambda_3883c3dff614d5e0c5f61bb1ac94921c>@@@?$__crt_seh_guarded_call@H@@QEAAH$$QEAV<lambda_7777bce6b2f8c936911f934f8298dc43>@@AEAV<lambda_f03950bc5685219e0bcd2087efbe011e>@@$$QEAV<lambda_3883c3dff614d5e0c5f61bb1ac94921c>@@@Z@4HA 000000018004cb98     libucrt:onexit.obj
 0004:00002b98       $pdata$?fin$0@?0???$?RV<lambda_bd00b5aa228bd7e7e5b2b5db5fd2933b>@@AEAV<lambda_777d11615145f89ee95b9466d285deeb>@@V<lambda_6e5e48fbd24f9f8f81b203eb3d877683>@@@?$__crt_seh_guarded_call@H@@QEAAH$$QEAV<lambda_bd00b5aa228bd7e7e5b2b5db5fd2933b>@@AEAV<lambda_777d11615145f89ee95b9466d285deeb>@@$$QEAV<lambda_6e5e48fbd24f9f8f81b203eb3d877683>@@@Z@4HA 000000018004cb98     libucrt:winapi_thunks.obj
 0004:00002b98       $pdata$?fin$0@?0???$?RV<lambda_f2e299630e499de9f9a165e60fcd3db5>@@AEAV<lambda_2ae9d31cdba2644fcbeaf08da7c24588>@@V<lambda_40d01ff24d0e7b3814fdbdcee8eab3c7>@@@?$__crt_seh_guarded_call@X@@QEAAX$$QEAV<lambda_f2e299630e499de9f9a165e60fcd3db5>@@AEAV<lambda_2ae9d31cdba2644fcbeaf08da7c24588>@@$$QEAV<lambda_40d01ff24d0e7b3814fdbdcee8eab3c7>@@@Z@4HA 000000018004cb98     libucrt:per_thread_data.obj
 0004:00002b98       $pdata$?fin$0@?0???$?RV<lambda_8369fcb7c4df1e85de37618bd2b85f07>@@AEAV<lambda_a10e4b102d4a2c3aac6f4f48bbdf488f>@@V<lambda_5b7707bd6d7a0c4713179f36c7fd995d>@@@?$__crt_seh_guarded_call@H@@QEAAH$$QEAV<lambda_8369fcb7c4df1e85de37618bd2b85f07>@@AEAV<lambda_a10e4b102d4a2c3aac6f4f48bbdf488f>@@$$QEAV<lambda_5b7707bd6d7a0c4713179f36c7fd995d>@@@Z@4HA 000000018004cb98     libucrt:onexit.obj
 0004:00002b98       $pdata$?fin$0@?0???$?RV<lambda_2d41944a1d46af3157314b8a01080d33>@@AEAV<lambda_8f455de75cd7d7f24b4096f044d8b9e6>@@V<lambda_aa500f224e6afead328df44964fe2772>@@@?$__crt_seh_guarded_call@X@@QEAAX$$QEAV<lambda_2d41944a1d46af3157314b8a01080d33>@@AEAV<lambda_8f455de75cd7d7f24b4096f044d8b9e6>@@$$QEAV<lambda_aa500f224e6afead328df44964fe2772>@@@Z@4HA 000000018004cb98     libucrt:per_thread_data.obj
 0004:00002b98       $pdata$?fin$0@?0???$?RV<lambda_1d892b297fdedeee07ed8124eeb2f2fa>@@AEAV<lambda_ffc046909424fd52df0ac47e64813305>@@V<lambda_01a7098693036236037e7cdb9bca3d73>@@@?$__crt_seh_guarded_call@X@@QEAAX$$QEAV<lambda_1d892b297fdedeee07ed8124eeb2f2fa>@@AEAV<lambda_ffc046909424fd52df0ac47e64813305>@@$$QEAV<lambda_01a7098693036236037e7cdb9bca3d73>@@@Z@4HA 000000018004cb98     libucrt:wsetlocale.obj
 0004:00002b98       $pdata$?fin$0@?0???$?RV<lambda_d80eeec6fff315bfe5c115232f3240e3>@@AEAV<lambda_6e4b09c48022b2350581041d5f6b0c4c>@@V<lambda_2358e3775559c9db80273638284d5e45>@@@?$__crt_seh_guarded_call@X@@QEAAX$$QEAV<lambda_d80eeec6fff315bfe5c115232f3240e3>@@AEAV<lambda_6e4b09c48022b2350581041d5f6b0c4c>@@$$QEAV<lambda_2358e3775559c9db80273638284d5e45>@@@Z@4HA 000000018004cb98     libucrt:exit.obj
 0004:00002b98       $pdata$?fin$0@?0???$?RV<lambda_efdfa57d1f175319df784efa44bb7b81>@@AEAV<lambda_5f0a4c1567f8adc6734073e5d1e1b35c>@@V<lambda_2e8a7d3640ea6ccb4c2413664c2db6fd>@@@?$__crt_seh_guarded_call@X@@QEAAX$$QEAV<lambda_efdfa57d1f175319df784efa44bb7b81>@@AEAV<lambda_5f0a4c1567f8adc6734073e5d1e1b35c>@@$$QEAV<lambda_2e8a7d3640ea6ccb4c2413664c2db6fd>@@@Z@4HA 000000018004cb98     libucrt:mbctype.obj
 0004:00002b98       $pdata$?fin$0@?0???$?RV<lambda_450d765d439847d4c735a33c368b5fc0>@@AEAV<lambda_44731a7d0e6d81c3e6aa82d741081786>@@V<lambda_601a2a7da3b7a96e9554ac7215c4b07c>@@@?$__crt_seh_guarded_call@P6AXH@Z@@QEAAP6AXH@Z$$QEAV<lambda_450d765d439847d4c735a33c368b5fc0>@@AEAV<lambda_44731a7d0e6d81c3e6aa82d741081786>@@$$QEAV<lambda_601a2a7da3b7a96e9554ac7215c4b07c>@@@Z@4HA 000000018004cb98     libucrt:signal.obj
 0004:00002b98       $pdata$?fin$0@?0???$?RV<lambda_9bd929c17696992ce54f1d748594fc62>@@AEAV<lambda_082c17da81b0962e08c0587ee0fac50c>@@V<lambda_9c08ac857f4975304d44e9f601d9b878>@@@?$__crt_seh_guarded_call@PEAD@@QEAAPEAD$$QEAV<lambda_9bd929c17696992ce54f1d748594fc62>@@AEAV<lambda_082c17da81b0962e08c0587ee0fac50c>@@$$QEAV<lambda_9c08ac857f4975304d44e9f601d9b878>@@@Z@4HA 000000018004cb98     libucrt:setlocale.obj
 0004:00002b98       $pdata$?fin$0@?0???$?RV<lambda_aa87e3671a710a21b5dc78c0bdf72e11>@@AEAV<lambda_92619d2358a28f41a33ba319515a20b9>@@V<lambda_6992ecaafeb10aed2b74cb1fae11a551>@@@?$__crt_seh_guarded_call@X@@QEAAX$$QEAV<lambda_aa87e3671a710a21b5dc78c0bdf72e11>@@AEAV<lambda_92619d2358a28f41a33ba319515a20b9>@@$$QEAV<lambda_6992ecaafeb10aed2b74cb1fae11a551>@@@Z@4HA 000000018004cb98     libucrt:per_thread_data.obj
 0004:00002ba4       $pdata$?fin$0@?0???$common_fsopen@D@@YAPEAU_iobuf@@QEBD0H@Z@4HA 000000018004cba4     libucrt:fopen.obj
 0004:00002bb0       $pdata$_query_new_handler$fin$0 000000018004cbb0     libucrt:new_handler.obj
 0004:00002bbc       $pdata$?filt$0@?0???R<lambda_6e4b09c48022b2350581041d5f6b0c4c>@@QEBA@XZ@4HA 000000018004cbbc     libucrt:exit.obj
 0004:00002bc8       $pdata$raise$fin$0         000000018004cbc8     libucrt:signal.obj
 0004:00002bd4       $pdata$__acrt_lowio_ensure_fh_exists$fin$0 000000018004cbd4     libucrt:osfinfo.obj
 0004:00002bd4       $pdata$__acrt_initialize_lowio$fin$0 000000018004cbd4     libucrt:ioinit.obj
 0004:00002bd4       $pdata$_alloc_osfhnd$fin$0 000000018004cbd4     libucrt:osfinfo.obj
 0004:00002be0       $pdata$?fin$0@?0???$?RV<lambda_a37b2b86f63e897a80ea819b0eb08c01>@@AEAV<lambda_38ce7e780aa69e748d6df282ebc68efe>@@V<lambda_99fb1378e971ab6e7edea83e3a7a83a2>@@@?$__crt_seh_guarded_call@H@@QEAAH$$QEAV<lambda_a37b2b86f63e897a80ea819b0eb08c01>@@AEAV<lambda_38ce7e780aa69e748d6df282ebc68efe>@@$$QEAV<lambda_99fb1378e971ab6e7edea83e3a7a83a2>@@@Z@4HA 000000018004cbe0     libucrt:commit.obj
 0004:00002be0       $pdata$?fin$0@?0???$?RV<lambda_751a882b2c74d4b022dec766aa51a29a>@@AEAV<lambda_628dfdc04ba53c8bfc02c9951375f3f5>@@V<lambda_f6c7be5f7998530c34de24c7437d6b54>@@@?$__crt_seh_guarded_call@H@@QEAAH$$QEAV<lambda_751a882b2c74d4b022dec766aa51a29a>@@AEAV<lambda_628dfdc04ba53c8bfc02c9951375f3f5>@@$$QEAV<lambda_f6c7be5f7998530c34de24c7437d6b54>@@@Z@4HA 000000018004cbe0     libucrt:close.obj
 0004:00002bec       $pdata$_write$fin$0        000000018004cbec     libucrt:write.obj
 0004:00002bec       $pdata$?fin$0@?0???$common_lseek@_J@@YA_JH_JH@Z@4HA 000000018004cbec     libucrt:lseek.obj
 0004:00002bf8       $pdata$_fcloseall$fin$0    000000018004cbf8     libucrt:closeall.obj
 0004:00002bf8       $pdata$?fin$0@?0??__acrt_stdio_allocate_stream@@YA?AV__crt_stdio_stream@@XZ@4HA 000000018004cbf8     libucrt:stream.obj
 0004:00002c04       $pdata$?fin$0@?0???$?RV<lambda_410d79af7f07d98d83a3f525b3859a53>@@AEAV<lambda_3e16ef9562a7dcce91392c22ab16ea36>@@V<lambda_38119f0e861e05405d8a144b9b982f0a>@@@?$__crt_seh_guarded_call@X@@QEAAX$$QEAV<lambda_410d79af7f07d98d83a3f525b3859a53>@@AEAV<lambda_3e16ef9562a7dcce91392c22ab16ea36>@@$$QEAV<lambda_38119f0e861e05405d8a144b9b982f0a>@@@Z@4HA 000000018004cc04     libucrt:wsetlocale.obj
 0004:00002c10       $pdata$?fin$0@?0???$?RV<lambda_7f2adfce497ff2baa965cd4f576ecfd1>@@AEAV<lambda_2a444430fde8c29194d880d93eed5e8f>@@AEAV<lambda_8dff2cf36a5417162780cd64fa2883ef>@@@?$__crt_seh_guarded_call@X@@QEAAX$$QEAV<lambda_7f2adfce497ff2baa965cd4f576ecfd1>@@AEAV<lambda_2a444430fde8c29194d880d93eed5e8f>@@AEAV<lambda_8dff2cf36a5417162780cd64fa2883ef>@@@Z@4HA 000000018004cc10     libucrt:wsetlocale.obj
 0004:00002c1c       $pdata$_ctrlfp$filt$0      000000018004cc1c     libucrt:fpctrl.obj
 0004:00002c28       $pdata$?fin$0@?0??update_thread_multibyte_data_internal@@YAPEAU__crt_multibyte_data@@QEAU__acrt_ptd@@QEAPEAU1@@Z@4HA 000000018004cc28     libucrt:mbctype.obj
 0004:00002c34       $pdata$__acrt_update_thread_locale_data$fin$0 000000018004cc34     libucrt:locale_refcounting.obj
 0004:00002c40       $pdata$_read$fin$0         000000018004cc40     libucrt:read.obj
 0004:00002c4c       $pdata$?fin$0@?0???$common_sopen_dispatch@D@@YAHQEBDHHHQEAHH@Z@4HA 000000018004cc4c     libucrt:open.obj
 0004:00002c58       $pdata$_IsNonwritableInCurrentImage$filt$0 000000018004cc58     LIBCMT:pesect.obj
 0004:00002c64       $pdata$__RTDynamicCast$filt$0 000000018004cc64     libvcruntime:rtti.obj
 0004:00002c70       $pdata$??__Fcout@std@@YAXXZ 000000018004cc70     libcpmt:cout.obj
 0004:00002c7c       $pdata$??__Fclassic_locale@std@@YAXXZ 000000018004cc7c     libcpmt:locale0.obj
 0004:00002c88       $pdata$??__Finit_atexit@@YAXXZ 000000018004cc88     libcpmt:iosptrs.obj
 0005:00000060       $R000000                   000000018004d060     * linker generated manifest res *

 Exports

  ordinal    name

        1    _register_addon_
