 addon

 Timestamp is 5b1adb29 (Fri Jun  8 15:38:17 2018)

 Preferred load address is 0000000180000000

 Start         Length     Name                   Class
 0001:00000000 0000d960H .text$mn                CODE
 0001:0000d960 00000020H .text$mn$00             CODE
 0001:0000d980 000003d0H .text$x                 CODE
 0002:00000000 00000250H .idata$5                DATA
 0002:00000250 00000010H .00cfg                  DATA
 0002:00000260 00000008H .CRT$XCA                DATA
 0002:00000268 00000008H .CRT$XCU                DATA
 0002:00000270 00000008H .CRT$XCZ                DATA
 0002:00000278 00000008H .CRT$XIA                DATA
 0002:00000280 00000018H .CRT$XIC                DATA
 0002:00000298 00000008H .CRT$XIZ                DATA
 0002:000002a0 00000008H .CRT$XPA                DATA
 0002:000002a8 00000010H .CRT$XPX                DATA
 0002:000002b8 00000008H .CRT$XPXA               DATA
 0002:000002c0 00000008H .CRT$XPZ                DATA
 0002:000002c8 00000008H .CRT$XTA                DATA
 0002:000002d0 00000010H .CRT$XTZ                DATA
 0002:000002d8 00000000H .gfids$y                DATA
 0002:000002e0 00007248H .rdata                  DATA
 0002:00007528 0000016cH .rdata$r                DATA
 0002:00007694 000003a4H .rdata$zzzdbg           DATA
 0002:00007a38 00000008H .rtc$IAA                DATA
 0002:00007a40 00000008H .rtc$IZZ                DATA
 0002:00007a48 00000008H .rtc$TAA                DATA
 0002:00007a50 00000008H .rtc$TZZ                DATA
 0002:00007a58 00000db0H .xdata                  DATA
 0002:00008808 00000084H .xdata$x                DATA
 0002:0000888c 00000020H .didat$2                DATA
 0002:000088ac 00000024H .didat$3                DATA
 0002:000088d0 00000050H .didat$4                DATA
 0002:00008920 00000270H .didat$6                DATA
 0002:00008b90 00000050H .didat$7                DATA
 0002:00008be0 00000050H .edata                  DATA
 0002:00008c30 00000014H .idata$2                DATA
 0002:00008c44 00000014H .idata$3                DATA
 0002:00008c58 00000250H .idata$4                DATA
 0002:00008ea8 0000055eH .idata$6                DATA
 0003:00000000 00000910H .data                   DATA
 0003:00000910 00000070H .data$r                 DATA
 0003:00000980 00000050H .didat$5                DATA
 0003:000009d0 000011f0H .bss                    DATA
 0004:00000000 00001008H .pdata                  DATA
 0005:00000000 00000060H .rsrc$01                DATA
 0005:00000060 00000180H .rsrc$02                DATA

  Address         Publics by Value              Rva+Base               Lib:Object

 0000:00000000       __guard_iat_count          0000000000000000     <absolute>
 0000:00000000       __dynamic_value_reloc_table 0000000000000000     <absolute>
 0000:00000000       __hybrid_code_map          0000000000000000     <absolute>
 0000:00000000       __hybrid_code_map_count    0000000000000000     <absolute>
 0000:00000000       __guard_iat_table          0000000000000000     <absolute>
 0000:00000000       __hybrid_auxiliary_iat     0000000000000000     <absolute>
 0000:00000000       __guard_longjmp_table      0000000000000000     <absolute>
 0000:00000000       __guard_longjmp_count      0000000000000000     <absolute>
 0000:00000000       __guard_fids_count         0000000000000000     <absolute>
 0000:00000000       __enclave_config           0000000000000000     <absolute>
 0000:00000000       ___safe_se_handler_table   0000000000000000     <absolute>
 0000:00000000       ___safe_se_handler_count   0000000000000000     <absolute>
 0000:00000000       __guard_fids_table         0000000000000000     <absolute>
 0000:00000100       __guard_flags              0000000000000100     <absolute>
 0000:00000000       __ImageBase                0000000180000000     <linker-defined>
 0001:00000000       ?init@@YAXV?$Local@VObject@v8@@@v8@@0@Z 0000000180001000 f   projAPI.obj
 0001:000000d0       ?Method@@YAXAEBV?$FunctionCallbackInfo@VValue@v8@@@v8@@@Z 00000001800010d0 f   projAPI.obj
 0001:0000017c       __imp_load_?GetCurrent@Isolate@v8@@SAPEAV12@XZ 000000018000117c f   node:node.exe
 0001:00000188       __tailMerge_node_exe       0000000180001188     node:node.exe
 0001:00000201       __imp_load_??1HandleScope@v8@@QEAA@XZ 0000000180001201 f   node:node.exe
 0001:0000020d       __imp_load_??0HandleScope@v8@@QEAA@PEAVIsolate@1@@Z 000000018000120d f   node:node.exe
 0001:00000219       __imp_load_?GetFunction@FunctionTemplate@v8@@QEAA?AV?$Local@VFunction@v8@@@2@XZ 0000000180001219 f   node:node.exe
 0001:00000225       __imp_load_?New@FunctionTemplate@v8@@SA?AV?$Local@VFunctionTemplate@v8@@@2@PEAVIsolate@2@P6AXAEBV?$FunctionCallbackInfo@VValue@v8@@@2@@ZV?$Local@VValue@v8@@@2@V?$Local@VSignature@v8@@@2@HW4ConstructorBehavior@2@@Z 0000000180001225 f   node:node.exe
 0001:00000231       __imp_load_?NewFromUtf8@String@v8@@SA?AV?$Local@VString@v8@@@2@PEAVIsolate@2@PEBDW4NewStringType@12@H@Z 0000000180001231 f   node:node.exe
 0001:0000023d       __imp_load_?Set@Object@v8@@QEAA_NV?$Local@VValue@v8@@@2@0@Z 000000018000123d f   node:node.exe
 0001:00000249       __imp_load_?SetName@Function@v8@@QEAAXV?$Local@VString@v8@@@2@@Z 0000000180001249 f   node:node.exe
 0001:00000255       __imp_load_node_module_register 0000000180001255 f   node:node.exe
 0001:00000280       __security_check_cookie    0000000180001280 f   LIBCMT:_amdsecgs_.obj
 0001:000005c4       _DllMainCRTStartup         00000001800015c4 f   LIBCMT:dll_dllmain.obj
 0001:00000604       __raise_securityfailure    0000000180001604 f   LIBCMT:gs_report.obj
 0001:00000638       __report_gsfailure         0000000180001638 f   LIBCMT:gs_report.obj
 0001:0000070c       __report_rangecheckfailure 000000018000170c f   LIBCMT:gs_report.obj
 0001:00000720       __report_securityfailure   0000000180001720 f   LIBCMT:gs_report.obj
 0001:000008a0       __security_init_cookie     00000001800018a0 f   LIBCMT:gs_support.obj
 0001:00000950       DllMain                    0000000180001950 f   LIBCMT:dll_dllmain_stub.obj
 0001:00000950       _get_startup_argv_mode     0000000180001950 f   LIBCMT:argv_mode.obj
 0001:00000958       ?__scrt_initialize_type_info@@YAXXZ 0000000180001958 f   LIBCMT:tncleanup.obj
 0001:00000968       ?__scrt_uninitialize_type_info@@YAXXZ 0000000180001968 f   LIBCMT:tncleanup.obj
 0001:00000974       __local_stdio_printf_options 0000000180001974 f i LIBCMT:default_local_stdio_options.obj
 0001:0000097c       __local_stdio_scanf_options 000000018000197c f i LIBCMT:default_local_stdio_options.obj
 0001:00000984       __scrt_initialize_default_local_stdio_options 0000000180001984 f   LIBCMT:default_local_stdio_options.obj
 0001:000009a0       __scrt_acquire_startup_lock 00000001800019a0 f   LIBCMT:utility.obj
 0001:000009dc       __scrt_dllmain_after_initialize_c 00000001800019dc f   LIBCMT:utility.obj
 0001:00000a10       __scrt_dllmain_before_initialize_c 0000000180001a10 f   LIBCMT:utility.obj
 0001:00000a28       __scrt_dllmain_crt_thread_attach 0000000180001a28 f   LIBCMT:utility.obj
 0001:00000a50       __scrt_dllmain_crt_thread_detach 0000000180001a50 f   LIBCMT:utility.obj
 0001:00000a68       __scrt_dllmain_exception_filter 0000000180001a68 f   LIBCMT:utility.obj
 0001:00000ac8       __scrt_dllmain_uninitialize_c 0000000180001ac8 f   LIBCMT:utility.obj
 0001:00000af8       __scrt_dllmain_uninitialize_critical 0000000180001af8 f   LIBCMT:utility.obj
 0001:00000b0c       __scrt_initialize_crt      0000000180001b0c f   LIBCMT:utility.obj
 0001:00000b58       __scrt_initialize_onexit_tables 0000000180001b58 f   LIBCMT:utility.obj
 0001:00000c34       __scrt_is_nonwritable_in_current_image 0000000180001c34 f   LIBCMT:utility.obj
 0001:00000cd0       __scrt_release_startup_lock 0000000180001cd0 f   LIBCMT:utility.obj
 0001:00000cf4       __scrt_uninitialize_crt    0000000180001cf4 f   LIBCMT:utility.obj
 0001:00000d20       __scrt_get_dyn_tls_init_callback 0000000180001d20 f   LIBCMT:dyn_tls_init.obj
 0001:00000d28       __crt_debugger_hook        0000000180001d28 f   LIBCMT:utility_desktop.obj
 0001:00000d30       __scrt_fastfail            0000000180001d30 f   LIBCMT:utility_desktop.obj
 0001:00000e7c       _RTC_Initialize            0000000180001e7c f   LIBCMT:_initsect_.obj
 0001:00000eb8       _RTC_Terminate             0000000180001eb8 f   LIBCMT:_initsect_.obj
 0001:00000ef4       _guard_check_icall_nop     0000000180001ef4 f i LIBCMT:guard_support.obj
 0001:00000ef8       __isa_available_init       0000000180001ef8 f   LIBCMT:_cpu_disp_.obj
 0001:000010b4       __scrt_is_ucrt_dll_in_use  00000001800020b4 f   LIBCMT:ucrt_detection.obj
 0001:000010c0       __C_specific_handler       00000001800020c0 f   libvcruntime:_riscchandler_.obj
 0001:000012cc       __std_type_info_compare    00000001800022cc f   libvcruntime:std_type_info.obj
 0001:000012f4       __std_type_info_destroy_list 00000001800022f4 f   libvcruntime:std_type_info.obj
 0001:00001320       __vcrt_initialize          0000000180002320 f   libvcruntime:initialization.obj
 0001:00001354       __vcrt_thread_attach       0000000180002354 f   libvcruntime:initialization.obj
 0001:00001368       __vcrt_thread_detach       0000000180002368 f   libvcruntime:initialization.obj
 0001:0000137c       __vcrt_uninitialize        000000018000237c f   libvcruntime:initialization.obj
 0001:0000139c       __vcrt_uninitialize_critical 000000018000239c f   libvcruntime:initialization.obj
 0001:000013c0       memset                     00000001800023c0 f   libvcruntime:memset.obj
 0001:00001580       _local_unwind              0000000180002580 f   libvcruntime:_jmpuwind_.obj
 0001:000015b0       _NLG_Notify                00000001800025b0 f   libvcruntime:_jmpuwind_.obj
 0001:000015d0       __NLG_Dispatch2            00000001800025d0 f   libvcruntime:_jmpuwind_.obj
 0001:000015e0       __NLG_Return2              00000001800025e0 f   libvcruntime:_jmpuwind_.obj
 0001:000015e4       __except_validate_context_record 00000001800025e4 f   libvcruntime:jbcxrval.obj
 0001:0000161c       __vcrt_freefls             000000018000261c f   libvcruntime:per_thread_data.obj
 0001:0000163c       __vcrt_freeptd             000000018000263c f   libvcruntime:per_thread_data.obj
 0001:0000168c       __vcrt_getptd              000000018000268c f   libvcruntime:per_thread_data.obj
 0001:000016a8       __vcrt_getptd_noexit       00000001800026a8 f   libvcruntime:per_thread_data.obj
 0001:00001760       __vcrt_initialize_ptd      0000000180002760 f   libvcruntime:per_thread_data.obj
 0001:000017b0       __vcrt_uninitialize_ptd    00000001800027b0 f   libvcruntime:per_thread_data.obj
 0001:000017d4       __vcrt_initialize_locks    00000001800027d4 f   libvcruntime:locks.obj
 0001:0000181c       __vcrt_uninitialize_locks  000000018000281c f   libvcruntime:locks.obj
 0001:00001a2c       __vcrt_FlsAlloc            0000000180002a2c f   libvcruntime:winapi_downlevel.obj
 0001:00001a74       __vcrt_FlsFree             0000000180002a74 f   libvcruntime:winapi_downlevel.obj
 0001:00001abc       __vcrt_FlsGetValue         0000000180002abc f   libvcruntime:winapi_downlevel.obj
 0001:00001b04       __vcrt_FlsSetValue         0000000180002b04 f   libvcruntime:winapi_downlevel.obj
 0001:00001b58       __vcrt_InitializeCriticalSectionEx 0000000180002b58 f   libvcruntime:winapi_downlevel.obj
 0001:00001bbc       __vcrt_initialize_winapi_thunks 0000000180002bbc f   libvcruntime:winapi_downlevel.obj
 0001:00001bec       __vcrt_uninitialize_winapi_thunks 0000000180002bec f   libvcruntime:winapi_downlevel.obj
 0001:00001c2c       __vcrt_initialize_pure_virtual_call_handler 0000000180002c2c f   libvcruntime:purevirt_data.obj
 0001:00001c3c       ?_ExecutionInCatch@@YAHPEAU_xDISPATCHER_CONTEXT@@PEBU_s_FuncInfo@@@Z 0000000180002c3c f   libvcruntime:risctrnsctrl.obj
 0001:00001cb0       ?_GetEstablisherFrame@@YAPEA_KPEA_KPEAU_xDISPATCHER_CONTEXT@@PEBU_s_FuncInfo@@0@Z 0000000180002cb0 f   libvcruntime:risctrnsctrl.obj
 0001:00001d7c       ?_GetRangeOfTrysToCheck@@YAPEBU_s_TryBlockMapEntry@@PEA_KPEBU_s_FuncInfo@@HHPEAI2PEAU_xDISPATCHER_CONTEXT@@@Z 0000000180002d7c f   libvcruntime:risctrnsctrl.obj
 0001:00001ea8       ?__FrameUnwindToEmptyState@@YAXPEA_KPEAU_xDISPATCHER_CONTEXT@@PEBU_s_FuncInfo@@@Z 0000000180002ea8 f   libvcruntime:risctrnsctrl.obj
 0001:00001f3c       _CallSETranslator          0000000180002f3c f   libvcruntime:risctrnsctrl.obj
 0001:00001f90       _CreateFrameInfo           0000000180002f90 f   libvcruntime:risctrnsctrl.obj
 0001:00001fcc       _FindAndUnlinkFrame        0000000180002fcc f   libvcruntime:risctrnsctrl.obj
 0001:00002020       _GetImageBase              0000000180003020 f   libvcruntime:risctrnsctrl.obj
 0001:00002034       _GetThrowImageBase         0000000180003034 f   libvcruntime:risctrnsctrl.obj
 0001:00002048       _SetImageBase              0000000180003048 f   libvcruntime:risctrnsctrl.obj
 0001:00002060       _SetThrowImageBase         0000000180003060 f   libvcruntime:risctrnsctrl.obj
 0001:00002078       _UnwindNestedFrames        0000000180003078 f   libvcruntime:risctrnsctrl.obj
 0001:0000219c       __CxxFrameHandler3         000000018000319c f   libvcruntime:risctrnsctrl.obj
 0001:00002230       memmove                    0000000180003230 f   libvcruntime:memcpy.obj
 0001:00002230       memcpy                     0000000180003230 f   libvcruntime:memcpy.obj
 0001:00002678       ?__GetCurrentState@@YAHPEA_KPEAU_xDISPATCHER_CONTEXT@@PEBU_s_FuncInfo@@@Z 0000000180003678 f   libvcruntime:riscehstate.obj
 0001:000026a0       ?__GetUnwindTryBlock@@YAHPEA_KPEAU_xDISPATCHER_CONTEXT@@PEBU_s_FuncInfo@@@Z 00000001800036a0 f   libvcruntime:riscehstate.obj
 0001:000026cc       ?__SetState@@YAXPEA_KPEAU_xDISPATCHER_CONTEXT@@PEBU_s_FuncInfo@@H@Z 00000001800036cc f   libvcruntime:riscehstate.obj
 0001:000026d8       ?__SetUnwindTryBlock@@YAXPEA_KPEAU_xDISPATCHER_CONTEXT@@PEBU_s_FuncInfo@@H@Z 00000001800036d8 f   libvcruntime:riscehstate.obj
 0001:00002714       ?__StateFromControlPc@@YAHPEBU_s_FuncInfo@@PEAU_xDISPATCHER_CONTEXT@@@Z 0000000180003714 f   libvcruntime:riscehstate.obj
 0001:0000271c       ?__StateFromIp@@YAHPEBU_s_FuncInfo@@PEAU_xDISPATCHER_CONTEXT@@_K@Z 000000018000371c f   libvcruntime:riscehstate.obj
 0001:00002784       ??0bad_exception@std@@QEAA@AEBV01@@Z 0000000180003784 f i libvcruntime:frame.obj
 0001:000027c4       ??0bad_exception@std@@QEAA@XZ 00000001800037c4 f i libvcruntime:frame.obj
 0001:000027e4       ??0exception@std@@QEAA@AEBV01@@Z 00000001800037e4 f i libvcruntime:frame.obj
 0001:0000281c       ??1bad_exception@std@@UEAA@XZ 000000018000381c f i libvcruntime:frame.obj
 0001:00002830       ??_Gbad_exception@std@@UEAAPEAXI@Z 0000000180003830 f i libvcruntime:frame.obj
 0001:00002830       ??_Gexception@std@@UEAAPEAXI@Z 0000000180003830 f i libvcruntime:frame.obj
 0001:00002830       ??_Ebad_exception@std@@UEAAPEAXI@Z 0000000180003830 f i libvcruntime:frame.obj
 0001:00002830       ??_Eexception@std@@UEAAPEAXI@Z 0000000180003830 f i libvcruntime:frame.obj
 0001:0000319c       ?_CallMemberFunction1@@YAXQEAX00@Z 000000018000419c f i libvcruntime:frame.obj
 0001:000031a8       ?_CallMemberFunction2@@YAXQEAX00H@Z 00000001800041a8 f i libvcruntime:frame.obj
 0001:000031b8       ?what@exception@std@@UEBAPEBDXZ 00000001800041b8 f i libvcruntime:frame.obj
 0001:000031cc       __BuildCatchObject         00000001800041cc f   libvcruntime:frame.obj
 0001:0000328c       __BuildCatchObjectHelper   000000018000428c f   libvcruntime:frame.obj
 0001:0000348c       __CxxCallCatchBlock        000000018000448c f   libvcruntime:frame.obj
 0001:00003678       __FrameUnwindToState       0000000180004678 f   libvcruntime:frame.obj
 0001:0000380c       __InternalCxxFrameHandler  000000018000480c f   libvcruntime:frame.obj
 0001:00003a50       __TypeMatch                0000000180004a50 f   libvcruntime:frame.obj
 0001:00003bb0       _CallSettingFrame          0000000180004bb0 f   libvcruntime:handlers.obj
 0001:00003bf0       __DestructExceptionObject  0000000180004bf0 f   libvcruntime:ehhelpers.obj
 0001:00003c64       ?_CallMemberFunction0@@YAXQEAX0@Z 0000000180004c64 f i libvcruntime:ehhelpers.obj
 0001:00003c68       _IsExceptionObjectToBeDestroyed 0000000180004c68 f   libvcruntime:ehhelpers.obj
 0001:00003c98       __AdjustPointer            0000000180004c98 f   libvcruntime:ehhelpers.obj
 0001:00003cbc       __FrameUnwindFilter        0000000180004cbc f   libvcruntime:ehhelpers.obj
 0001:00003d08       __std_exception_copy       0000000180004d08 f   libvcruntime:std_exception.obj
 0001:00003d98       __std_exception_destroy    0000000180004d98 f   libvcruntime:std_exception.obj
 0001:00003dc0       _CxxThrowException         0000000180004dc0 f   libvcruntime:throw.obj
 0001:00003e80       ??0_LocaleUpdate@@QEAA@QEAU__crt_locale_pointers@@@Z 0000000180004e80 f i libucrt:stricmp.obj
 0001:00003f1c       ??1_LocaleUpdate@@QEAA@XZ  0000000180004f1c f i libucrt:stricmp.obj
 0001:00003f30       __ascii_stricmp            0000000180004f30 f   libucrt:stricmp.obj
 0001:00003f70       _stricmp                   0000000180004f70 f   libucrt:stricmp.obj
 0001:00003fb8       _stricmp_l                 0000000180004fb8 f   libucrt:stricmp.obj
 0001:0000406c       _initterm                  000000018000506c f   libucrt:initterm.obj
 0001:000040d0       _initterm_e                00000001800050d0 f   libucrt:initterm.obj
 0001:00004110       _seh_filter_dll            0000000180005110 f   libucrt:exception_filter.obj
 0001:00004124       _seh_filter_exe            0000000180005124 f   libucrt:exception_filter.obj
 0001:0000451c       __acrt_initialize_thread_local_exit_callback 000000018000551c f   libucrt:exit.obj
 0001:00004524       _cexit                     0000000180005524 f   libucrt:exit.obj
 0001:00004534       _exit                      0000000180005534 f   libucrt:exit.obj
 0001:00004540       _is_c_termination_complete 0000000180005540 f   libucrt:exit.obj
 0001:0000470c       __acrt_allocate_buffer_for_argv 000000018000570c f   libucrt:argv_parsing.obj
 0001:0000476c       _configure_narrow_argv     000000018000576c f   libucrt:argv_parsing.obj
 0001:00004ae4       __dcrt_uninitialize_environments_nolock 0000000180005ae4 f   libucrt:environment_initialization.obj
 0001:00004b1c       _initialize_narrow_environment 0000000180005b1c f   libucrt:environment_initialization.obj
 0001:00004cac       _execute_onexit_table      0000000180005cac f   libucrt:onexit.obj
 0001:00004ce8       _initialize_onexit_table   0000000180005ce8 f   libucrt:onexit.obj
 0001:00004d60       __acrt_uninitialize_command_line 0000000180005d60 f   libucrt:argv_data.obj
 0001:00004e6c       __acrt_initialize          0000000180005e6c f   libucrt:initialization.obj
 0001:00004e80       __acrt_thread_attach       0000000180005e80 f   libucrt:initialization.obj
 0001:00004e94       __acrt_thread_detach       0000000180005e94 f   libucrt:initialization.obj
 0001:00004ea4       __acrt_uninitialize        0000000180005ea4 f   libucrt:initialization.obj
 0001:00004edc       __acrt_uninitialize_critical 0000000180005edc f   libucrt:initialization.obj
 0001:00004eec       terminate                  0000000180005eec f   libucrt:terminate.obj
 0001:00004f0c       free                       0000000180005f0c f   libucrt:free.obj
 0001:00004f20       malloc                     0000000180005f20 f   libucrt:malloc.obj
 0001:00004f28       strcpy_s                   0000000180005f28 f   libucrt:strcpy_s.obj
 0001:00004fb0       strncmp                    0000000180005fb0 f   libucrt:strncmp.obj
 0001:00005030       abort                      0000000180006030 f   libucrt:abort.obj
 0001:00005088       calloc                     0000000180006088 f   libucrt:calloc.obj
 0001:00005090       wcsncmp                    0000000180006090 f   libucrt:wcsncmp.obj
 0001:000050bc       __acrt_call_reportfault    00000001800060bc f   libucrt:invalid_parameter.obj
 0001:00005218       __acrt_initialize_invalid_parameter_handler 0000000180006218 f   libucrt:invalid_parameter.obj
 0001:00005220       _invalid_parameter         0000000180006220 f   libucrt:invalid_parameter.obj
 0001:000052d0       _invalid_parameter_noinfo  00000001800062d0 f   libucrt:invalid_parameter.obj
 0001:000052f0       _invoke_watson             00000001800062f0 f   libucrt:invalid_parameter.obj
 0001:00005338       __acrt_errno_from_os_error 0000000180006338 f   libucrt:errno.obj
 0001:00005380       __acrt_errno_map_os_error  0000000180006380 f   libucrt:errno.obj
 0001:000053d0       __doserrno                 00000001800063d0 f   libucrt:errno.obj
 0001:000053f0       _errno                     00000001800063f0 f   libucrt:errno.obj
 0001:00005460       _tolower_l                 0000000180006460 f   libucrt:tolower_toupper.obj
 0001:00005918       __acrt_freeptd             0000000180006918 f   libucrt:per_thread_data.obj
 0001:0000595c       __acrt_getptd              000000018000695c f   libucrt:per_thread_data.obj
 0001:00005a20       __acrt_getptd_head         0000000180006a20 f   libucrt:per_thread_data.obj
 0001:00005ac8       __acrt_getptd_noexit       0000000180006ac8 f   libucrt:per_thread_data.obj
 0001:00005b80       __acrt_initialize_ptd      0000000180006b80 f   libucrt:per_thread_data.obj
 0001:00005bbc       __acrt_uninitialize_ptd    0000000180006bbc f   libucrt:per_thread_data.obj
 0001:00005be0       __acrt_update_locale_info  0000000180006be0 f   libucrt:locale_update.obj
 0001:00005c14       __acrt_update_multibyte_info 0000000180006c14 f   libucrt:locale_update.obj
 0001:00005cb8       __acrt_set_locale_changed  0000000180006cb8 f   libucrt:wsetlocale.obj
 0001:00005cc4       __acrt_uninitialize_locale 0000000180006cc4 f   libucrt:wsetlocale.obj
 0001:00005cf4       __acrt_initialize_locks    0000000180006cf4 f   libucrt:locks.obj
 0001:00005d3c       __acrt_lock                0000000180006d3c f   libucrt:locks.obj
 0001:00005d58       __acrt_uninitialize_locks  0000000180006d58 f   libucrt:locks.obj
 0001:00005d90       __acrt_unlock              0000000180006d90 f   libucrt:locks.obj
 0001:00005dac       __acrt_get_process_end_policy 0000000180006dac f   libucrt:win_policies.obj
 0001:00005de8       _calloc_base               0000000180006de8 f   libucrt:calloc_base.obj
 0001:00005e60       _free_base                 0000000180006e60 f   libucrt:free_base.obj
 0001:00006408       __acrt_expand_narrow_argv_wildcards 0000000180007408 f   libucrt:argv_wildcards.obj
 0001:00006410       __acrt_GetModuleFileNameA  0000000180007410 f   libucrt:getmodulefilenamea.obj
 0001:00006bb8       __acrt_initialize_multibyte 0000000180007bb8 f   libucrt:mbctype.obj
 0001:00006c18       __acrt_update_thread_multibyte_data 0000000180007c18 f   libucrt:mbctype.obj
 0001:00006c34       _setmbcp_nolock            0000000180007c34 f   libucrt:mbctype.obj
 0001:00006f64       _ismbblead                 0000000180007f64 f   libucrt:ismbbyte.obj
 0001:00006f78       __acrt_initialize_command_line 0000000180007f78 f   libucrt:argv_data.obj
 0001:00006fa0       __acrt_MultiByteToWideChar 0000000180007fa0 f   libucrt:multibytetowidechar.obj
 0001:00006ffc       __acrt_WideCharToMultiByte 0000000180007ffc f   libucrt:widechartomultibyte.obj
 0001:00007094       __dcrt_get_narrow_environment_from_os 0000000180008094 f   libucrt:get_environment_from_os.obj
 0001:00007198       _recalloc                  0000000180008198 f   libucrt:recalloc.obj
 0001:000071a0       _recalloc_base             00000001800081a0 f   libucrt:recalloc.obj
 0001:00007410       __acrt_AppPolicyGetProcessTerminationMethodInternal 0000000180008410 f   libucrt:winapi_thunks.obj
 0001:00007460       __acrt_FlsAlloc            0000000180008460 f   libucrt:winapi_thunks.obj
 0001:000074a8       __acrt_FlsFree             00000001800084a8 f   libucrt:winapi_thunks.obj
 0001:000074f0       __acrt_FlsGetValue         00000001800084f0 f   libucrt:winapi_thunks.obj
 0001:00007538       __acrt_FlsSetValue         0000000180008538 f   libucrt:winapi_thunks.obj
 0001:0000758c       __acrt_InitializeCriticalSectionEx 000000018000858c f   libucrt:winapi_thunks.obj
 0001:000075f0       __acrt_LCMapStringEx       00000001800085f0 f   libucrt:winapi_thunks.obj
 0001:000076cc       __acrt_LocaleNameToLCID    00000001800086cc f   libucrt:winapi_thunks.obj
 0001:0000771c       __acrt_initialize_winapi_thunks 000000018000871c f   libucrt:winapi_thunks.obj
 0001:00007764       __acrt_uninitialize_winapi_thunks 0000000180008764 f   libucrt:winapi_thunks.obj
 0001:000077a8       __acrt_initialize_heap     00000001800087a8 f   libucrt:heap_handle.obj
 0001:000077c4       __acrt_uninitialize_heap   00000001800087c4 f   libucrt:heap_handle.obj
 0001:000079b8       __acrt_initialize_lowio    00000001800089b8 f   libucrt:ioinit.obj
 0001:000079f4       __acrt_uninitialize_lowio  00000001800089f4 f   libucrt:ioinit.obj
 0001:00007a34       __acrt_execute_initializers 0000000180008a34 f   libucrt:shared_initialization.obj
 0001:00007ab4       __acrt_execute_uninitializers 0000000180008ab4 f   libucrt:shared_initialization.obj
 0001:00007af0       __acrt_initialize_new_handler 0000000180008af0 f   libucrt:new_handler.obj
 0001:00007af8       _callnewh                  0000000180008af8 f   libucrt:new_handler.obj
 0001:00007b28       _query_new_handler         0000000180008b28 f   libucrt:new_handler.obj
 0001:00007ba4       __acrt_get_sigabrt_handler 0000000180008ba4 f   libucrt:signal.obj
 0001:00007bd4       __acrt_initialize_signal_handlers 0000000180008bd4 f   libucrt:signal.obj
 0001:00007bf4       raise                      0000000180008bf4 f   libucrt:signal.obj
 0001:00007e74       __acrt_has_user_matherr    0000000180008e74 f   libucrt:matherr.obj
 0001:00007e94       __acrt_initialize_user_matherr 0000000180008e94 f   libucrt:matherr.obj
 0001:00007e9c       __acrt_invoke_user_matherr 0000000180008e9c f   libucrt:matherr.obj
 0001:000080a8       __acrt_stdio_flush_nolock  00000001800090a8 f   libucrt:fflush.obj
 0001:00008124       _fflush_nolock             0000000180009124 f   libucrt:fflush.obj
 0001:00008170       _flushall                  0000000180009170 f   libucrt:fflush.obj
 0001:00008178       __acrt_initialize_stdio    0000000180009178 f   libucrt:_file.obj
 0001:00008298       __acrt_uninitialize_stdio  0000000180009298 f   libucrt:_file.obj
 0001:000082f4       _lock_file                 00000001800092f4 f   libucrt:_file.obj
 0001:00008300       _unlock_file               0000000180009300 f   libucrt:_file.obj
 0001:0000830c       _malloc_base               000000018000930c f   libucrt:malloc_base.obj
 0001:0000836c       _mbtowc_l                  000000018000936c f   libucrt:mbtowc.obj
 0001:000084e8       mbtowc                     00000001800094e8 f   libucrt:mbtowc.obj
 0001:000084f0       _fileno                    00000001800094f0 f   libucrt:fileno.obj
 0001:00008518       __pctype_func              0000000180009518 f   libucrt:ctype.obj
 0001:00008548       _isctype_l                 0000000180009548 f   libucrt:isctype.obj
 0001:0000865c       _isleadbyte_l              000000018000965c f i libucrt:_wctype.obj
 0001:000089b4       __acrt_LCMapStringA        00000001800099b4 f   libucrt:lcmapstringa.obj
 0001:00008a4c       __acrt_add_locale_ref      0000000180009a4c f   libucrt:locale_refcounting.obj
 0001:00008ad8       __acrt_free_locale         0000000180009ad8 f   libucrt:locale_refcounting.obj
 0001:00008c50       __acrt_locale_add_lc_time_reference 0000000180009c50 f   libucrt:locale_refcounting.obj
 0001:00008c78       __acrt_locale_free_lc_time_if_unreferenced 0000000180009c78 f   libucrt:locale_refcounting.obj
 0001:00008cb0       __acrt_locale_release_lc_time_reference 0000000180009cb0 f   libucrt:locale_refcounting.obj
 0001:00008cd8       __acrt_release_locale_ref  0000000180009cd8 f   libucrt:locale_refcounting.obj
 0001:00008d80       __acrt_update_thread_locale_data 0000000180009d80 f   libucrt:locale_refcounting.obj
 0001:00008df0       _updatetlocinfoEx_nolock   0000000180009df0 f   libucrt:locale_refcounting.obj
 0001:00008e58       __acrt_locale_free_monetary 0000000180009e58 f   libucrt:initmon.obj
 0001:00008f64       __acrt_locale_free_numeric 0000000180009f64 f   libucrt:initnum.obj
 0001:00009024       __acrt_locale_free_time    000000018000a024 f   libucrt:inittime.obj
 0001:0000912c       __acrt_GetStringTypeA      000000018000a12c f   libucrt:getstringtypea.obj
 0001:000092bc       _query_new_mode            000000018000a2bc f   libucrt:new_mode.obj
 0001:000092d0       qsort                      000000018000a2d0 f   libucrt:qsort.obj
 0001:00009680       strncpy_s                  000000018000a680 f   libucrt:strncpy_s.obj
 0001:00009810       strpbrk                    000000018000a810 f   libucrt:strpbrk.obj
 0001:00009bf0       ??$__acrt_convert_wcs_mbs@D_W$$A6A_KPEA_WPEBD_KPEAU__crt_locale_pointers@@@ZU__crt_win32_buffer_internal_dynamic_resizing@@@@YAHQEBDAEAV?$__crt_win32_buffer@_WU__crt_win32_buffer_internal_dynamic_resizing@@@@A6A_KPEA_WPEBD_KPEAU__crt_locale_pointers@@@Z5@Z 000000018000abf0 f i libucrt:findfirstfileexa.obj
 0001:00009cf8       __acrt_FindFirstFileExA    000000018000acf8 f   libucrt:findfirstfileexa.obj
 0001:00009d9c       ??$__acrt_convert_wcs_mbs@_WD$$A6A_KPEADPEB_W_KPEAU__crt_locale_pointers@@@ZU__crt_win32_buffer_no_resizing@@@@YAHQEB_WAEAV?$__crt_win32_buffer@DU__crt_win32_buffer_no_resizing@@@@A6A_KPEADPEB_W_KPEAU__crt_locale_pointers@@@Z5@Z 000000018000ad9c f i libucrt:findnextfilea.obj
 0001:00009e68       __acrt_FindNextFileA       000000018000ae68 f   libucrt:findnextfilea.obj
 0001:00009f9c       _mbsdec                    000000018000af9c f   libucrt:mbsdec.obj
 0001:00009fa4       _mbsdec_l                  000000018000afa4 f   libucrt:mbsdec.obj
 0001:0000a23c       _mbstowcs_l                000000018000b23c f   libucrt:mbstowcs.obj
 0001:0000a244       mbstowcs                   000000018000b244 f   libucrt:mbstowcs.obj
 0001:0000a278       _msize                     000000018000b278 f   libucrt:msize.obj
 0001:0000a280       _msize_base                000000018000b280 f   libucrt:msize.obj
 0001:0000a2bc       _realloc_base              000000018000b2bc f   libucrt:realloc_base.obj
 0001:0000a420       __acrt_DownlevelLocaleNameToLCID 000000018000b420 f   libucrt:lcidtoname_downlevel.obj
 0001:0000a454       __acrt_lowio_create_handle_array 000000018000b454 f   libucrt:osfinfo.obj
 0001:0000a4ec       __acrt_lowio_destroy_handle_array 000000018000b4ec f   libucrt:osfinfo.obj
 0001:0000a53c       __acrt_lowio_ensure_fh_exists 000000018000b53c f   libucrt:osfinfo.obj
 0001:0000a5e4       __acrt_lowio_lock_fh       000000018000b5e4 f   libucrt:osfinfo.obj
 0001:0000a608       __acrt_lowio_unlock_fh     000000018000b608 f   libucrt:osfinfo.obj
 0001:0000a62c       _free_osfhnd               000000018000b62c f   libucrt:osfinfo.obj
 0001:0000a6e8       _get_osfhandle             000000018000b6e8 f   libucrt:osfinfo.obj
 0001:0000a7ec       _commit                    000000018000b7ec f   libucrt:commit.obj
 0001:0000ae28       _write                     000000018000be28 f   libucrt:write.obj
 0001:0000af14       _write_nolock              000000018000bf14 f   libucrt:write.obj
 0001:0000b1f4       _fcloseall                 000000018000c1f4 f   libucrt:closeall.obj
 0001:0000b2a8       __acrt_stdio_free_buffer_nolock 000000018000c2a8 f   libucrt:_freebuf.obj
 0001:0000b2e8       _isatty                    000000018000c2e8 f   libucrt:isatty.obj
 0001:0000b348       ?__mbrtowc_utf8@__crt_mbstring@@YA_KPEA_WPEBD_KPEAU_Mbstatet@@@Z 000000018000c348 f   libucrt:mbrtowc.obj
 0001:0000b384       ?__mbsrtowcs_utf8@__crt_mbstring@@YA_KPEA_WPEAPEBD_KPEAU_Mbstatet@@@Z 000000018000c384 f   libucrt:mbrtowc.obj
 0001:0000b4fc       __strncnt                  000000018000c4fc f   libucrt:strncnt.obj
 0001:0000b87c       _wcstombs_l                000000018000c87c f   libucrt:wcstombs.obj
 0001:0000b884       _query_app_type            000000018000c884 f   libucrt:report_runtime_error.obj
 0001:0000b928       _lseeki64_nolock           000000018000c928 f   libucrt:lseek.obj
 0001:0000b930       _putwch_nolock             000000018000c930 f   libucrt:putwch.obj
 0001:0000b96c       _fclose_nolock             000000018000c96c f   libucrt:fclose.obj
 0001:0000b9f0       fclose                     000000018000c9f0 f   libucrt:fclose.obj
 0001:0000ba54       ?__mbrtoc32_utf8@__crt_mbstring@@YA_KPEA_UPEBD_KPEAU_Mbstatet@@@Z 000000018000ca54 f   libucrt:mbrtoc32.obj
 0001:0000bc30       log10                      000000018000cc30 f   libucrt:log10.obj
 0001:0000c1dc       ?__wcsrtombs_utf8@__crt_mbstring@@YA_KPEADPEAPEB_W_KPEAU_Mbstatet@@@Z 000000018000d1dc f   libucrt:wcrtomb.obj
 0001:0000c2f8       __dcrt_lowio_ensure_console_output_initialized 000000018000d2f8 f   libucrt:initcon.obj
 0001:0000c34c       __dcrt_terminate_console_output 000000018000d34c f   libucrt:initcon.obj
 0001:0000c368       __dcrt_write_console       000000018000d368 f   libucrt:initcon.obj
 0001:0000c49c       _close                     000000018000d49c f   libucrt:close.obj
 0001:0000c540       _close_nolock              000000018000d540 f   libucrt:close.obj
 0001:0000c5fc       ?__acrt_stdio_free_stream@@YAXV__crt_stdio_stream@@@Z 000000018000d5fc f   libucrt:stream.obj
 0001:0000c73c       _handle_error              000000018000d73c f   libucrt:libm_error.obj
 0001:0000c870       __acrt_initialize_fma3     000000018000d870 f   libucrt:fma3_available.obj
 0001:0000c8e0       _log10_special             000000018000d8e0 f   libucrt:log_special.obj
 0001:0000c998       ?__c16rtomb_utf8@__crt_mbstring@@YA_KPEAD_SPEAU_Mbstatet@@@Z 000000018000d998 f   libucrt:c16rtomb.obj
 0001:0000ca50       _get_fpsr                  000000018000da50 f   libucrt:fpsr.obj
 0001:0000ca60       _set_fpsr                  000000018000da60 f   libucrt:fpsr.obj
 0001:0000ca6a       _fclrf                     000000018000da6a f   libucrt:fpsr.obj
 0001:0000ca7e       _frnd                      000000018000da7e f   libucrt:fpsr.obj
 0001:0000caa0       _raise_exc                 000000018000daa0 f   libucrt:fpexcept.obj
 0001:0000cac8       _raise_exc_ex              000000018000dac8 f   libucrt:fpexcept.obj
 0001:0000cdd8       _set_errno_from_matherr    000000018000ddd8 f   libucrt:fpexcept.obj
 0001:0000ce08       _clrfp                     000000018000de08 f   libucrt:fpctrl.obj
 0001:0000ce28       _ctrlfp                    000000018000de28 f   libucrt:fpctrl.obj
 0001:0000cea4       _set_statfp                000000018000dea4 f   libucrt:fpctrl.obj
 0001:0000cec4       _statfp                    000000018000dec4 f   libucrt:fpctrl.obj
 0001:0000ced8       ?__c32rtomb_utf8@__crt_mbstring@@YA_KPEAD_UPEAU_Mbstatet@@@Z 000000018000ded8 f   libucrt:c32rtomb.obj
 0001:0000cf90       c32rtomb                   000000018000df90 f   libucrt:c32rtomb.obj
 0001:0000cf95       IsProcessorFeaturePresent  000000018000df95 f   kernel32:KERNEL32.dll
 0001:0000cf9b       RtlUnwindEx                000000018000df9b f   kernel32:KERNEL32.dll
 0001:0000cfa4       ?DloadAcquireSectionWriteAccess@@YAXXZ 000000018000dfa4 f i DelayImp:delayhlp.obj
 0001:0000d050       ?DloadGetSRWLockFunctionPointers@@YAEXZ 000000018000e050 f i DelayImp:delayhlp.obj
 0001:0000d0ec       ?DloadMakePermanentImageCommit@@YAXPEAX_K@Z 000000018000e0ec f i DelayImp:delayhlp.obj
 0001:0000d184       ?DloadObtainSection@@YAPEAXPEAK0@Z 000000018000e184 f i DelayImp:delayhlp.obj
 0001:0000d220       ?DloadProtectSection@@YAXKPEAK@Z 000000018000e220 f i DelayImp:delayhlp.obj
 0001:0000d2b0       ?DloadReleaseSectionWriteAccess@@YAXXZ 000000018000e2b0 f i DelayImp:delayhlp.obj
 0001:0000d344       __delayLoadHelper2         000000018000e344 f   DelayImp:delayhlp.obj
 0001:0000d610       _FindPESection             000000018000e610 f   LIBCMT:pesect.obj
 0001:0000d660       _IsNonwritableInCurrentImage 000000018000e660 f   LIBCMT:pesect.obj
 0001:0000d6b0       _ValidateImageBase         000000018000e6b0 f   LIBCMT:pesect.obj
 0001:0000d6e0       __GSHandlerCheck           000000018000e6e0 f   LIBCMT:_gshandler_.obj
 0001:0000d700       __GSHandlerCheckCommon     000000018000e700 f   LIBCMT:_gshandler_.obj
 0001:0000d75c       ??_Gtype_info@@UEAAPEAXI@Z 000000018000e75c f i LIBCMT:std_type_info_static.obj
 0001:0000d75c       ??_Etype_info@@UEAAPEAXI@Z 000000018000e75c f i LIBCMT:std_type_info_static.obj
 0001:0000d788       ??3@YAXPEAX_K@Z            000000018000e788 f   LIBCMT:delete_scalar_size.obj
 0001:0000d7a0       __chkstk                   000000018000e7a0 f   LIBCMT:_chkstk_.obj
 0001:0000d7a0       _alloca_probe              000000018000e7a0 f   LIBCMT:_chkstk_.obj
 0001:0000d7f4       __GSHandlerCheck_EH        000000018000e7f4 f   LIBCMT:gshandlereh.obj
 0001:0000d874       ??3@YAXPEAX@Z              000000018000e874 f   LIBCMT:delete_scalar.obj
 0001:0000d890       memcmp                     000000018000e890 f   libvcruntime:memcmp.obj
 0001:0000d970       _guard_dispatch_icall_nop  000000018000e970 f   LIBCMT:_guard_dispatch_.obj
 0002:00000000       __imp_GetModuleHandleA     000000018000f000     kernel32:KERNEL32.dll
 0002:00000008       __imp_VirtualQuery         000000018000f008     kernel32:KERNEL32.dll
 0002:00000010       __imp_RtlCaptureContext    000000018000f010     kernel32:KERNEL32.dll
 0002:00000018       __imp_RtlLookupFunctionEntry 000000018000f018     kernel32:KERNEL32.dll
 0002:00000020       __imp_RtlVirtualUnwind     000000018000f020     kernel32:KERNEL32.dll
 0002:00000028       __imp_UnhandledExceptionFilter 000000018000f028     kernel32:KERNEL32.dll
 0002:00000030       __imp_SetUnhandledExceptionFilter 000000018000f030     kernel32:KERNEL32.dll
 0002:00000038       __imp_GetCurrentProcess    000000018000f038     kernel32:KERNEL32.dll
 0002:00000040       __imp_TerminateProcess     000000018000f040     kernel32:KERNEL32.dll
 0002:00000048       __imp_IsProcessorFeaturePresent 000000018000f048     kernel32:KERNEL32.dll
 0002:00000050       __imp_QueryPerformanceCounter 000000018000f050     kernel32:KERNEL32.dll
 0002:00000058       __imp_GetCurrentProcessId  000000018000f058     kernel32:KERNEL32.dll
 0002:00000060       __imp_GetCurrentThreadId   000000018000f060     kernel32:KERNEL32.dll
 0002:00000068       __imp_GetSystemTimeAsFileTime 000000018000f068     kernel32:KERNEL32.dll
 0002:00000070       __imp_InitializeSListHead  000000018000f070     kernel32:KERNEL32.dll
 0002:00000078       __imp_IsDebuggerPresent    000000018000f078     kernel32:KERNEL32.dll
 0002:00000080       __imp_GetStartupInfoW      000000018000f080     kernel32:KERNEL32.dll
 0002:00000088       __imp_GetModuleHandleW     000000018000f088     kernel32:KERNEL32.dll
 0002:00000090       __imp_RtlUnwindEx          000000018000f090     kernel32:KERNEL32.dll
 0002:00000098       __imp_InterlockedFlushSList 000000018000f098     kernel32:KERNEL32.dll
 0002:000000a0       __imp_GetLastError         000000018000f0a0     kernel32:KERNEL32.dll
 0002:000000a8       __imp_SetLastError         000000018000f0a8     kernel32:KERNEL32.dll
 0002:000000b0       __imp_EnterCriticalSection 000000018000f0b0     kernel32:KERNEL32.dll
 0002:000000b8       __imp_LeaveCriticalSection 000000018000f0b8     kernel32:KERNEL32.dll
 0002:000000c0       __imp_DeleteCriticalSection 000000018000f0c0     kernel32:KERNEL32.dll
 0002:000000c8       __imp_InitializeCriticalSectionAndSpinCount 000000018000f0c8     kernel32:KERNEL32.dll
 0002:000000d0       __imp_TlsAlloc             000000018000f0d0     kernel32:KERNEL32.dll
 0002:000000d8       __imp_TlsGetValue          000000018000f0d8     kernel32:KERNEL32.dll
 0002:000000e0       __imp_TlsSetValue          000000018000f0e0     kernel32:KERNEL32.dll
 0002:000000e8       __imp_TlsFree              000000018000f0e8     kernel32:KERNEL32.dll
 0002:000000f0       __imp_FreeLibrary          000000018000f0f0     kernel32:KERNEL32.dll
 0002:000000f8       __imp_GetProcAddress       000000018000f0f8     kernel32:KERNEL32.dll
 0002:00000100       __imp_LoadLibraryExW       000000018000f100     kernel32:KERNEL32.dll
 0002:00000108       __imp_EncodePointer        000000018000f108     kernel32:KERNEL32.dll
 0002:00000110       __imp_RaiseException       000000018000f110     kernel32:KERNEL32.dll
 0002:00000118       __imp_RtlPcToFileHeader    000000018000f118     kernel32:KERNEL32.dll
 0002:00000120       __imp_ExitProcess          000000018000f120     kernel32:KERNEL32.dll
 0002:00000128       __imp_GetModuleHandleExW   000000018000f128     kernel32:KERNEL32.dll
 0002:00000130       __imp_GetModuleFileNameW   000000018000f130     kernel32:KERNEL32.dll
 0002:00000138       __imp_HeapAlloc            000000018000f138     kernel32:KERNEL32.dll
 0002:00000140       __imp_HeapFree             000000018000f140     kernel32:KERNEL32.dll
 0002:00000148       __imp_FindClose            000000018000f148     kernel32:KERNEL32.dll
 0002:00000150       __imp_FindFirstFileExW     000000018000f150     kernel32:KERNEL32.dll
 0002:00000158       __imp_FindNextFileW        000000018000f158     kernel32:KERNEL32.dll
 0002:00000160       __imp_IsValidCodePage      000000018000f160     kernel32:KERNEL32.dll
 0002:00000168       __imp_GetACP               000000018000f168     kernel32:KERNEL32.dll
 0002:00000170       __imp_GetOEMCP             000000018000f170     kernel32:KERNEL32.dll
 0002:00000178       __imp_GetCPInfo            000000018000f178     kernel32:KERNEL32.dll
 0002:00000180       __imp_GetCommandLineA      000000018000f180     kernel32:KERNEL32.dll
 0002:00000188       __imp_GetCommandLineW      000000018000f188     kernel32:KERNEL32.dll
 0002:00000190       __imp_MultiByteToWideChar  000000018000f190     kernel32:KERNEL32.dll
 0002:00000198       __imp_WideCharToMultiByte  000000018000f198     kernel32:KERNEL32.dll
 0002:000001a0       __imp_GetEnvironmentStringsW 000000018000f1a0     kernel32:KERNEL32.dll
 0002:000001a8       __imp_FreeEnvironmentStringsW 000000018000f1a8     kernel32:KERNEL32.dll
 0002:000001b0       __imp_LCMapStringW         000000018000f1b0     kernel32:KERNEL32.dll
 0002:000001b8       __imp_GetProcessHeap       000000018000f1b8     kernel32:KERNEL32.dll
 0002:000001c0       __imp_GetStdHandle         000000018000f1c0     kernel32:KERNEL32.dll
 0002:000001c8       __imp_GetFileType          000000018000f1c8     kernel32:KERNEL32.dll
 0002:000001d0       __imp_GetStringTypeW       000000018000f1d0     kernel32:KERNEL32.dll
 0002:000001d8       __imp_HeapSize             000000018000f1d8     kernel32:KERNEL32.dll
 0002:000001e0       __imp_HeapReAlloc          000000018000f1e0     kernel32:KERNEL32.dll
 0002:000001e8       __imp_SetStdHandle         000000018000f1e8     kernel32:KERNEL32.dll
 0002:000001f0       __imp_FlushFileBuffers     000000018000f1f0     kernel32:KERNEL32.dll
 0002:000001f8       __imp_WriteFile            000000018000f1f8     kernel32:KERNEL32.dll
 0002:00000200       __imp_GetConsoleCP         000000018000f200     kernel32:KERNEL32.dll
 0002:00000208       __imp_GetConsoleMode       000000018000f208     kernel32:KERNEL32.dll
 0002:00000210       __imp_SetFilePointerEx     000000018000f210     kernel32:KERNEL32.dll
 0002:00000218       __imp_CreateFileW          000000018000f218     kernel32:KERNEL32.dll
 0002:00000220       __imp_CloseHandle          000000018000f220     kernel32:KERNEL32.dll
 0002:00000228       __imp_WriteConsoleW        000000018000f228     kernel32:KERNEL32.dll
 0002:00000230       __imp_GetSystemInfo        000000018000f230     kernel32:KERNEL32.dll
 0002:00000238       __imp_VirtualProtect       000000018000f238     kernel32:KERNEL32.dll
 0002:00000240       __imp_LoadLibraryExA       000000018000f240     kernel32:KERNEL32.dll
 0002:00000248       \177KERNEL32_NULL_THUNK_DATA 000000018000f248     kernel32:KERNEL32.dll
 0002:00000250       __guard_check_icall_fptr   000000018000f250     LIBCMT:guard_support.obj
 0002:00000258       __guard_dispatch_icall_fptr 000000018000f258     LIBCMT:guard_support.obj
 0002:00000260       __xc_a                     000000018000f260     LIBCMT:initializers.obj
 0002:00000268       _register_addon_           000000018000f268     projAPI.obj
 0002:00000270       __xc_z                     000000018000f270     LIBCMT:initializers.obj
 0002:00000278       __xi_a                     000000018000f278     LIBCMT:initializers.obj
 0002:00000280       __acrt_multibyte_initializer 000000018000f280     libucrt:multibyte_initializer.obj
 0002:00000288       __acrt_stdio_initializer   000000018000f288     libucrt:stdio_initializer.obj
 0002:00000290       __acrt_tran_fma3_initializer 000000018000f290     libucrt:fma3_initializer.obj
 0002:00000298       __xi_z                     000000018000f298     LIBCMT:initializers.obj
 0002:000002a0       __xp_a                     000000018000f2a0     LIBCMT:initializers.obj
 0002:000002a8       __acrt_locale_terminator   000000018000f2a8     libucrt:locale_initializer.obj
 0002:000002b0       __dcrt_console_output_terminator 000000018000f2b0     libucrt:console_output_initializer.obj
 0002:000002b8       __acrt_stdio_terminator    000000018000f2b8     libucrt:stdio_initializer.obj
 0002:000002c0       __xp_z                     000000018000f2c0     LIBCMT:initializers.obj
 0002:000002c8       __xt_a                     000000018000f2c8     LIBCMT:initializers.obj
 0002:000002d0       __xt_z                     000000018000f2d0     LIBCMT:initializers.obj
 0002:000002e0       __sz_node_exe              000000018000f2e0     node:node.exe
 0002:000002f0       _pDefaultRawDllMain        000000018000f2f0     LIBCMT:dll_dllmain.obj
 0002:000002f0       _pRawDllMain               000000018000f2f0     LIBCMT:dll_dllmain.obj
 0002:00000640       ??_C@_08EHJDFFNH@__based?$CI?$AA@ 000000018000f640     libvcruntime:undname.obj
 0002:00000650       ??_C@_07KOLFKCDI@__cdecl?$AA@ 000000018000f650     libvcruntime:undname.obj
 0002:00000658       ??_C@_08GHMPAG@__pascal?$AA@ 000000018000f658     libvcruntime:undname.obj
 0002:00000668       ??_C@_09IFJBGAPI@__stdcall?$AA@ 000000018000f668     libvcruntime:undname.obj
 0002:00000678       ??_C@_0L@NPHFGOKO@__thiscall?$AA@ 000000018000f678     libvcruntime:undname.obj
 0002:00000688       ??_C@_0L@JMKHOMEK@__fastcall?$AA@ 000000018000f688     libvcruntime:undname.obj
 0002:00000698       ??_C@_0N@BCKKPABJ@__vectorcall?$AA@ 000000018000f698     libvcruntime:undname.obj
 0002:000006a8       ??_C@_09HIJEGCPM@__clrcall?$AA@ 000000018000f6a8     libvcruntime:undname.obj
 0002:000006b4       ??_C@_06GHPCKEAG@__eabi?$AA@ 000000018000f6b4     libvcruntime:undname.obj
 0002:000006c0       ??_C@_07EECFKIPL@__swift?$AA@ 000000018000f6c0     libvcruntime:undname.obj
 0002:000006c8       ??_C@_07JOMMBBKO@__ptr64?$AA@ 000000018000f6c8     libvcruntime:undname.obj
 0002:000006d0       ??_C@_0L@PILCLIHE@__restrict?$AA@ 000000018000f6d0     libvcruntime:undname.obj
 0002:000006e0       ??_C@_0M@GFIIJFMG@__unaligned?$AA@ 000000018000f6e0     libvcruntime:undname.obj
 0002:000006f0       ??_C@_09DHDLOLLB@restrict?$CI?$AA@ 000000018000f6f0     libvcruntime:undname.obj
 0002:000006fa       ??_C@_00CNPNBAHC@?$AA@     000000018000f6fa     libvcruntime:undname.obj
 0002:000006fc       ??_C@_04NIHEBCM@?5new?$AA@ 000000018000f6fc     libvcruntime:undname.obj
 0002:00000708       ??_C@_07FPCDHGMM@?5delete?$AA@ 000000018000f708     libvcruntime:undname.obj
 0002:00000710       ??_C@_01NEMOKFLO@?$DN?$AA@ 000000018000f710     libvcruntime:undname.obj
 0002:00000714       ??_C@_02GPIOPFAK@?$DO?$DO?$AA@ 000000018000f714     libvcruntime:undname.obj
 0002:00000718       ??_C@_02FODMEDOG@?$DM?$DM?$AA@ 000000018000f718     libvcruntime:undname.obj
 0002:0000071c       ??_C@_01DCLJPIOD@?$CB?$AA@ 000000018000f71c     libvcruntime:undname.obj
 0002:00000720       ??_C@_02EGOFBIJA@?$DN?$DN?$AA@ 000000018000f720     libvcruntime:undname.obj
 0002:00000724       ??_C@_02FDNJECIE@?$CB?$DN?$AA@ 000000018000f724     libvcruntime:undname.obj
 0002:00000728       ??_C@_02GPECMEKF@?$FL?$FN?$AA@ 000000018000f728     libvcruntime:undname.obj
 0002:00000730       ??_C@_08LHJFAFGD@operator?$AA@ 000000018000f730     libvcruntime:undname.obj
 0002:0000073c       ??_C@_02HBOOOICD@?9?$DO?$AA@ 000000018000f73c     libvcruntime:undname.obj
 0002:00000740       ??_C@_01NBENCBCI@?$CK?$AA@ 000000018000f740     libvcruntime:undname.obj
 0002:00000744       ??_C@_02ECNGHCIF@?$CL?$CL?$AA@ 000000018000f744     libvcruntime:undname.obj
 0002:00000748       ??_C@_02BAABKJLB@?9?9?$AA@ 000000018000f748     libvcruntime:undname.obj
 0002:0000074c       ??_C@_01JOAMLHOP@?9?$AA@   000000018000f74c     libvcruntime:undname.obj
 0002:00000750       ??_C@_01MIFGBAGJ@?$CL?$AA@ 000000018000f750     libvcruntime:undname.obj
 0002:00000754       ??_C@_01HNPIGOCE@?$CG?$AA@ 000000018000f754     libvcruntime:undname.obj
 0002:00000758       ??_C@_03MNHNFDLC@?9?$DO?$CK?$AA@ 000000018000f758     libvcruntime:undname.obj
 0002:0000075c       ??_C@_01KMDKNFGN@?1?$AA@   000000018000f75c     libvcruntime:undname.obj
 0002:00000760       ??_C@_01FGNFDNOH@?$CF?$AA@ 000000018000f760     libvcruntime:undname.obj
 0002:00000764       ??_C@_01MNNFJEPP@?$DM?$AA@ 000000018000f764     libvcruntime:undname.obj
 0002:00000768       ??_C@_02EHCHHCKH@?$DM?$DN?$AA@ 000000018000f768     libvcruntime:undname.obj
 0002:0000076c       ??_C@_01PPODPGHN@?$DO?$AA@ 000000018000f76c     libvcruntime:undname.obj
 0002:00000770       ??_C@_02EEKDKGMJ@?$DO?$DN?$AA@ 000000018000f770     libvcruntime:undname.obj
 0002:00000774       ??_C@_01IHBHIGKO@?0?$AA@   000000018000f774     libvcruntime:undname.obj
 0002:00000778       ??_C@_02HCKGKOFO@?$CI?$CJ?$AA@ 000000018000f778     libvcruntime:undname.obj
 0002:0000077c       ??_C@_01PJKLJHI@?$HO?$AA@  000000018000f77c     libvcruntime:undname.obj
 0002:00000780       ??_C@_01JKBOJNNK@?$FO?$AA@ 000000018000f780     libvcruntime:undname.obj
 0002:00000784       ??_C@_01DNKMNLPK@?$HM?$AA@ 000000018000f784     libvcruntime:undname.obj
 0002:00000788       ??_C@_02PPKAJPJL@?$CG?$CG?$AA@ 000000018000f788     libvcruntime:undname.obj
 0002:0000078c       ??_C@_02NONPIBCD@?$HM?$HM?$AA@ 000000018000f78c     libvcruntime:undname.obj
 0002:00000790       ??_C@_02FPIMKNGF@?$CK?$DN?$AA@ 000000018000f790     libvcruntime:undname.obj
 0002:00000794       ??_C@_02FOEOMHFC@?$CL?$DN?$AA@ 000000018000f794     libvcruntime:undname.obj
 0002:00000798       ??_C@_02FKMDLLOA@?9?$DN?$AA@ 000000018000f798     libvcruntime:undname.obj
 0002:0000079c       ??_C@_02FJEHGPIO@?1?$DN?$AA@ 000000018000f79c     libvcruntime:undname.obj
 0002:000007a0       ??_C@_02FENAOKFI@?$CF?$DN?$AA@ 000000018000f7a0     libvcruntime:undname.obj
 0002:000007a4       ??_C@_03IKFCCPFF@?$DO?$DO?$DN?$AA@ 000000018000f7a4     libvcruntime:undname.obj
 0002:000007a8       ??_C@_03CDNPDDLA@?$DM?$DM?$DN?$AA@ 000000018000f7a8     libvcruntime:undname.obj
 0002:000007ac       ??_C@_02FGJGFEAB@?$CG?$DN?$AA@ 000000018000f7ac     libvcruntime:undname.obj
 0002:000007b0       ??_C@_02DHLNPPGH@?$HM?$DN?$AA@ 000000018000f7b0     libvcruntime:undname.obj
 0002:000007b4       ??_C@_02MHEGNOJ@?$FO?$DN?$AA@ 000000018000f7b4     libvcruntime:undname.obj
 0002:000007b8       ??_C@_09IFPLHPGF@?$GAvftable?8?$AA@ 000000018000f7b8     libvcruntime:undname.obj
 0002:000007c8       ??_C@_09BLBHBJP@?$GAvbtable?8?$AA@ 000000018000f7c8     libvcruntime:undname.obj
 0002:000007d8       ??_C@_07FEEIOKP@?$GAvcall?8?$AA@ 000000018000f7d8     libvcruntime:undname.obj
 0002:000007e0       ??_C@_08LLFFHHDJ@?$GAtypeof?8?$AA@ 000000018000f7e0     libvcruntime:undname.obj
 0002:000007f0       ??_C@_0BF@KDPPACIK@?$GAlocal?5static?5guard?8?$AA@ 000000018000f7f0     libvcruntime:undname.obj
 0002:00000808       ??_C@_08OBABFOLI@?$GAstring?8?$AA@ 000000018000f808     libvcruntime:undname.obj
 0002:00000818       ??_C@_0BD@JDLKDPAB@?$GAvbase?5destructor?8?$AA@ 000000018000f818     libvcruntime:undname.obj
 0002:00000830       ??_C@_0BN@DEGPLNFK@?$GAvector?5deleting?5destructor?8?$AA@ 000000018000f830     libvcruntime:undname.obj
 0002:00000850       ??_C@_0BO@OBMKPJIG@?$GAdefault?5constructor?5closure?8?$AA@ 000000018000f850     libvcruntime:undname.obj
 0002:00000870       ??_C@_0BN@IMDCHIKM@?$GAscalar?5deleting?5destructor?8?$AA@ 000000018000f870     libvcruntime:undname.obj
 0002:00000890       ??_C@_0BO@PFGOCPJJ@?$GAvector?5constructor?5iterator?8?$AA@ 000000018000f890     libvcruntime:undname.obj
 0002:000008b0       ??_C@_0BN@LFPFMEDL@?$GAvector?5destructor?5iterator?8?$AA@ 000000018000f8b0     libvcruntime:undname.obj
 0002:000008d0       ??_C@_0CE@IKBNEHA@?$GAvector?5vbase?5constructor?5iterat@ 000000018000f8d0     libvcruntime:undname.obj
 0002:000008f8       ??_C@_0BL@NILFHHPC@?$GAvirtual?5displacement?5map?8?$AA@ 000000018000f8f8     libvcruntime:undname.obj
 0002:00000918       ??_C@_0CB@JONCMFFK@?$GAeh?5vector?5constructor?5iterator?8@ 000000018000f918     libvcruntime:undname.obj
 0002:00000940       ??_C@_0CA@GCEOPDGL@?$GAeh?5vector?5destructor?5iterator?8?$AA@ 000000018000f940     libvcruntime:undname.obj
 0002:00000960       ??_C@_0CH@OOJPLCPH@?$GAeh?5vector?5vbase?5constructor?5ite@ 000000018000f960     libvcruntime:undname.obj
 0002:00000988       ??_C@_0BL@LLKPOHJI@?$GAcopy?5constructor?5closure?8?$AA@ 000000018000f988     libvcruntime:undname.obj
 0002:000009a8       ??_C@_0BA@KBCDOMBN@?$GAudt?5returning?8?$AA@ 000000018000f9a8     libvcruntime:undname.obj
 0002:000009b8       ??_C@_03KLGMFNMG@?$GAEH?$AA@ 000000018000f9b8     libvcruntime:undname.obj
 0002:000009bc       ??_C@_05KHLCHHI@?$GARTTI?$AA@ 000000018000f9bc     libvcruntime:undname.obj
 0002:000009c8       ??_C@_0BA@KKLDJDLB@?$GAlocal?5vftable?8?$AA@ 000000018000f9c8     libvcruntime:undname.obj
 0002:000009d8       ??_C@_0CE@IIHCMGGL@?$GAlocal?5vftable?5constructor?5closu@ 000000018000f9d8     libvcruntime:undname.obj
 0002:000009fc       ??_C@_06FHBGPFGH@?5new?$FL?$FN?$AA@ 000000018000f9fc     libvcruntime:undname.obj
 0002:00000a08       ??_C@_09LBNFPBCA@?5delete?$FL?$FN?$AA@ 000000018000fa08     libvcruntime:undname.obj
 0002:00000a18       ??_C@_0P@HJKNJFNN@?$GAomni?5callsig?8?$AA@ 000000018000fa18     libvcruntime:undname.obj
 0002:00000a28       ??_C@_0BL@CNOONJFP@?$GAplacement?5delete?5closure?8?$AA@ 000000018000fa28     libvcruntime:undname.obj
 0002:00000a48       ??_C@_0BN@CKNJLHMB@?$GAplacement?5delete?$FL?$FN?5closure?8?$AA@ 000000018000fa48     libvcruntime:undname.obj
 0002:00000a68       ??_C@_0CG@CFDHKGGD@?$GAmanaged?5vector?5constructor?5iter@ 000000018000fa68     libvcruntime:undname.obj
 0002:00000a90       ??_C@_0CF@IMGKMJNO@?$GAmanaged?5vector?5destructor?5itera@ 000000018000fa90     libvcruntime:undname.obj
 0002:00000ab8       ??_C@_0CG@HLDDJMAG@?$GAeh?5vector?5copy?5constructor?5iter@ 000000018000fab8     libvcruntime:undname.obj
 0002:00000ae0       ??_C@_0CM@FCBBDIGB@?$GAeh?5vector?5vbase?5copy?5constructo@ 000000018000fae0     libvcruntime:undname.obj
 0002:00000b10       ??_C@_0BL@CLIPGLGB@?$GAdynamic?5initializer?5for?5?8?$AA@ 000000018000fb10     libvcruntime:undname.obj
 0002:00000b30       ??_C@_0CB@PDBIFEP@?$GAdynamic?5atexit?5destructor?5for?5?8@ 000000018000fb30     libvcruntime:undname.obj
 0002:00000b58       ??_C@_0CD@CGAJBKEJ@?$GAvector?5copy?5constructor?5iterato@ 000000018000fb58     libvcruntime:undname.obj
 0002:00000b80       ??_C@_0CJ@GJELGAMM@?$GAvector?5vbase?5copy?5constructor?5i@ 000000018000fb80     libvcruntime:undname.obj
 0002:00000bb0       ??_C@_0CL@FGIJHLCE@?$GAmanaged?5vector?5copy?5constructor@ 000000018000fbb0     libvcruntime:undname.obj
 0002:00000be0       ??_C@_0BM@PMGGMLDN@?$GAlocal?5static?5thread?5guard?8?$AA@ 000000018000fbe0     libvcruntime:undname.obj
 0002:00000c00       ??_C@_0N@BDNMDMOL@operator?5?$CC?$CC?5?$AA@ 000000018000fc00     libvcruntime:undname.obj
 0002:00000c10       ??_C@_0BC@GGEBGALA@operator?5co_await?$AA@ 000000018000fc10     libvcruntime:undname.obj
 0002:00000c28       ??_C@_0BC@DAFEJGAK@?5Type?5Descriptor?8?$AA@ 000000018000fc28     libvcruntime:undname.obj
 0002:00000c40       ??_C@_0BM@LDKODKLH@?5Base?5Class?5Descriptor?5at?5?$CI?$AA@ 000000018000fc40     libvcruntime:undname.obj
 0002:00000c60       ??_C@_0BD@LGICGFMM@?5Base?5Class?5Array?8?$AA@ 000000018000fc60     libvcruntime:undname.obj
 0002:00000c78       ??_C@_0BN@MECKDCOJ@?5Class?5Hierarchy?5Descriptor?8?$AA@ 000000018000fc78     libvcruntime:undname.obj
 0002:00000c98       ??_C@_0BK@CFCOFLF@?5Complete?5Object?5Locator?8?$AA@ 000000018000fc98     libvcruntime:undname.obj
 0002:00000cd0       ??_C@_1DM@KHCHBNEB@?$AAa?$AAp?$AAi?$AA?9?$AAm?$AAs?$AA?9?$AAw?$AAi?$AAn?$AA?9?$AAc?$AAo?$AAr?$AAe?$AA?9?$AAf?$AAi?$AAb?$AAe?$AAr?$AAs?$AA?9?$AAl?$AA1?$AA?9?$AA1?$AA?9?$AA1?$AA?$AA@ 000000018000fcd0     libvcruntime:winapi_downlevel.obj
 0002:00000d10       ??_C@_1DK@LPPGFMPP@?$AAa?$AAp?$AAi?$AA?9?$AAm?$AAs?$AA?9?$AAw?$AAi?$AAn?$AA?9?$AAc?$AAo?$AAr?$AAe?$AA?9?$AAs?$AAy?$AAn?$AAc?$AAh?$AA?9?$AAl?$AA1?$AA?9?$AA2?$AA?9?$AA0?$AA?$AA@ 000000018000fd10     libvcruntime:winapi_downlevel.obj
 0002:00000d50       ??_C@_1BC@GDMECMAK@?$AAk?$AAe?$AAr?$AAn?$AAe?$AAl?$AA3?$AA2?$AA?$AA@ 000000018000fd50     libvcruntime:winapi_downlevel.obj
 0002:00000d68       ??_C@_1BA@PFFKHIOG@?$AAa?$AAp?$AAi?$AA?9?$AAm?$AAs?$AA?9?$AA?$AA@ 000000018000fd68     libvcruntime:winapi_downlevel.obj
 0002:00000d78       ??_C@_1BA@IAIFMGEF@?$AAe?$AAx?$AAt?$AA?9?$AAm?$AAs?$AA?9?$AA?$AA@ 000000018000fd78     libvcruntime:winapi_downlevel.obj
 0002:00000d90       ??_C@_08KNHFBNJ@FlsAlloc?$AA@ 000000018000fd90     libvcruntime:winapi_downlevel.obj
 0002:00000da8       ??_C@_07PEJMOBNF@FlsFree?$AA@ 000000018000fda8     libvcruntime:winapi_downlevel.obj
 0002:00000db8       ??_C@_0M@GDNOONDI@FlsGetValue?$AA@ 000000018000fdb8     libvcruntime:winapi_downlevel.obj
 0002:00000dd0       ??_C@_0M@JCPCPOEF@FlsSetValue?$AA@ 000000018000fdd0     libvcruntime:winapi_downlevel.obj
 0002:00000de8       ??_C@_0BM@HCFOFFN@InitializeCriticalSectionEx?$AA@ 000000018000fde8     libvcruntime:winapi_downlevel.obj
 0002:00000eb0       ??_7exception@std@@6B@     000000018000feb0     libvcruntime:frame.obj
 0002:00000ec0       ??_C@_0BC@EOODALEL@Unknown?5exception?$AA@ 000000018000fec0     libvcruntime:frame.obj
 0002:00000ee0       ??_7bad_exception@std@@6B@ 000000018000fee0     libvcruntime:frame.obj
 0002:00000ef0       ??_C@_0O@DPKOEFFH@bad?5exception?$AA@ 000000018000fef0     libvcruntime:frame.obj
 0002:00000f00       _pDestructExceptionObject  000000018000ff00     libvcruntime:ehhelpers.obj
 0002:00000f50       __acrt_exception_action_table 000000018000ff50     libucrt:exception_filter.obj
 0002:00001010       __acrt_signal_action_table_count 0000000180010010     libucrt:exception_filter.obj
 0002:00001018       __acrt_signal_action_first_fpe_index 0000000180010018     libucrt:exception_filter.obj
 0002:00001020       __acrt_signal_action_fpe_count 0000000180010020     libucrt:exception_filter.obj
 0002:00001028       ??_C@_1BI@BGOHAHKC@?$AAm?$AAs?$AAc?$AAo?$AAr?$AAe?$AAe?$AA?4?$AAd?$AAl?$AAl?$AA?$AA@ 0000000180010028     libucrt:exit.obj
 0002:00001040       ??_C@_0P@MIGLKIOC@CorExitProcess?$AA@ 0000000180010040     libucrt:exit.obj
 0002:000012b0       __lc_time_c                00000001800102b0     libucrt:nlsdata.obj
 0002:00001570       ??_C@_03KOEHGMDN@Sun?$AA@  0000000180010570     libucrt:nlsdata.obj
 0002:00001574       ??_C@_03PDAGKDH@Mon?$AA@   0000000180010574     libucrt:nlsdata.obj
 0002:00001578       ??_C@_03NAGEINEP@Tue?$AA@  0000000180010578     libucrt:nlsdata.obj
 0002:0000157c       ??_C@_03MHOMLAJA@Wed?$AA@  000000018001057c     libucrt:nlsdata.obj
 0002:00001580       ??_C@_03IOFIKPDN@Thu?$AA@  0000000180010580     libucrt:nlsdata.obj
 0002:00001584       ??_C@_03IDIOELNC@Fri?$AA@  0000000180010584     libucrt:nlsdata.obj
 0002:00001588       ??_C@_03FEFJNEK@Sat?$AA@   0000000180010588     libucrt:nlsdata.obj
 0002:0000158c       ??_C@_06OOPIFAJ@Sunday?$AA@ 000000018001058c     libucrt:nlsdata.obj
 0002:00001594       ??_C@_06JLEDEDGH@Monday?$AA@ 0000000180010594     libucrt:nlsdata.obj
 0002:000015a0       ??_C@_07BAAGCFCM@Tuesday?$AA@ 00000001800105a0     libucrt:nlsdata.obj
 0002:000015a8       ??_C@_09DLIGFAKA@Wednesday?$AA@ 00000001800105a8     libucrt:nlsdata.obj
 0002:000015b8       ??_C@_08HACCIKIA@Thursday?$AA@ 00000001800105b8     libucrt:nlsdata.obj
 0002:000015c4       ??_C@_06JECMNKMI@Friday?$AA@ 00000001800105c4     libucrt:nlsdata.obj
 0002:000015d0       ??_C@_08INBOOONO@Saturday?$AA@ 00000001800105d0     libucrt:nlsdata.obj
 0002:000015dc       ??_C@_03JIHJHPIE@Jan?$AA@  00000001800105dc     libucrt:nlsdata.obj
 0002:000015e0       ??_C@_03HJBDCHOM@Feb?$AA@  00000001800105e0     libucrt:nlsdata.obj
 0002:000015e4       ??_C@_03ODNJBKGA@Mar?$AA@  00000001800105e4     libucrt:nlsdata.obj
 0002:000015e8       ??_C@_03LEOLGMJP@Apr?$AA@  00000001800105e8     libucrt:nlsdata.obj
 0002:000015ec       ??_C@_03CNMDKL@May?$AA@    00000001800105ec     libucrt:nlsdata.obj
 0002:000015f0       ??_C@_03IDFGHECI@Jun?$AA@  00000001800105f0     libucrt:nlsdata.obj
 0002:000015f4       ??_C@_03LBGABGKK@Jul?$AA@  00000001800105f4     libucrt:nlsdata.obj
 0002:000015f8       ??_C@_03IFJFEIGA@Aug?$AA@  00000001800105f8     libucrt:nlsdata.obj
 0002:000015fc       ??_C@_03GGCAPAJC@Sep?$AA@  00000001800105fc     libucrt:nlsdata.obj
 0002:00001600       ??_C@_03BMAOKBAD@Oct?$AA@  0000000180010600     libucrt:nlsdata.obj
 0002:00001604       ??_C@_03JPJOFNIA@Nov?$AA@  0000000180010604     libucrt:nlsdata.obj
 0002:00001608       ??_C@_03MKABNOCG@Dec?$AA@  0000000180010608     libucrt:nlsdata.obj
 0002:00001610       ??_C@_07CGJPFGJA@January?$AA@ 0000000180010610     libucrt:nlsdata.obj
 0002:00001618       ??_C@_08GNJGEPFN@February?$AA@ 0000000180010618     libucrt:nlsdata.obj
 0002:00001624       ??_C@_05HPCKOFNC@March?$AA@ 0000000180010624     libucrt:nlsdata.obj
 0002:0000162c       ??_C@_05DMJDNLEJ@April?$AA@ 000000018001062c     libucrt:nlsdata.obj
 0002:00001634       ??_C@_04CNLMGBGM@June?$AA@ 0000000180010634     libucrt:nlsdata.obj
 0002:0000163c       ??_C@_04MIEPOIFP@July?$AA@ 000000018001063c     libucrt:nlsdata.obj
 0002:00001644       ??_C@_06LBBHFDDG@August?$AA@ 0000000180010644     libucrt:nlsdata.obj
 0002:00001650       ??_C@_09BHHEALKD@September?$AA@ 0000000180010650     libucrt:nlsdata.obj
 0002:00001660       ??_C@_07JJNFCEND@October?$AA@ 0000000180010660     libucrt:nlsdata.obj
 0002:00001668       ??_C@_08HCHEGEOA@November?$AA@ 0000000180010668     libucrt:nlsdata.obj
 0002:00001678       ??_C@_08EDHMEBNP@December?$AA@ 0000000180010678     libucrt:nlsdata.obj
 0002:00001684       ??_C@_02DEDBPAFC@AM?$AA@   0000000180010684     libucrt:nlsdata.obj
 0002:00001688       ??_C@_02CJNFDJBF@PM?$AA@   0000000180010688     libucrt:nlsdata.obj
 0002:00001690       ??_C@_08BPBNCDIB@MM?1dd?1yy?$AA@ 0000000180010690     libucrt:nlsdata.obj
 0002:000016a0       ??_C@_0BE@CKGJFCPC@dddd?0?5MMMM?5dd?0?5yyyy?$AA@ 00000001800106a0     libucrt:nlsdata.obj
 0002:000016b8       ??_C@_08JCCMCCIL@HH?3mm?3ss?$AA@ 00000001800106b8     libucrt:nlsdata.obj
 0002:000016c8       ??_C@_17MBGCMIPB@?$AAS?$AAu?$AAn?$AA?$AA@ 00000001800106c8     libucrt:nlsdata.obj
 0002:000016d0       ??_C@_17KBOMKBF@?$AAM?$AAo?$AAn?$AA?$AA@ 00000001800106d0     libucrt:nlsdata.obj
 0002:000016d8       ??_C@_17BMKGEGOJ@?$AAT?$AAu?$AAe?$AA?$AA@ 00000001800106d8     libucrt:nlsdata.obj
 0002:000016e0       ??_C@_17CJEDCEPE@?$AAW?$AAe?$AAd?$AA?$AA@ 00000001800106e0     libucrt:nlsdata.obj
 0002:000016e8       ??_C@_17PDPHAADD@?$AAT?$AAh?$AAu?$AA?$AA@ 00000001800106e8     libucrt:nlsdata.obj
 0002:000016f0       ??_C@_17HFOLPPLP@?$AAF?$AAr?$AAi?$AA?$AA@ 00000001800106f0     libucrt:nlsdata.obj
 0002:000016f8       ??_C@_17GGIBDPIH@?$AAS?$AAa?$AAt?$AA?$AA@ 00000001800106f8     libucrt:nlsdata.obj
 0002:00001700       ??_C@_1O@IHNHDHPB@?$AAS?$AAu?$AAn?$AAd?$AAa?$AAy?$AA?$AA@ 0000000180010700     libucrt:nlsdata.obj
 0002:00001710       ??_C@_1O@MMNBFLIA@?$AAM?$AAo?$AAn?$AAd?$AAa?$AAy?$AA?$AA@ 0000000180010710     libucrt:nlsdata.obj
 0002:00001720       ??_C@_1BA@ENFBFFEK@?$AAT?$AAu?$AAe?$AAs?$AAd?$AAa?$AAy?$AA?$AA@ 0000000180010720     libucrt:nlsdata.obj
 0002:00001730       ??_C@_1BE@EBOGMDOH@?$AAW?$AAe?$AAd?$AAn?$AAe?$AAs?$AAd?$AAa?$AAy?$AA?$AA@ 0000000180010730     libucrt:nlsdata.obj
 0002:00001748       ??_C@_1BC@HHMNLIHE@?$AAT?$AAh?$AAu?$AAr?$AAs?$AAd?$AAa?$AAy?$AA?$AA@ 0000000180010748     libucrt:nlsdata.obj
 0002:00001760       ??_C@_1O@PDICJHAG@?$AAF?$AAr?$AAi?$AAd?$AAa?$AAy?$AA?$AA@ 0000000180010760     libucrt:nlsdata.obj
 0002:00001770       ??_C@_1BC@ENMNNPAJ@?$AAS?$AAa?$AAt?$AAu?$AAr?$AAd?$AAa?$AAy?$AA?$AA@ 0000000180010770     libucrt:nlsdata.obj
 0002:00001788       ??_C@_17DKNBKCHM@?$AAJ?$AAa?$AAn?$AA?$AA@ 0000000180010788     libucrt:nlsdata.obj
 0002:00001790       ??_C@_17LMDJEKJN@?$AAF?$AAe?$AAb?$AA?$AA@ 0000000180010790     libucrt:nlsdata.obj
 0002:00001798       ??_C@_17CKNLEDEC@?$AAM?$AAa?$AAr?$AA?$AA@ 0000000180010798     libucrt:nlsdata.obj
 0002:000017a0       ??_C@_17LFPOIHDD@?$AAA?$AAp?$AAr?$AA?$AA@ 00000001800107a0     libucrt:nlsdata.obj
 0002:000017a8       ??_C@_17PNNKMEED@?$AAM?$AAa?$AAy?$AA?$AA@ 00000001800107a8     libucrt:nlsdata.obj
 0002:000017b0       ??_C@_17KCJGOCPB@?$AAJ?$AAu?$AAn?$AA?$AA@ 00000001800107b0     libucrt:nlsdata.obj
 0002:000017b8       ??_C@_17IJPCKHK@?$AAJ?$AAu?$AAl?$AA?$AA@ 00000001800107b8     libucrt:nlsdata.obj
 0002:000017c0       ??_C@_17ICPELBCN@?$AAA?$AAu?$AAg?$AA?$AA@ 00000001800107c0     libucrt:nlsdata.obj
 0002:000017c8       ??_C@_17HCHCOKMG@?$AAS?$AAe?$AAp?$AA?$AA@ 00000001800107c8     libucrt:nlsdata.obj
 0002:000017d0       ??_C@_17FNLKOI@?$AAO?$AAc?$AAt?$AA?$AA@ 00000001800107d0     libucrt:nlsdata.obj
 0002:000017d8       ??_C@_17BBDMLCIG@?$AAN?$AAo?$AAv?$AA?$AA@ 00000001800107d8     libucrt:nlsdata.obj
 0002:000017e0       ??_C@_17EGKACKIF@?$AAD?$AAe?$AAc?$AA?$AA@ 00000001800107e0     libucrt:nlsdata.obj
 0002:000017e8       ??_C@_1BA@EFMEIEBA@?$AAJ?$AAa?$AAn?$AAu?$AAa?$AAr?$AAy?$AA?$AA@ 00000001800107e8     libucrt:nlsdata.obj
 0002:000017f8       ??_C@_1BC@JGDDFFAM@?$AAF?$AAe?$AAb?$AAr?$AAu?$AAa?$AAr?$AAy?$AA?$AA@ 00000001800107f8     libucrt:nlsdata.obj
 0002:00001810       ??_C@_1M@IKEENEDF@?$AAM?$AAa?$AAr?$AAc?$AAh?$AA?$AA@ 0000000180010810     libucrt:nlsdata.obj
 0002:00001820       ??_C@_1M@GJNLMHFD@?$AAA?$AAp?$AAr?$AAi?$AAl?$AA?$AA@ 0000000180010820     libucrt:nlsdata.obj
 0002:00001830       ??_C@_19EPFLPGAP@?$AAJ?$AAu?$AAn?$AAe?$AA?$AA@ 0000000180010830     libucrt:nlsdata.obj
 0002:00001840       ??_C@_19BIFMLPCD@?$AAJ?$AAu?$AAl?$AAy?$AA?$AA@ 0000000180010840     libucrt:nlsdata.obj
 0002:00001850       ??_C@_1O@PAHLKOAC@?$AAA?$AAu?$AAg?$AAu?$AAs?$AAt?$AA?$AA@ 0000000180010850     libucrt:nlsdata.obj
 0002:00001860       ??_C@_1BE@DKAAMBJL@?$AAS?$AAe?$AAp?$AAt?$AAe?$AAm?$AAb?$AAe?$AAr?$AA?$AA@ 0000000180010860     libucrt:nlsdata.obj
 0002:00001878       ??_C@_1BA@EPANDLNG@?$AAO?$AAc?$AAt?$AAo?$AAb?$AAe?$AAr?$AA?$AA@ 0000000180010878     libucrt:nlsdata.obj
 0002:00001888       ??_C@_1BC@BGLIFPF@?$AAN?$AAo?$AAv?$AAe?$AAm?$AAb?$AAe?$AAr?$AA?$AA@ 0000000180010888     libucrt:nlsdata.obj
 0002:000018a0       ??_C@_1BC@FEMKIFH@?$AAD?$AAe?$AAc?$AAe?$AAm?$AAb?$AAe?$AAr?$AA?$AA@ 00000001800108a0     libucrt:nlsdata.obj
 0002:000018b4       ??_C@_15ODEHAHHF@?$AAA?$AAM?$AA?$AA@ 00000001800108b4     libucrt:nlsdata.obj
 0002:000018bc       ??_C@_15CLMNNGEL@?$AAP?$AAM?$AA?$AA@ 00000001800108bc     libucrt:nlsdata.obj
 0002:000018c8       ??_C@_1BC@IEBCMHCM@?$AAM?$AAM?$AA?1?$AAd?$AAd?$AA?1?$AAy?$AAy?$AA?$AA@ 00000001800108c8     libucrt:nlsdata.obj
 0002:000018e0       ??_C@_1CI@KNAKOEBC@?$AAd?$AAd?$AAd?$AAd?$AA?0?$AA?5?$AAM?$AAM?$AAM?$AAM?$AA?5?$AAd?$AAd?$AA?0?$AA?5?$AAy?$AAy?$AAy?$AAy?$AA?$AA@ 00000001800108e0     libucrt:nlsdata.obj
 0002:00001908       ??_C@_1BC@GDGBMEMK@?$AAH?$AAH?$AA?3?$AAm?$AAm?$AA?3?$AAs?$AAs?$AA?$AA@ 0000000180010908     libucrt:nlsdata.obj
 0002:00001920       ??_C@_1M@BMHNFIME@?$AAe?$AAn?$AA?9?$AAU?$AAS?$AA?$AA@ 0000000180010920     libucrt:nlsdata.obj
 0002:00001950       ??_C@_1M@HPNHIDJI@?$AAj?$AAa?$AA?9?$AAJ?$AAP?$AA?$AA@ 0000000180010950     libucrt:mbctype.obj
 0002:00001960       ??_C@_1M@BIBDDEMK@?$AAz?$AAh?$AA?9?$AAC?$AAN?$AA?$AA@ 0000000180010960     libucrt:mbctype.obj
 0002:00001970       ??_C@_1M@JLOOOEGK@?$AAk?$AAo?$AA?9?$AAK?$AAR?$AA?$AA@ 0000000180010970     libucrt:mbctype.obj
 0002:00001980       ??_C@_1M@CLNBBOPM@?$AAz?$AAh?$AA?9?$AAT?$AAW?$AA?$AA@ 0000000180010980     libucrt:mbctype.obj
 0002:00001a30       ??_C@_1EA@JGEFHKEI@?$AAa?$AAp?$AAi?$AA?9?$AAm?$AAs?$AA?9?$AAw?$AAi?$AAn?$AA?9?$AAc?$AAo?$AAr?$AAe?$AA?9?$AAd?$AAa?$AAt?$AAe?$AAt?$AAi?$AAm?$AAe?$AA?9?$AAl?$AA1?$AA?9?$AA1?$AA?9?$AA1?$AA?$AA@ 0000000180010a30     libucrt:winapi_thunks.obj
 0002:00001a70       ??_C@_1DI@IJCEHOCB@?$AAa?$AAp?$AAi?$AA?9?$AAm?$AAs?$AA?9?$AAw?$AAi?$AAn?$AA?9?$AAc?$AAo?$AAr?$AAe?$AA?9?$AAf?$AAi?$AAl?$AAe?$AA?9?$AAl?$AA1?$AA?9?$AA2?$AA?9?$AA2?$AA?$AA@ 0000000180010a70     libucrt:winapi_thunks.obj
 0002:00001ab0       ??_C@_1EI@MPIAOHOC@?$AAa?$AAp?$AAi?$AA?9?$AAm?$AAs?$AA?9?$AAw?$AAi?$AAn?$AA?9?$AAc?$AAo?$AAr?$AAe?$AA?9?$AAl?$AAo?$AAc?$AAa?$AAl?$AAi?$AAz?$AAa?$AAt?$AAi?$AAo?$AAn?$AA?9?$AAl?$AA1?$AA?9@ 0000000180010ab0     libucrt:winapi_thunks.obj
 0002:00001b00       ??_C@_1FK@FPHCKFIE@?$AAa?$AAp?$AAi?$AA?9?$AAm?$AAs?$AA?9?$AAw?$AAi?$AAn?$AA?9?$AAc?$AAo?$AAr?$AAe?$AA?9?$AAl?$AAo?$AAc?$AAa?$AAl?$AAi?$AAz?$AAa?$AAt?$AAi?$AAo?$AAn?$AA?9?$AAo?$AAb?$AAs@ 0000000180010b00     libucrt:winapi_thunks.obj
 0002:00001b60       ??_C@_1EM@DILCGIIO@?$AAa?$AAp?$AAi?$AA?9?$AAm?$AAs?$AA?9?$AAw?$AAi?$AAn?$AA?9?$AAc?$AAo?$AAr?$AAe?$AA?9?$AAp?$AAr?$AAo?$AAc?$AAe?$AAs?$AAs?$AAt?$AAh?$AAr?$AAe?$AAa?$AAd?$AAs?$AA?9?$AAl@ 0000000180010b60     libucrt:winapi_thunks.obj
 0002:00001bb0       ??_C@_1DM@LNCGDDPN@?$AAa?$AAp?$AAi?$AA?9?$AAm?$AAs?$AA?9?$AAw?$AAi?$AAn?$AA?9?$AAc?$AAo?$AAr?$AAe?$AA?9?$AAs?$AAt?$AAr?$AAi?$AAn?$AAg?$AA?9?$AAl?$AA1?$AA?9?$AA1?$AA?9?$AA0?$AA?$AA@ 0000000180010bb0     libucrt:winapi_thunks.obj
 0002:00001bf0       ??_C@_1DO@FPAPJEMD@?$AAa?$AAp?$AAi?$AA?9?$AAm?$AAs?$AA?9?$AAw?$AAi?$AAn?$AA?9?$AAc?$AAo?$AAr?$AAe?$AA?9?$AAs?$AAy?$AAs?$AAi?$AAn?$AAf?$AAo?$AA?9?$AAl?$AA1?$AA?9?$AA2?$AA?9?$AA1?$AA?$AA@ 0000000180010bf0     libucrt:winapi_thunks.obj
 0002:00001c30       ??_C@_1DK@NDHNAHIO@?$AAa?$AAp?$AAi?$AA?9?$AAm?$AAs?$AA?9?$AAw?$AAi?$AAn?$AA?9?$AAc?$AAo?$AAr?$AAe?$AA?9?$AAw?$AAi?$AAn?$AAr?$AAt?$AA?9?$AAl?$AA1?$AA?9?$AA1?$AA?9?$AA0?$AA?$AA@ 0000000180010c30     libucrt:winapi_thunks.obj
 0002:00001c70       ??_C@_1DM@KGHDGBCM@?$AAa?$AAp?$AAi?$AA?9?$AAm?$AAs?$AA?9?$AAw?$AAi?$AAn?$AA?9?$AAc?$AAo?$AAr?$AAe?$AA?9?$AAx?$AAs?$AAt?$AAa?$AAt?$AAe?$AA?9?$AAl?$AA2?$AA?9?$AA1?$AA?9?$AA0?$AA?$AA@ 0000000180010c70     libucrt:winapi_thunks.obj
 0002:00001cb0       ??_C@_1EO@IJIOEFOH@?$AAa?$AAp?$AAi?$AA?9?$AAm?$AAs?$AA?9?$AAw?$AAi?$AAn?$AA?9?$AAr?$AAt?$AAc?$AAo?$AAr?$AAe?$AA?9?$AAn?$AAt?$AAu?$AAs?$AAe?$AAr?$AA?9?$AAw?$AAi?$AAn?$AAd?$AAo?$AAw?$AA?9@ 0000000180010cb0     libucrt:winapi_thunks.obj
 0002:00001d00       ??_C@_1FG@HHGEKANL@?$AAa?$AAp?$AAi?$AA?9?$AAm?$AAs?$AA?9?$AAw?$AAi?$AAn?$AA?9?$AAs?$AAe?$AAc?$AAu?$AAr?$AAi?$AAt?$AAy?$AA?9?$AAs?$AAy?$AAs?$AAt?$AAe?$AAm?$AAf?$AAu?$AAn?$AAc?$AAt?$AAi@ 0000000180010d00     libucrt:winapi_thunks.obj
 0002:00001d60       ??_C@_1EG@DBIOJECG@?$AAe?$AAx?$AAt?$AA?9?$AAm?$AAs?$AA?9?$AAw?$AAi?$AAn?$AA?9?$AAn?$AAt?$AAu?$AAs?$AAe?$AAr?$AA?9?$AAd?$AAi?$AAa?$AAl?$AAo?$AAg?$AAb?$AAo?$AAx?$AA?9?$AAl?$AA1?$AA?9?$AA1@ 0000000180010d60     libucrt:winapi_thunks.obj
 0002:00001db0       ??_C@_1EO@FIHMJCLF@?$AAe?$AAx?$AAt?$AA?9?$AAm?$AAs?$AA?9?$AAw?$AAi?$AAn?$AA?9?$AAn?$AAt?$AAu?$AAs?$AAe?$AAr?$AA?9?$AAw?$AAi?$AAn?$AAd?$AAo?$AAw?$AAs?$AAt?$AAa?$AAt?$AAi?$AAo?$AAn?$AA?9@ 0000000180010db0     libucrt:winapi_thunks.obj
 0002:00001e00       ??_C@_1BC@DNHGCMLG@?$AAa?$AAd?$AAv?$AAa?$AAp?$AAi?$AA3?$AA2?$AA?$AA@ 0000000180010e00     libucrt:winapi_thunks.obj
 0002:00001e18       ??_C@_1M@OAIMIKLP@?$AAn?$AAt?$AAd?$AAl?$AAl?$AA?$AA@ 0000000180010e18     libucrt:winapi_thunks.obj
 0002:00001e30       ??_C@_1EG@DPGNFKGC@?$AAa?$AAp?$AAi?$AA?9?$AAm?$AAs?$AA?9?$AAw?$AAi?$AAn?$AA?9?$AAa?$AAp?$AAp?$AAm?$AAo?$AAd?$AAe?$AAl?$AA?9?$AAr?$AAu?$AAn?$AAt?$AAi?$AAm?$AAe?$AA?9?$AAl?$AA1?$AA?9?$AA1@ 0000000180010e30     libucrt:winapi_thunks.obj
 0002:00001e78       ??_C@_1O@BCCLBEOE@?$AAu?$AAs?$AAe?$AAr?$AA3?$AA2?$AA?$AA@ 0000000180010e78     libucrt:winapi_thunks.obj
 0002:00001eb8       ??_C@_0O@KKBNKAPF@LCMapStringEx?$AA@ 0000000180010eb8     libucrt:winapi_thunks.obj
 0002:00001ed0       ??_C@_0BB@HBDEELFH@LocaleNameToLCID?$AA@ 0000000180010ed0     libucrt:winapi_thunks.obj
 0002:00001ee8       ??_C@_0CF@OJOFEIGO@AppPolicyGetProcessTerminationMe@ 0000000180010ee8     libucrt:winapi_thunks.obj
 0002:00001f10       __newctype                 0000000180010f10     libucrt:ctype.obj
 0002:00002210       __newclmap                 0000000180011210     libucrt:ctype.obj
 0002:00002390       __newcumap                 0000000180011390     libucrt:ctype.obj
 0002:00002510       ??_C@_15PJPFLCCM@?$AAu?$AAk?$AA?$AA@ 0000000180011510     libucrt:get_qualified_locale.obj
 0002:00003360       ??_C@_15EMKDOKLE@?$AAa?$AAr?$AA?$AA@ 0000000180012360     libucrt:lcidtoname_downlevel.obj
 0002:00003368       ??_C@_15KNPADPLH@?$AAb?$AAg?$AA?$AA@ 0000000180012368     libucrt:lcidtoname_downlevel.obj
 0002:00003370       ??_C@_15EDMHLDMO@?$AAc?$AAa?$AA?$AA@ 0000000180012370     libucrt:lcidtoname_downlevel.obj
 0002:00003378       ??_C@_1O@BPEAJADD@?$AAz?$AAh?$AA?9?$AAC?$AAH?$AAS?$AA?$AA@ 0000000180012378     libucrt:lcidtoname_downlevel.obj
 0002:00003388       ??_C@_15LJNHCMNK@?$AAc?$AAs?$AA?$AA@ 0000000180012388     libucrt:lcidtoname_downlevel.obj
 0002:00003390       ??_C@_15FOMCIDHG@?$AAd?$AAa?$AA?$AA@ 0000000180012390     libucrt:lcidtoname_downlevel.obj
 0002:00003398       ??_C@_15NBKABECB@?$AAd?$AAe?$AA?$AA@ 0000000180012398     libucrt:lcidtoname_downlevel.obj
 0002:000033a0       ??_C@_15GHPEIIAO@?$AAe?$AAl?$AA?$AA@ 00000001800123a0     libucrt:lcidtoname_downlevel.obj
 0002:000033a8       ??_C@_15MNPNEAIF@?$AAe?$AAn?$AA?$AA@ 00000001800123a8     libucrt:lcidtoname_downlevel.obj
 0002:000033b0       ??_C@_15GPIOMPMH@?$AAe?$AAs?$AA?$AA@ 00000001800123b0     libucrt:lcidtoname_downlevel.obj
 0002:000033b8       ??_C@_15NGLOAKJC@?$AAf?$AAi?$AA?$AA@ 00000001800123b8     libucrt:lcidtoname_downlevel.obj
 0002:000033c0       ??_C@_15FBKGNKAM@?$AAf?$AAr?$AA?$AA@ 00000001800123c0     libucrt:lcidtoname_downlevel.obj
 0002:000033c8       ??_C@_15KGGCNEFK@?$AAh?$AAe?$AA?$AA@ 00000001800123c8     libucrt:lcidtoname_downlevel.obj
 0002:000033d0       ??_C@_15PGHLIDMF@?$AAh?$AAu?$AA?$AA@ 00000001800123d0     libucrt:lcidtoname_downlevel.obj
 0002:000033d8       ??_C@_15BIEMAPLM@?$AAi?$AAs?$AA?$AA@ 00000001800123d8     libucrt:lcidtoname_downlevel.obj
 0002:000033e0       ??_C@_15IFJLDHAF@?$AAi?$AAt?$AA?$AA@ 00000001800123e0     libucrt:lcidtoname_downlevel.obj
 0002:000033e8       ??_C@_15GEMIOCAG@?$AAj?$AAa?$AA?$AA@ 00000001800123e8     libucrt:lcidtoname_downlevel.obj
 0002:000033f0       ??_C@_15EPELEGJA@?$AAk?$AAo?$AA?$AA@ 00000001800123f0     libucrt:lcidtoname_downlevel.obj
 0002:000033f8       ??_C@_15NDDHIMN@?$AAn?$AAl?$AA?$AA@ 00000001800123f8     libucrt:lcidtoname_downlevel.obj
 0002:00003400       ??_C@_15BPIGNHCD@?$AAn?$AAo?$AA?$AA@ 0000000180012400     libucrt:lcidtoname_downlevel.obj
 0002:00003408       ??_C@_15DEOPBLCG@?$AAp?$AAl?$AA?$AA@ 0000000180012408     libucrt:lcidtoname_downlevel.obj
 0002:00003410       ??_C@_15KBECGEFG@?$AAp?$AAt?$AA?$AA@ 0000000180012410     libucrt:lcidtoname_downlevel.obj
 0002:00003418       ??_C@_15GLJCBFMD@?$AAr?$AAo?$AA?$AA@ 0000000180012418     libucrt:lcidtoname_downlevel.obj
 0002:00003420       ??_C@_15FEDGKCDI@?$AAr?$AAu?$AA?$AA@ 0000000180012420     libucrt:lcidtoname_downlevel.obj
 0002:00003428       ??_C@_15GLKMLLHM@?$AAh?$AAr?$AA?$AA@ 0000000180012428     libucrt:lcidtoname_downlevel.obj
 0002:00003430       ??_C@_15CPKMFBDB@?$AAs?$AAk?$AA?$AA@ 0000000180012430     libucrt:lcidtoname_downlevel.obj
 0002:00003438       ??_C@_15BAAIOGMK@?$AAs?$AAq?$AA?$AA@ 0000000180012438     libucrt:lcidtoname_downlevel.obj
 0002:00003440       ??_C@_15INNPNOHD@?$AAs?$AAv?$AA?$AA@ 0000000180012440     libucrt:lcidtoname_downlevel.obj
 0002:00003448       ??_C@_15CABMMOGH@?$AAt?$AAh?$AA?$AA@ 0000000180012448     libucrt:lcidtoname_downlevel.obj
 0002:00003450       ??_C@_15BPLIHJJM@?$AAt?$AAr?$AA?$AA@ 0000000180012450     libucrt:lcidtoname_downlevel.obj
 0002:00003458       ??_C@_15NEOEKKDJ@?$AAu?$AAr?$AA?$AA@ 0000000180012458     libucrt:lcidtoname_downlevel.obj
 0002:00003460       ??_C@_15NFICGAJK@?$AAi?$AAd?$AA?$AA@ 0000000180012460     libucrt:lcidtoname_downlevel.obj
 0002:00003468       ??_C@_15HPJPHDM@?$AAb?$AAe?$AA?$AA@ 0000000180012468     libucrt:lcidtoname_downlevel.obj
 0002:00003470       ??_C@_15LCHLGJII@?$AAs?$AAl?$AA?$AA@ 0000000180012470     libucrt:lcidtoname_downlevel.obj
 0002:00003478       ??_C@_15PCFJPHHO@?$AAe?$AAt?$AA?$AA@ 0000000180012478     libucrt:lcidtoname_downlevel.obj
 0002:00003480       ??_C@_15HPFPGODN@?$AAl?$AAv?$AA?$AA@ 0000000180012480     libucrt:lcidtoname_downlevel.obj
 0002:00003488       ??_C@_15NFFGKGLG@?$AAl?$AAt?$AA?$AA@ 0000000180012488     libucrt:lcidtoname_downlevel.obj
 0002:00003490       ??_C@_15BDAKCCHN@?$AAf?$AAa?$AA?$AA@ 0000000180012490     libucrt:lcidtoname_downlevel.obj
 0002:00003498       ??_C@_15NFGIAIAJ@?$AAv?$AAi?$AA?$AA@ 0000000180012498     libucrt:lcidtoname_downlevel.obj
 0002:000034a0       ??_C@_15LMKNDMHN@?$AAh?$AAy?$AA?$AA@ 00000001800124a0     libucrt:lcidtoname_downlevel.obj
 0002:000034a8       ??_C@_15IJBHMCFL@?$AAa?$AAz?$AA?$AA@ 00000001800124a8     libucrt:lcidtoname_downlevel.obj
 0002:000034b0       ??_C@_15EKOFJABL@?$AAe?$AAu?$AA?$AA@ 00000001800124b0     libucrt:lcidtoname_downlevel.obj
 0002:000034b8       ??_C@_15BGHADCNK@?$AAm?$AAk?$AA?$AA@ 00000001800124b8     libucrt:lcidtoname_downlevel.obj
 0002:000034c0       ??_C@_15JDNICKHM@?$AAa?$AAf?$AA?$AA@ 00000001800124c0     libucrt:lcidtoname_downlevel.obj
 0002:000034c8       ??_C@_15KPJEDBKD@?$AAk?$AAa?$AA?$AA@ 00000001800124c8     libucrt:lcidtoname_downlevel.obj
 0002:000034d0       ??_C@_15PDNFFFEO@?$AAf?$AAo?$AA?$AA@ 00000001800124d0     libucrt:lcidtoname_downlevel.obj
 0002:000034d8       ??_C@_15OMLEGLOC@?$AAh?$AAi?$AA?$AA@ 00000001800124d8     libucrt:lcidtoname_downlevel.obj
 0002:000034e0       ??_C@_15IDNNENKK@?$AAm?$AAs?$AA?$AA@ 00000001800124e0     libucrt:lcidtoname_downlevel.obj
 0002:000034e8       ??_C@_15MACJNBMH@?$AAk?$AAk?$AA?$AA@ 00000001800124e8     libucrt:lcidtoname_downlevel.obj
 0002:000034f0       ??_C@_15DKDJEOND@?$AAk?$AAy?$AA?$AA@ 00000001800124f0     libucrt:lcidtoname_downlevel.obj
 0002:000034f8       ??_C@_15DFGDLJBG@?$AAs?$AAw?$AA?$AA@ 00000001800124f8     libucrt:lcidtoname_downlevel.obj
 0002:00003500       ??_C@_15BBFAICNG@?$AAu?$AAz?$AA?$AA@ 0000000180012500     libucrt:lcidtoname_downlevel.obj
 0002:00003508       ??_C@_15DKNDCGEA@?$AAt?$AAt?$AA?$AA@ 0000000180012508     libucrt:lcidtoname_downlevel.obj
 0002:00003510       ??_C@_15MGIFMDPL@?$AAp?$AAa?$AA?$AA@ 0000000180012510     libucrt:lcidtoname_downlevel.obj
 0002:00003518       ??_C@_15HCNDBBA@?$AAg?$AAu?$AA?$AA@ 0000000180012518     libucrt:lcidtoname_downlevel.obj
 0002:00003520       ??_C@_15FNBEIBON@?$AAt?$AAa?$AA?$AA@ 0000000180012520     libucrt:lcidtoname_downlevel.obj
 0002:00003528       ??_C@_15NCHGBGLK@?$AAt?$AAe?$AA?$AA@ 0000000180012528     libucrt:lcidtoname_downlevel.obj
 0002:00003530       ??_C@_15PHPHCBPF@?$AAk?$AAn?$AA?$AA@ 0000000180012530     libucrt:lcidtoname_downlevel.obj
 0002:00003538       ??_C@_15DLGBCKMP@?$AAm?$AAr?$AA?$AA@ 0000000180012538     libucrt:lcidtoname_downlevel.obj
 0002:00003540       ??_C@_15EABBLBFF@?$AAs?$AAa?$AA?$AA@ 0000000180012540     libucrt:lcidtoname_downlevel.obj
[...]
 0004:000009cc       $pdata$__acrt_get_sigabrt_handler 000000018001b9cc     libucrt:signal.obj
 0004:000009d8       $pdata$raise               000000018001b9d8     libucrt:signal.obj
 0004:000009e4       $pdata$??$?RV<lambda_842d9ff0dc9ef11c61343bbaebe7f885>@@AEAV<lambda_c5860995281e5c4ce005b3de8f5874ee>@@V<lambda_d90129c13df834fdcbf8d2b88dafcf2d>@@@?$__crt_seh_guarded_call@X@@QEAAX$$QEAV<lambda_842d9ff0dc9ef11c61343bbaebe7f885>@@AEAV<lambda_c5860995281e5c4ce005b3de8f5874ee>@@$$QEAV<lambda_d90129c13df834fdcbf8d2b88dafcf2d>@@@Z 000000018001b9e4     libucrt:fflush.obj
 0004:000009f0       $pdata$??$?RV<lambda_886d6c58226a84441f68b9f2b8217b83>@@AEAV<lambda_ab61a845afdef5b7c387490eaf3616ee>@@V<lambda_f7f22ab5edc0698d5f6905b0d3f44752>@@@?$__crt_seh_guarded_call@X@@QEAAX$$QEAV<lambda_886d6c58226a84441f68b9f2b8217b83>@@AEAV<lambda_ab61a845afdef5b7c387490eaf3616ee>@@$$QEAV<lambda_f7f22ab5edc0698d5f6905b0d3f44752>@@@Z 000000018001b9f0     libucrt:fflush.obj
 0004:000009fc       $pdata$?common_flush_all@@YAH_N@Z 000000018001b9fc     libucrt:fflush.obj
 0004:00000a08       $pdata$__acrt_stdio_flush_nolock 000000018001ba08     libucrt:fflush.obj
 0004:00000a14       $pdata$_fflush_nolock      000000018001ba14     libucrt:fflush.obj
 0004:00000a20       $pdata$__acrt_initialize_stdio 000000018001ba20     libucrt:_file.obj
 0004:00000a2c       $pdata$__acrt_uninitialize_stdio 000000018001ba2c     libucrt:_file.obj
 0004:00000a38       $pdata$_malloc_base        000000018001ba38     libucrt:malloc_base.obj
 0004:00000a44       $pdata$_mbtowc_l           000000018001ba44     libucrt:mbtowc.obj
 0004:00000a50       $pdata$_fileno             000000018001ba50     libucrt:fileno.obj
 0004:00000a5c       $pdata$__pctype_func       000000018001ba5c     libucrt:ctype.obj
 0004:00000a68       $pdata$_isctype_l          000000018001ba68     libucrt:isctype.obj
 0004:00000a74       $pdata$_isleadbyte_l       000000018001ba74     libucrt:_wctype.obj
 0004:00000a80       $pdata$?__acrt_LCMapStringA_stat@@YAHPEAU__crt_locale_pointers@@PEB_WKPEBDHPEADHHH@Z 000000018001ba80     libucrt:lcmapstringa.obj
 0004:00000a8c       $pdata$__acrt_LCMapStringA 000000018001ba8c     libucrt:lcmapstringa.obj
 0004:00000a98       $pdata$__acrt_free_locale  000000018001ba98     libucrt:locale_refcounting.obj
 0004:00000aa4       $pdata$__acrt_locale_free_lc_time_if_unreferenced 000000018001baa4     libucrt:locale_refcounting.obj
 0004:00000ab0       $pdata$__acrt_release_locale_ref 000000018001bab0     libucrt:locale_refcounting.obj
 0004:00000abc       $pdata$__acrt_update_thread_locale_data 000000018001babc     libucrt:locale_refcounting.obj
 0004:00000ac8       $pdata$_updatetlocinfoEx_nolock 000000018001bac8     libucrt:locale_refcounting.obj
 0004:00000ad4       $pdata$__acrt_locale_free_monetary 000000018001bad4     libucrt:initmon.obj
 0004:00000ae0       $pdata$__acrt_locale_free_numeric 000000018001bae0     libucrt:initnum.obj
 0004:00000aec       $pdata$?free_crt_array_internal@@YAXQEAPEBX_K@Z 000000018001baec     libucrt:inittime.obj
 0004:00000af8       $pdata$__acrt_locale_free_time 000000018001baf8     libucrt:inittime.obj
 0004:00000b04       $pdata$__acrt_GetStringTypeA 000000018001bb04     libucrt:getstringtypea.obj
 0004:00000b10       $pdata$qsort               000000018001bb10     libucrt:qsort.obj
 0004:00000b1c       $pdata$4$qsort             000000018001bb1c     libucrt:qsort.obj
 0004:00000b28       $pdata$5$qsort             000000018001bb28     libucrt:qsort.obj
 0004:00000b34       $pdata$strncpy_s           000000018001bb34     libucrt:strncpy_s.obj
 0004:00000b40       $pdata$fallbackMethod      000000018001bb40     libucrt:strpbrk.obj
 0004:00000b4c       $pdata$strpbrk             000000018001bb4c     libucrt:strpbrk.obj
 0004:00000b58       $pdata$??$__acrt_convert_wcs_mbs@D_W$$A6A_KPEA_WPEBD_KPEAU__crt_locale_pointers@@@ZU__crt_win32_buffer_internal_dynamic_resizing@@@@YAHQEBDAEAV?$__crt_win32_buffer@_WU__crt_win32_buffer_internal_dynamic_resizing@@@@A6A_KPEA_WPEBD_KPEAU__crt_locale_pointers@@@Z5@Z 000000018001bb58     libucrt:findfirstfileexa.obj
 0004:00000b64       $pdata$__acrt_FindFirstFileExA 000000018001bb64     libucrt:findfirstfileexa.obj
 0004:00000b70       $pdata$??$__acrt_convert_wcs_mbs@_WD$$A6A_KPEADPEB_W_KPEAU__crt_locale_pointers@@@ZU__crt_win32_buffer_no_resizing@@@@YAHQEB_WAEAV?$__crt_win32_buffer@DU__crt_win32_buffer_no_resizing@@@@A6A_KPEADPEB_W_KPEAU__crt_locale_pointers@@@Z5@Z 000000018001bb70     libucrt:findnextfilea.obj
 0004:00000b7c       $pdata$__acrt_FindNextFileA 000000018001bb7c     libucrt:findnextfilea.obj
 0004:00000b88       $pdata$_mbsdec_l           000000018001bb88     libucrt:mbsdec.obj
 0004:00000b94       $pdata$?_mbstowcs_l_helper@@YA_KPEA_WPEBD_KPEAU__crt_locale_pointers@@@Z 000000018001bb94     libucrt:mbstowcs.obj
 0004:00000ba0       $pdata$?initialize_multibyte@@YAHXZ 000000018001bba0     libucrt:multibyte_initializer.obj
 0004:00000bac       $pdata$_msize_base         000000018001bbac     libucrt:msize.obj
 0004:00000bb8       $pdata$_realloc_base       000000018001bbb8     libucrt:realloc_base.obj
 0004:00000bc4       $pdata$?GetTableIndexFromLocaleName@@YAHPEB_W@Z 000000018001bbc4     libucrt:lcidtoname_downlevel.obj
 0004:00000bd0       $pdata$__acrt_DownlevelLocaleNameToLCID 000000018001bbd0     libucrt:lcidtoname_downlevel.obj
 0004:00000bdc       $pdata$__acrt_lowio_create_handle_array 000000018001bbdc     libucrt:osfinfo.obj
 0004:00000be8       $pdata$__acrt_lowio_destroy_handle_array 000000018001bbe8     libucrt:osfinfo.obj
 0004:00000bf4       $pdata$__acrt_lowio_ensure_fh_exists 000000018001bbf4     libucrt:osfinfo.obj
 0004:00000c00       $pdata$_free_osfhnd        000000018001bc00     libucrt:osfinfo.obj
 0004:00000c0c       $pdata$_get_osfhandle      000000018001bc0c     libucrt:osfinfo.obj
 0004:00000c18       $pdata$??$?RV<lambda_a37b2b86f63e897a80ea819b0eb08c01>@@AEAV<lambda_38ce7e780aa69e748d6df282ebc68efe>@@V<lambda_99fb1378e971ab6e7edea83e3a7a83a2>@@@?$__crt_seh_guarded_call@H@@QEAAH$$QEAV<lambda_a37b2b86f63e897a80ea819b0eb08c01>@@AEAV<lambda_38ce7e780aa69e748d6df282ebc68efe>@@$$QEAV<lambda_99fb1378e971ab6e7edea83e3a7a83a2>@@@Z 000000018001bc18     libucrt:commit.obj
 0004:00000c24       $pdata$_commit             000000018001bc24     libucrt:commit.obj
 0004:00000c30       $pdata$?write_double_translated_ansi_nolock@@YA?AUwrite_result@?A0x17268360@@HQEBDI@Z 000000018001bc30     libucrt:write.obj
 0004:00000c3c       $pdata$?write_text_ansi_nolock@@YA?AUwrite_result@?A0x17268360@@HQEBDI@Z 000000018001bc3c     libucrt:write.obj
 0004:00000c48       $pdata$?write_text_utf16le_nolock@@YA?AUwrite_result@?A0x17268360@@HQEBDI@Z 000000018001bc48     libucrt:write.obj
 0004:00000c54       $pdata$?write_text_utf8_nolock@@YA?AUwrite_result@?A0x17268360@@HQEBDI@Z 000000018001bc54     libucrt:write.obj
 0004:00000c60       $pdata$_write              000000018001bc60     libucrt:write.obj
 0004:00000c6c       $pdata$_write_nolock       000000018001bc6c     libucrt:write.obj
 0004:00000c78       $pdata$_fcloseall          000000018001bc78     libucrt:closeall.obj
 0004:00000c84       $pdata$__acrt_stdio_free_buffer_nolock 000000018001bc84     libucrt:_freebuf.obj
 0004:00000c90       $pdata$_isatty             000000018001bc90     libucrt:isatty.obj
 0004:00000c9c       $pdata$?__mbrtowc_utf8@__crt_mbstring@@YA_KPEA_WPEBD_KPEAU_Mbstatet@@@Z 000000018001bc9c     libucrt:mbrtowc.obj
 0004:00000ca8       $pdata$?__mbsrtowcs_utf8@__crt_mbstring@@YA_KPEA_WPEAPEBD_KPEAU_Mbstatet@@@Z 000000018001bca8     libucrt:mbrtowc.obj
 0004:00000cb4       $pdata$?_wcstombs_l_helper@@YA_KPEADPEB_W_KPEAU__crt_locale_pointers@@@Z 000000018001bcb4     libucrt:wcstombs.obj
 0004:00000cc0       $pdata$??$common_lseek_nolock@_J@@YA_JH_JH@Z 000000018001bcc0     libucrt:lseek.obj
 0004:00000ccc       $pdata$_putwch_nolock      000000018001bccc     libucrt:putwch.obj
 0004:00000cd8       $pdata$_fclose_nolock      000000018001bcd8     libucrt:fclose.obj
 0004:00000ce4       $pdata$fclose              000000018001bce4     libucrt:fclose.obj
 0004:00000cf0       $pdata$?__mbrtoc32_utf8@__crt_mbstring@@YA_KPEA_UPEBD_KPEAU_Mbstatet@@@Z 000000018001bcf0     libucrt:mbrtoc32.obj
 0004:00000d08       $pdata$?__wcsrtombs_utf8@__crt_mbstring@@YA_KPEADPEAPEB_W_KPEAU_Mbstatet@@@Z 000000018001bd08     libucrt:wcrtomb.obj
 0004:00000d14       $pdata$__dcrt_lowio_ensure_console_output_initialized 000000018001bd14     libucrt:initcon.obj
 0004:00000d20       $pdata$__dcrt_terminate_console_output 000000018001bd20     libucrt:initcon.obj
 0004:00000d2c       $pdata$__dcrt_write_console 000000018001bd2c     libucrt:initcon.obj
 0004:00000d38       $pdata$??$?RV<lambda_751a882b2c74d4b022dec766aa51a29a>@@AEAV<lambda_628dfdc04ba53c8bfc02c9951375f3f5>@@V<lambda_f6c7be5f7998530c34de24c7437d6b54>@@@?$__crt_seh_guarded_call@H@@QEAAH$$QEAV<lambda_751a882b2c74d4b022dec766aa51a29a>@@AEAV<lambda_628dfdc04ba53c8bfc02c9951375f3f5>@@$$QEAV<lambda_f6c7be5f7998530c34de24c7437d6b54>@@@Z 000000018001bd38     libucrt:close.obj
 0004:00000d44       $pdata$_close              000000018001bd44     libucrt:close.obj
 0004:00000d50       $pdata$_close_nolock       000000018001bd50     libucrt:close.obj
 0004:00000d5c       $pdata$_call_matherr       000000018001bd5c     libucrt:libm_error.obj
 0004:00000d68       $pdata$_exception_enabled  000000018001bd68     libucrt:libm_error.obj
 0004:00000d74       $pdata$_handle_error       000000018001bd74     libucrt:libm_error.obj
 0004:00000d80       $pdata$__acrt_initialize_fma3 000000018001bd80     libucrt:fma3_available.obj
 0004:00000d8c       $pdata$_log10_special      000000018001bd8c     libucrt:log_special.obj
 0004:00000d98       $pdata$_log_special_common 000000018001bd98     libucrt:log_special.obj
 0004:00000da4       $pdata$?__c16rtomb_utf8@__crt_mbstring@@YA_KPEAD_SPEAU_Mbstatet@@@Z 000000018001bda4     libucrt:c16rtomb.obj
 0004:00000dbc       $pdata$_raise_exc          000000018001bdbc     libucrt:fpexcept.obj
 0004:00000dc8       $pdata$_raise_exc_ex       000000018001bdc8     libucrt:fpexcept.obj
 0004:00000dd4       $pdata$_set_errno_from_matherr 000000018001bdd4     libucrt:fpexcept.obj
 0004:00000de0       $pdata$_clrfp              000000018001bde0     libucrt:fpctrl.obj
 0004:00000dec       $pdata$_ctrlfp             000000018001bdec     libucrt:fpctrl.obj
 0004:00000df8       $pdata$_set_statfp         000000018001bdf8     libucrt:fpctrl.obj
 0004:00000e04       $pdata$_statfp             000000018001be04     libucrt:fpctrl.obj
 0004:00000e10       $pdata$?__c32rtomb_utf8@__crt_mbstring@@YA_KPEAD_UPEAU_Mbstatet@@@Z 000000018001be10     libucrt:c32rtomb.obj
 0004:00000e1c       $pdata$?DloadAcquireSectionWriteAccess@@YAXXZ 000000018001be1c     DelayImp:delayhlp.obj
 0004:00000e28       $pdata$?DloadGetSRWLockFunctionPointers@@YAEXZ 000000018001be28     DelayImp:delayhlp.obj
 0004:00000e34       $pdata$?DloadMakePermanentImageCommit@@YAXPEAX_K@Z 000000018001be34     DelayImp:delayhlp.obj
 0004:00000e40       $pdata$?DloadObtainSection@@YAPEAXPEAK0@Z 000000018001be40     DelayImp:delayhlp.obj
 0004:00000e4c       $pdata$?DloadProtectSection@@YAXKPEAK@Z 000000018001be4c     DelayImp:delayhlp.obj
 0004:00000e58       $pdata$?DloadReleaseSectionWriteAccess@@YAXXZ 000000018001be58     DelayImp:delayhlp.obj
 0004:00000e64       $pdata$__delayLoadHelper2  000000018001be64     DelayImp:delayhlp.obj
 0004:00000e70       $pdata$_IsNonwritableInCurrentImage 000000018001be70     LIBCMT:pesect.obj
 0004:00000e7c       $pdata$__GSHandlerCheck    000000018001be7c     LIBCMT:_gshandler_.obj
 0004:00000e88       $pdata$__GSHandlerCheckCommon 000000018001be88     LIBCMT:_gshandler_.obj
 0004:00000e94       $pdata$??_Gtype_info@@UEAAPEAXI@Z 000000018001be94     LIBCMT:std_type_info_static.obj
 0004:00000eac       $pdata$__GSHandlerCheck_EH 000000018001beac     LIBCMT:gshandlereh.obj
 0004:00000ed0       $pdata$?fin$0@?0??dllmain_crt_process_attach@@YAHQEAUHINSTANCE__@@QEAX@Z@4HA 000000018001bed0     LIBCMT:dll_dllmain.obj
 0004:00000edc       $pdata$?fin$0@?0??dllmain_crt_process_detach@@YAH_N@Z@4HA 000000018001bedc     LIBCMT:dll_dllmain.obj
 0004:00000ee8       $pdata$?filt$0@?0??dllmain_dispatch@@YAHQEAUHINSTANCE__@@KQEAX@Z@4HA 000000018001bee8     LIBCMT:dll_dllmain.obj
 0004:00000ef4       $pdata$__scrt_is_nonwritable_in_current_image$filt$0 000000018001bef4     LIBCMT:utility.obj
 0004:00000f00       $pdata$_CallSETranslator$filt$0 000000018001bf00     libvcruntime:risctrnsctrl.obj
 0004:00000f0c       $pdata$__CxxCallCatchBlock$filt$0 000000018001bf0c     libvcruntime:frame.obj
 0004:00000f18       $pdata$__CxxCallCatchBlock$fin$1 000000018001bf18     libvcruntime:frame.obj
 0004:00000f24       $pdata$__FrameUnwindToState$filt$0 000000018001bf24     libvcruntime:frame.obj
 0004:00000f30       $pdata$__FrameUnwindToState$fin$1 000000018001bf30     libvcruntime:frame.obj
 0004:00000f3c       $pdata$__DestructExceptionObject$filt$0 000000018001bf3c     libvcruntime:ehhelpers.obj
 0004:00000f48       $pdata$?fin$0@?0???$?RV<lambda_450d765d439847d4c735a33c368b5fc0>@@AEAV<lambda_44731a7d0e6d81c3e6aa82d741081786>@@V<lambda_601a2a7da3b7a96e9554ac7215c4b07c>@@@?$__crt_seh_guarded_call@P6AXH@Z@@QEAAP6AXH@Z$$QEAV<lambda_450d765d439847d4c735a33c368b5fc0>@@AEAV<lambda_44731a7d0e6d81c3e6aa82d741081786>@@$$QEAV<lambda_601a2a7da3b7a96e9554ac7215c4b07c>@@@Z@4HA 000000018001bf48     libucrt:signal.obj
 0004:00000f48       $pdata$?fin$0@?0???$?RV<lambda_f2e299630e499de9f9a165e60fcd3db5>@@AEAV<lambda_2ae9d31cdba2644fcbeaf08da7c24588>@@V<lambda_40d01ff24d0e7b3814fdbdcee8eab3c7>@@@?$__crt_seh_guarded_call@X@@QEAAX$$QEAV<lambda_f2e299630e499de9f9a165e60fcd3db5>@@AEAV<lambda_2ae9d31cdba2644fcbeaf08da7c24588>@@$$QEAV<lambda_40d01ff24d0e7b3814fdbdcee8eab3c7>@@@Z@4HA 000000018001bf48     libucrt:per_thread_data.obj
 0004:00000f48       $pdata$?fin$0@?0???$?RV<lambda_d80eeec6fff315bfe5c115232f3240e3>@@AEAV<lambda_6e4b09c48022b2350581041d5f6b0c4c>@@V<lambda_2358e3775559c9db80273638284d5e45>@@@?$__crt_seh_guarded_call@X@@QEAAX$$QEAV<lambda_d80eeec6fff315bfe5c115232f3240e3>@@AEAV<lambda_6e4b09c48022b2350581041d5f6b0c4c>@@$$QEAV<lambda_2358e3775559c9db80273638284d5e45>@@@Z@4HA 000000018001bf48     libucrt:exit.obj
 0004:00000f48       $pdata$?fin$0@?0???$?RV<lambda_efdfa57d1f175319df784efa44bb7b81>@@AEAV<lambda_5f0a4c1567f8adc6734073e5d1e1b35c>@@V<lambda_2e8a7d3640ea6ccb4c2413664c2db6fd>@@@?$__crt_seh_guarded_call@X@@QEAAX$$QEAV<lambda_efdfa57d1f175319df784efa44bb7b81>@@AEAV<lambda_5f0a4c1567f8adc6734073e5d1e1b35c>@@$$QEAV<lambda_2e8a7d3640ea6ccb4c2413664c2db6fd>@@@Z@4HA 000000018001bf48     libucrt:mbctype.obj
 0004:00000f48       $pdata$?fin$0@?0???$?RV<lambda_0ae27a3a962d80f24befdcbee591983d>@@AEAV<lambda_8d0ee55de4b1038c4002e0adecdf1839>@@V<lambda_dc504788e8f1664fe9b84e20bfb512f2>@@@?$__crt_seh_guarded_call@X@@QEAAX$$QEAV<lambda_0ae27a3a962d80f24befdcbee591983d>@@AEAV<lambda_8d0ee55de4b1038c4002e0adecdf1839>@@$$QEAV<lambda_dc504788e8f1664fe9b84e20bfb512f2>@@@Z@4HA 000000018001bf48     libucrt:per_thread_data.obj
 0004:00000f48       $pdata$?fin$0@?0???$?RV<lambda_7777bce6b2f8c936911f934f8298dc43>@@AEAV<lambda_f03950bc5685219e0bcd2087efbe011e>@@V<lambda_3883c3dff614d5e0c5f61bb1ac94921c>@@@?$__crt_seh_guarded_call@H@@QEAAH$$QEAV<lambda_7777bce6b2f8c936911f934f8298dc43>@@AEAV<lambda_f03950bc5685219e0bcd2087efbe011e>@@$$QEAV<lambda_3883c3dff614d5e0c5f61bb1ac94921c>@@@Z@4HA 000000018001bf48     libucrt:onexit.obj
 0004:00000f48       $pdata$?fin$0@?0???$?RV<lambda_2d41944a1d46af3157314b8a01080d33>@@AEAV<lambda_8f455de75cd7d7f24b4096f044d8b9e6>@@V<lambda_aa500f224e6afead328df44964fe2772>@@@?$__crt_seh_guarded_call@X@@QEAAX$$QEAV<lambda_2d41944a1d46af3157314b8a01080d33>@@AEAV<lambda_8f455de75cd7d7f24b4096f044d8b9e6>@@$$QEAV<lambda_aa500f224e6afead328df44964fe2772>@@@Z@4HA 000000018001bf48     libucrt:per_thread_data.obj
 0004:00000f48       $pdata$?fin$0@?0???$?RV<lambda_aa87e3671a710a21b5dc78c0bdf72e11>@@AEAV<lambda_92619d2358a28f41a33ba319515a20b9>@@V<lambda_6992ecaafeb10aed2b74cb1fae11a551>@@@?$__crt_seh_guarded_call@X@@QEAAX$$QEAV<lambda_aa87e3671a710a21b5dc78c0bdf72e11>@@AEAV<lambda_92619d2358a28f41a33ba319515a20b9>@@$$QEAV<lambda_6992ecaafeb10aed2b74cb1fae11a551>@@@Z@4HA 000000018001bf48     libucrt:per_thread_data.obj
 0004:00000f54       $pdata$?filt$0@?0???R<lambda_6e4b09c48022b2350581041d5f6b0c4c>@@QEBA@XZ@4HA 000000018001bf54     libucrt:exit.obj
 0004:00000f60       $pdata$?fin$0@?0???$?RV<lambda_410d79af7f07d98d83a3f525b3859a53>@@AEAV<lambda_3e16ef9562a7dcce91392c22ab16ea36>@@V<lambda_38119f0e861e05405d8a144b9b982f0a>@@@?$__crt_seh_guarded_call@X@@QEAAX$$QEAV<lambda_410d79af7f07d98d83a3f525b3859a53>@@AEAV<lambda_3e16ef9562a7dcce91392c22ab16ea36>@@$$QEAV<lambda_38119f0e861e05405d8a144b9b982f0a>@@@Z@4HA 000000018001bf60     libucrt:wsetlocale.obj
 0004:00000f6c       $pdata$?fin$0@?0??update_thread_multibyte_data_internal@@YAPEAU__crt_multibyte_data@@QEAU__acrt_ptd@@QEAPEAU1@@Z@4HA 000000018001bf6c     libucrt:mbctype.obj
 0004:00000f78       $pdata$__acrt_initialize_lowio$fin$0 000000018001bf78     libucrt:ioinit.obj
 0004:00000f78       $pdata$__acrt_lowio_ensure_fh_exists$fin$0 000000018001bf78     libucrt:osfinfo.obj
 0004:00000f84       $pdata$_query_new_handler$fin$0 000000018001bf84     libucrt:new_handler.obj
 0004:00000f90       $pdata$raise$fin$0         000000018001bf90     libucrt:signal.obj
 0004:00000f9c       $pdata$?fin$0@?0???$?RV<lambda_842d9ff0dc9ef11c61343bbaebe7f885>@@AEAV<lambda_c5860995281e5c4ce005b3de8f5874ee>@@V<lambda_d90129c13df834fdcbf8d2b88dafcf2d>@@@?$__crt_seh_guarded_call@X@@QEAAX$$QEAV<lambda_842d9ff0dc9ef11c61343bbaebe7f885>@@AEAV<lambda_c5860995281e5c4ce005b3de8f5874ee>@@$$QEAV<lambda_d90129c13df834fdcbf8d2b88dafcf2d>@@@Z@4HA 000000018001bf9c     libucrt:fflush.obj
 0004:00000fa8       $pdata$?fin$0@?0???$?RV<lambda_886d6c58226a84441f68b9f2b8217b83>@@AEAV<lambda_ab61a845afdef5b7c387490eaf3616ee>@@V<lambda_f7f22ab5edc0698d5f6905b0d3f44752>@@@?$__crt_seh_guarded_call@X@@QEAAX$$QEAV<lambda_886d6c58226a84441f68b9f2b8217b83>@@AEAV<lambda_ab61a845afdef5b7c387490eaf3616ee>@@$$QEAV<lambda_f7f22ab5edc0698d5f6905b0d3f44752>@@@Z@4HA 000000018001bfa8     libucrt:fflush.obj
 0004:00000fb4       $pdata$__acrt_update_thread_locale_data$fin$0 000000018001bfb4     libucrt:locale_refcounting.obj
 0004:00000fc0       $pdata$?fin$0@?0???$?RV<lambda_751a882b2c74d4b022dec766aa51a29a>@@AEAV<lambda_628dfdc04ba53c8bfc02c9951375f3f5>@@V<lambda_f6c7be5f7998530c34de24c7437d6b54>@@@?$__crt_seh_guarded_call@H@@QEAAH$$QEAV<lambda_751a882b2c74d4b022dec766aa51a29a>@@AEAV<lambda_628dfdc04ba53c8bfc02c9951375f3f5>@@$$QEAV<lambda_f6c7be5f7998530c34de24c7437d6b54>@@@Z@4HA 000000018001bfc0     libucrt:close.obj
 0004:00000fc0       $pdata$?fin$0@?0???$?RV<lambda_a37b2b86f63e897a80ea819b0eb08c01>@@AEAV<lambda_38ce7e780aa69e748d6df282ebc68efe>@@V<lambda_99fb1378e971ab6e7edea83e3a7a83a2>@@@?$__crt_seh_guarded_call@H@@QEAAH$$QEAV<lambda_a37b2b86f63e897a80ea819b0eb08c01>@@AEAV<lambda_38ce7e780aa69e748d6df282ebc68efe>@@$$QEAV<lambda_99fb1378e971ab6e7edea83e3a7a83a2>@@@Z@4HA 000000018001bfc0     libucrt:commit.obj
 0004:00000fcc       $pdata$_write$fin$0        000000018001bfcc     libucrt:write.obj
 0004:00000fd8       $pdata$_fcloseall$fin$0    000000018001bfd8     libucrt:closeall.obj
 0004:00000fe4       $pdata$fclose$fin$0        000000018001bfe4     libucrt:fclose.obj
 0004:00000ff0       $pdata$_ctrlfp$filt$0      000000018001bff0     libucrt:fpctrl.obj
 0004:00000ffc       $pdata$_IsNonwritableInCurrentImage$filt$0 000000018001bffc     LIBCMT:pesect.obj
 0005:00000060       $R000000                   000000018001d060     * linker generated manifest res *

 Exports

  ordinal    name

        1    _register_addon_
