 addon

 Timestamp is 5b14c997 (Mon Jun  4 01:09:43 2018)

 Preferred load address is 0000000180000000

 Start         Length     Name                   Class
 0001:00000000 00000090H .text$di                CODE
 0001:00000090 0000e240H .text$mn                CODE
 0001:0000e2d0 00000020H .text$mn$00             CODE
 0001:0000e2f0 000003d0H .text$x                 CODE
 0001:0000e6c0 00000143H .text$yd                CODE
 0002:00000000 00000250H .idata$5                DATA
 0002:00000250 00000010H .00cfg                  DATA
 0002:00000260 00000008H .CRT$XCA                DATA
 0002:00000268 00000020H .CRT$XCU                DATA
 0002:00000288 00000008H .CRT$XCZ                DATA
 0002:00000290 00000008H .CRT$XIA                DATA
 0002:00000298 00000018H .CRT$XIC                DATA
 0002:000002b0 00000008H .CRT$XIZ                DATA
 0002:000002b8 00000008H .CRT$XPA                DATA
 0002:000002c0 00000010H .CRT$XPX                DATA
 0002:000002d0 00000008H .CRT$XPXA               DATA
 0002:000002d8 00000008H .CRT$XPZ                DATA
 0002:000002e0 00000008H .CRT$XTA                DATA
 0002:000002e8 00000008H .CRT$XTZ                DATA
 0002:000002f0 00000000H .gfids$y                DATA
 0002:000002f0 00007318H .rdata                  DATA
 0002:00007608 0000037cH .rdata$r                DATA
 0002:00007984 000003ccH .rdata$zzzdbg           DATA
 0002:00007d50 00000008H .rtc$IAA                DATA
 0002:00007d58 00000008H .rtc$IZZ                DATA
 0002:00007d60 00000008H .rtc$TAA                DATA
 0002:00007d68 00000008H .rtc$TZZ                DATA
 0002:00007d70 00000e88H .xdata                  DATA
 0002:00008bf8 000001dcH .xdata$x                DATA
 0002:00008dd4 00000020H .didat$2                DATA
 0002:00008df4 00000024H .didat$3                DATA
 0002:00008e18 00000070H .didat$4                DATA
 0002:00008e88 00000340H .didat$6                DATA
 0002:000091c8 00000078H .didat$7                DATA
 0002:00009240 00000050H .edata                  DATA
 0002:00009290 00000014H .idata$2                DATA
 0002:000092a4 00000014H .idata$3                DATA
 0002:000092b8 00000250H .idata$4                DATA
 0002:00009508 0000055eH .idata$6                DATA
 0003:00000000 00000980H .data                   DATA
 0003:00000980 00000118H .data$r                 DATA
 0003:00000a98 00000078H .didat$5                DATA
 0003:00000b10 000011fcH .bss                    DATA
 0004:00000000 00001188H .pdata                  DATA
 0005:00000000 00000060H .rsrc$01                DATA
 0005:00000060 00000180H .rsrc$02                DATA

  Address         Publics by Value              Rva+Base               Lib:Object

 0000:00000000       __guard_iat_count          0000000000000000     <absolute>
 0000:00000000       __dynamic_value_reloc_table 0000000000000000     <absolute>
 0000:00000000       __hybrid_code_map          0000000000000000     <absolute>
 0000:00000000       __hybrid_code_map_count    0000000000000000     <absolute>
 0000:00000000       __guard_iat_table          0000000000000000     <absolute>
 0000:00000000       __hybrid_auxiliary_iat     0000000000000000     <absolute>
 0000:00000000       __guard_longjmp_table      0000000000000000     <absolute>
 0000:00000000       __guard_longjmp_count      0000000000000000     <absolute>
 0000:00000000       __guard_fids_count         0000000000000000     <absolute>
 0000:00000000       __enclave_config           0000000000000000     <absolute>
 0000:00000000       ___safe_se_handler_table   0000000000000000     <absolute>
 0000:00000000       ___safe_se_handler_count   0000000000000000     <absolute>
 0000:00000000       __guard_fids_table         0000000000000000     <absolute>
 0000:00000100       __guard_flags              0000000000000100     <absolute>
 0000:00000000       __ImageBase                0000000180000000     <linker-defined>
 0001:00000090       ?assign@?$basic_string@DU?$char_traits@D@std@@V?$allocator@D@2@@std@@QEAAAEAV12@QEBD_K@Z 0000000180001090 f i addon.obj
 0001:000001e0       ?_Xlen@?$basic_string@DU?$char_traits@D@std@@V?$allocator@D@2@@std@@SAXXZ 00000001800011e0 f i addon.obj
 0001:00000200       ?NODE_SET_METHOD@node@@YAXV?$Local@VObject@v8@@@v8@@PEBDP6AXAEBV?$FunctionCallbackInfo@VValue@v8@@@3@@Z@Z 0000000180001200 f i projAPI.obj
 0001:000002d0       ?init@@YAXV?$Local@VObject@v8@@@v8@@0@Z 00000001800012d0 f   projAPI.obj
 0001:00000310       ?Method@@YAXAEBV?$FunctionCallbackInfo@VValue@v8@@@v8@@@Z 0000000180001310 f   projAPI.obj
 0001:00000360       ?GetDB_Vec@@YAXAEBV?$FunctionCallbackInfo@VValue@v8@@@v8@@@Z 0000000180001360 f   projAPI.obj
 0001:000005ac       __imp_load_?GetCurrent@Isolate@v8@@SAPEAV12@XZ 00000001800015ac f   node:node.exe
 0001:000005b8       __tailMerge_node_exe       00000001800015b8     node:node.exe
 0001:00000631       __imp_load_??1HandleScope@v8@@QEAA@XZ 0000000180001631 f   node:node.exe
 0001:0000063d       __imp_load_??0HandleScope@v8@@QEAA@PEAVIsolate@1@@Z 000000018000163d f   node:node.exe
 0001:00000649       __imp_load_?GetFunction@FunctionTemplate@v8@@QEAA?AV?$Local@VFunction@v8@@@2@XZ 0000000180001649 f   node:node.exe
 0001:00000655       __imp_load_?New@FunctionTemplate@v8@@SA?AV?$Local@VFunctionTemplate@v8@@@2@PEAVIsolate@2@P6AXAEBV?$FunctionCallbackInfo@VValue@v8@@@2@@ZV?$Local@VValue@v8@@@2@V?$Local@VSignature@v8@@@2@HW4ConstructorBehavior@2@@Z 0000000180001655 f   node:node.exe
 0001:00000661       __imp_load_??1Utf8Value@String@v8@@QEAA@XZ 0000000180001661 f   node:node.exe
 0001:0000066d       __imp_load_??0Utf8Value@String@v8@@QEAA@V?$Local@VValue@v8@@@2@@Z 000000018000166d f   node:node.exe
 0001:00000679       __imp_load_?NewFromUtf8@String@v8@@SA?AV?$Local@VString@v8@@@2@PEAVIsolate@2@PEBDW4NewStringType@12@H@Z 0000000180001679 f   node:node.exe
 0001:00000685       __imp_load_?New@Number@v8@@SA?AV?$Local@VNumber@v8@@@2@PEAVIsolate@2@N@Z 0000000180001685 f   node:node.exe
 0001:00000691       __imp_load_?Get@Object@v8@@QEAA?AV?$Local@VValue@v8@@@2@V32@@Z 0000000180001691 f   node:node.exe
 0001:0000069d       __imp_load_?Set@Object@v8@@QEAA_NV?$Local@VValue@v8@@@2@0@Z 000000018000169d f   node:node.exe
 0001:000006a9       __imp_load_?SetName@Function@v8@@QEAAXV?$Local@VString@v8@@@2@@Z 00000001800016a9 f   node:node.exe
 0001:000006b5       __imp_load_node_module_register 00000001800016b5 f   node:node.exe
 0001:000006c4       ??0bad_alloc@std@@QEAA@AEBV01@@Z 00000001800016c4 f i libcpmt:xthrow.obj
 0001:00000704       ??0bad_alloc@std@@QEAA@XZ  0000000180001704 f i libcpmt:xthrow.obj
 0001:00000724       ??0exception@std@@QEAA@AEBV01@@Z 0000000180001724 f i libcpmt:xthrow.obj
 0001:0000075c       ??0length_error@std@@QEAA@AEBV01@@Z 000000018000175c f i libcpmt:xthrow.obj
 0001:0000079c       ??0length_error@std@@QEAA@PEBD@Z 000000018000179c f i libcpmt:xthrow.obj
 0001:000007e8       ??0logic_error@std@@QEAA@AEBV01@@Z 00000001800017e8 f i libcpmt:xthrow.obj
 0001:00000828       ??1length_error@std@@UEAA@XZ 0000000180001828 f i libcpmt:xthrow.obj
 0001:00000828       ??1bad_exception@std@@UEAA@XZ 0000000180001828 f i libvcruntime:frame.obj
 0001:00000828       ??1bad_alloc@std@@UEAA@XZ  0000000180001828 f i libcpmt:xthrow.obj
 0001:00000828       ??1bad_array_new_length@std@@UEAA@XZ 0000000180001828 f i LIBCMT:throw_bad_alloc.obj
 0001:0000083c       ??_Gexception@std@@UEAAPEAXI@Z 000000018000183c f i libcpmt:xthrow.obj
 0001:0000083c       ??_Ebad_array_new_length@std@@UEAAPEAXI@Z 000000018000183c f i LIBCMT:throw_bad_alloc.obj
 0001:0000083c       ??_Elength_error@std@@UEAAPEAXI@Z 000000018000183c f i libcpmt:xthrow.obj
 0001:0000083c       ??_Gbad_array_new_length@std@@UEAAPEAXI@Z 000000018000183c f i LIBCMT:throw_bad_alloc.obj
 0001:0000083c       ??_Glength_error@std@@UEAAPEAXI@Z 000000018000183c f i libcpmt:xthrow.obj
 0001:0000083c       ??_Elogic_error@std@@UEAAPEAXI@Z 000000018000183c f i libcpmt:xthrow.obj
 0001:0000083c       ??_Ebad_exception@std@@UEAAPEAXI@Z 000000018000183c f i libvcruntime:frame.obj
 0001:0000083c       ??_Gbad_exception@std@@UEAAPEAXI@Z 000000018000183c f i libvcruntime:frame.obj
 0001:0000083c       ??_Gbad_alloc@std@@UEAAPEAXI@Z 000000018000183c f i libcpmt:xthrow.obj
 0001:0000083c       ??_Ebad_alloc@std@@UEAAPEAXI@Z 000000018000183c f i libcpmt:xthrow.obj
 0001:0000083c       ??_Glogic_error@std@@UEAAPEAXI@Z 000000018000183c f i libcpmt:xthrow.obj
 0001:0000083c       ??_Eexception@std@@UEAAPEAXI@Z 000000018000183c f i libcpmt:xthrow.obj
 0001:00000880       ?_Xlength_error@std@@YAXPEBD@Z 0000000180001880 f   libcpmt:xthrow.obj
 0001:000008a4       ?what@exception@std@@UEBAPEBDXZ 00000001800018a4 f i libcpmt:xthrow.obj
 0001:000008d0       __security_check_cookie    00000001800018d0 f   LIBCMT:_amdsecgs_.obj
 0001:000008f4       ??2@YAPEAX_K@Z             00000001800018f4 f   LIBCMT:new_scalar.obj
 0001:00000930       __scrt_acquire_startup_lock 0000000180001930 f   LIBCMT:utility.obj
 0001:0000096c       __scrt_dllmain_after_initialize_c 000000018000196c f   LIBCMT:utility.obj
 0001:000009a0       __scrt_dllmain_before_initialize_c 00000001800019a0 f   LIBCMT:utility.obj
 0001:000009b8       __scrt_dllmain_crt_thread_attach 00000001800019b8 f   LIBCMT:utility.obj
 0001:000009e0       __scrt_dllmain_crt_thread_detach 00000001800019e0 f   LIBCMT:utility.obj
 0001:000009f8       __scrt_dllmain_exception_filter 00000001800019f8 f   LIBCMT:utility.obj
 0001:00000a58       __scrt_dllmain_uninitialize_c 0000000180001a58 f   LIBCMT:utility.obj
 0001:00000a88       __scrt_dllmain_uninitialize_critical 0000000180001a88 f   LIBCMT:utility.obj
 0001:00000a9c       __scrt_initialize_crt      0000000180001a9c f   LIBCMT:utility.obj
 0001:00000ae8       __scrt_initialize_onexit_tables 0000000180001ae8 f   LIBCMT:utility.obj
 0001:00000bc4       __scrt_is_nonwritable_in_current_image 0000000180001bc4 f   LIBCMT:utility.obj
 0001:00000c60       __scrt_release_startup_lock 0000000180001c60 f   LIBCMT:utility.obj
 0001:00000c84       __scrt_uninitialize_crt    0000000180001c84 f   LIBCMT:utility.obj
 0001:00000cb0       _onexit                    0000000180001cb0 f   LIBCMT:utility.obj
 0001:00000d00       atexit                     0000000180001d00 f   LIBCMT:utility.obj
 0001:00000d18       ??3@YAXPEAX_K@Z            0000000180001d18 f   LIBCMT:delete_scalar_size.obj
 0001:00001040       _DllMainCRTStartup         0000000180002040 f   LIBCMT:dll_dllmain.obj
 0001:00001080       ??_Gtype_info@@UEAAPEAXI@Z 0000000180002080 f i LIBCMT:std_type_info_static.obj
 0001:00001080       ??_Etype_info@@UEAAPEAXI@Z 0000000180002080 f i LIBCMT:std_type_info_static.obj
 0001:000010ac       __raise_securityfailure    00000001800020ac f   LIBCMT:gs_report.obj
 0001:000010e0       __report_gsfailure         00000001800020e0 f   LIBCMT:gs_report.obj
 0001:000011b4       __report_rangecheckfailure 00000001800021b4 f   LIBCMT:gs_report.obj
 0001:000011c8       __report_securityfailure   00000001800021c8 f   LIBCMT:gs_report.obj
 0001:00001348       ??0bad_array_new_length@std@@QEAA@AEBV01@@Z 0000000180002348 f i LIBCMT:throw_bad_alloc.obj
 0001:00001388       ??0bad_array_new_length@std@@QEAA@XZ 0000000180002388 f i LIBCMT:throw_bad_alloc.obj
 0001:000013a8       ?__scrt_throw_std_bad_alloc@@YAXXZ 00000001800023a8 f   LIBCMT:throw_bad_alloc.obj
 0001:000013c8       ?__scrt_throw_std_bad_array_new_length@@YAXXZ 00000001800023c8 f   LIBCMT:throw_bad_alloc.obj
 0001:000013e8       __isa_available_init       00000001800023e8 f   LIBCMT:_cpu_disp_.obj
 0001:000015a4       DllMain                    00000001800025a4 f   LIBCMT:dll_dllmain_stub.obj
 0001:000015a4       _get_startup_argv_mode     00000001800025a4 f   LIBCMT:argv_mode.obj
 0001:000015ac       __scrt_is_ucrt_dll_in_use  00000001800025ac f   LIBCMT:ucrt_detection.obj
 0001:000015b8       __crt_debugger_hook        00000001800025b8 f   LIBCMT:utility_desktop.obj
 0001:000015c0       __scrt_fastfail            00000001800025c0 f   LIBCMT:utility_desktop.obj
 0001:0000170c       _guard_check_icall_nop     000000018000270c f i LIBCMT:guard_support.obj
 0001:00001710       ??3@YAXPEAX@Z              0000000180002710 f   LIBCMT:delete_scalar.obj
 0001:00001718       __security_init_cookie     0000000180002718 f   LIBCMT:gs_support.obj
 0001:000017c8       ?__scrt_initialize_type_info@@YAXXZ 00000001800027c8 f   LIBCMT:tncleanup.obj
 0001:000017d8       ?__scrt_uninitialize_type_info@@YAXXZ 00000001800027d8 f   LIBCMT:tncleanup.obj
 0001:000017e4       __local_stdio_printf_options 00000001800027e4 f i LIBCMT:default_local_stdio_options.obj
 0001:000017ec       __local_stdio_scanf_options 00000001800027ec f i LIBCMT:default_local_stdio_options.obj
 0001:000017f4       __scrt_initialize_default_local_stdio_options 00000001800027f4 f   LIBCMT:default_local_stdio_options.obj
 0001:00001810       __scrt_get_dyn_tls_init_callback 0000000180002810 f   LIBCMT:dyn_tls_init.obj
 0001:00001818       _RTC_Initialize            0000000180002818 f   LIBCMT:_initsect_.obj
 0001:00001854       _RTC_Terminate             0000000180002854 f   LIBCMT:_initsect_.obj
 0001:00001890       __std_exception_copy       0000000180002890 f   libvcruntime:std_exception.obj
 0001:00001920       __std_exception_destroy    0000000180002920 f   libvcruntime:std_exception.obj
 0001:00001948       _CxxThrowException         0000000180002948 f   libvcruntime:throw.obj
 0001:00001a08       __vcrt_initialize          0000000180002a08 f   libvcruntime:initialization.obj
 0001:00001a3c       __vcrt_thread_attach       0000000180002a3c f   libvcruntime:initialization.obj
 0001:00001a50       __vcrt_thread_detach       0000000180002a50 f   libvcruntime:initialization.obj
 0001:00001a64       __vcrt_uninitialize        0000000180002a64 f   libvcruntime:initialization.obj
 0001:00001a84       __vcrt_uninitialize_critical 0000000180002a84 f   libvcruntime:initialization.obj
 0001:00001a94       __C_specific_handler       0000000180002a94 f   libvcruntime:_riscchandler_.obj
 0001:00001cb0       memset                     0000000180002cb0 f   libvcruntime:memset.obj
 0001:00001e60       __std_type_info_compare    0000000180002e60 f   libvcruntime:std_type_info.obj
 0001:00001e88       __std_type_info_destroy_list 0000000180002e88 f   libvcruntime:std_type_info.obj
 0001:00001eb4       __vcrt_freefls             0000000180002eb4 f   libvcruntime:per_thread_data.obj
 0001:00001ed4       __vcrt_freeptd             0000000180002ed4 f   libvcruntime:per_thread_data.obj
 0001:00001f24       __vcrt_getptd              0000000180002f24 f   libvcruntime:per_thread_data.obj
 0001:00001f40       __vcrt_getptd_noexit       0000000180002f40 f   libvcruntime:per_thread_data.obj
 0001:00001ff8       __vcrt_initialize_ptd      0000000180002ff8 f   libvcruntime:per_thread_data.obj
 0001:00002048       __vcrt_uninitialize_ptd    0000000180003048 f   libvcruntime:per_thread_data.obj
 0001:0000206c       __vcrt_initialize_locks    000000018000306c f   libvcruntime:locks.obj
 0001:000020b4       __vcrt_uninitialize_locks  00000001800030b4 f   libvcruntime:locks.obj
 0001:000022c4       __vcrt_FlsAlloc            00000001800032c4 f   libvcruntime:winapi_downlevel.obj
 0001:0000230c       __vcrt_FlsFree             000000018000330c f   libvcruntime:winapi_downlevel.obj
 0001:00002354       __vcrt_FlsGetValue         0000000180003354 f   libvcruntime:winapi_downlevel.obj
 0001:0000239c       __vcrt_FlsSetValue         000000018000339c f   libvcruntime:winapi_downlevel.obj
 0001:000023f0       __vcrt_InitializeCriticalSectionEx 00000001800033f0 f   libvcruntime:winapi_downlevel.obj
 0001:00002454       __vcrt_initialize_winapi_thunks 0000000180003454 f   libvcruntime:winapi_downlevel.obj
 0001:00002484       __vcrt_uninitialize_winapi_thunks 0000000180003484 f   libvcruntime:winapi_downlevel.obj
 0001:000024c4       __vcrt_initialize_pure_virtual_call_handler 00000001800034c4 f   libvcruntime:purevirt_data.obj
 0001:000024f0       _local_unwind              00000001800034f0 f   libvcruntime:_jmpuwind_.obj
 0001:00002520       _NLG_Notify                0000000180003520 f   libvcruntime:_jmpuwind_.obj
 0001:00002540       __NLG_Dispatch2            0000000180003540 f   libvcruntime:_jmpuwind_.obj
 0001:00002550       __NLG_Return2              0000000180003550 f   libvcruntime:_jmpuwind_.obj
 0001:00002554       __except_validate_context_record 0000000180003554 f   libvcruntime:jbcxrval.obj
 0001:0000258c       ?_ExecutionInCatch@@YAHPEAU_xDISPATCHER_CONTEXT@@PEBU_s_FuncInfo@@@Z 000000018000358c f   libvcruntime:risctrnsctrl.obj
 0001:00002600       ?_GetEstablisherFrame@@YAPEA_KPEA_KPEAU_xDISPATCHER_CONTEXT@@PEBU_s_FuncInfo@@0@Z 0000000180003600 f   libvcruntime:risctrnsctrl.obj
 0001:000026cc       ?_GetRangeOfTrysToCheck@@YAPEBU_s_TryBlockMapEntry@@PEA_KPEBU_s_FuncInfo@@HHPEAI2PEAU_xDISPATCHER_CONTEXT@@@Z 00000001800036cc f   libvcruntime:risctrnsctrl.obj
 0001:000027f8       ?__FrameUnwindToEmptyState@@YAXPEA_KPEAU_xDISPATCHER_CONTEXT@@PEBU_s_FuncInfo@@@Z 00000001800037f8 f   libvcruntime:risctrnsctrl.obj
 0001:0000288c       _CallSETranslator          000000018000388c f   libvcruntime:risctrnsctrl.obj
 0001:000028e0       _CreateFrameInfo           00000001800038e0 f   libvcruntime:risctrnsctrl.obj
 0001:0000291c       _FindAndUnlinkFrame        000000018000391c f   libvcruntime:risctrnsctrl.obj
 0001:00002970       _GetImageBase              0000000180003970 f   libvcruntime:risctrnsctrl.obj
 0001:00002984       _GetThrowImageBase         0000000180003984 f   libvcruntime:risctrnsctrl.obj
 0001:00002998       _SetImageBase              0000000180003998 f   libvcruntime:risctrnsctrl.obj
 0001:000029b0       _SetThrowImageBase         00000001800039b0 f   libvcruntime:risctrnsctrl.obj
 0001:000029c8       _UnwindNestedFrames        00000001800039c8 f   libvcruntime:risctrnsctrl.obj
 0001:00002aec       __CxxFrameHandler3         0000000180003aec f   libvcruntime:risctrnsctrl.obj
 0001:00002b80       memmove                    0000000180003b80 f   libvcruntime:memcpy.obj
 0001:00002b80       memcpy                     0000000180003b80 f   libvcruntime:memcpy.obj
 0001:00002fc8       ?__GetCurrentState@@YAHPEA_KPEAU_xDISPATCHER_CONTEXT@@PEBU_s_FuncInfo@@@Z 0000000180003fc8 f   libvcruntime:riscehstate.obj
 0001:00002ff0       ?__GetUnwindTryBlock@@YAHPEA_KPEAU_xDISPATCHER_CONTEXT@@PEBU_s_FuncInfo@@@Z 0000000180003ff0 f   libvcruntime:riscehstate.obj
 0001:0000301c       ?__SetState@@YAXPEA_KPEAU_xDISPATCHER_CONTEXT@@PEBU_s_FuncInfo@@H@Z 000000018000401c f   libvcruntime:riscehstate.obj
 0001:00003028       ?__SetUnwindTryBlock@@YAXPEA_KPEAU_xDISPATCHER_CONTEXT@@PEBU_s_FuncInfo@@H@Z 0000000180004028 f   libvcruntime:riscehstate.obj
 0001:00003064       ?__StateFromControlPc@@YAHPEBU_s_FuncInfo@@PEAU_xDISPATCHER_CONTEXT@@@Z 0000000180004064 f   libvcruntime:riscehstate.obj
 0001:0000306c       ?__StateFromIp@@YAHPEBU_s_FuncInfo@@PEAU_xDISPATCHER_CONTEXT@@_K@Z 000000018000406c f   libvcruntime:riscehstate.obj
 0001:000030d4       ??0bad_exception@std@@QEAA@AEBV01@@Z 00000001800040d4 f i libvcruntime:frame.obj
 0001:00003114       ??0bad_exception@std@@QEAA@XZ 0000000180004114 f i libvcruntime:frame.obj
 0001:00003a5c       ?_CallMemberFunction1@@YAXQEAX00@Z 0000000180004a5c f i libvcruntime:frame.obj
 0001:00003a68       ?_CallMemberFunction2@@YAXQEAX00H@Z 0000000180004a68 f i libvcruntime:frame.obj
 0001:00003a78       __BuildCatchObject         0000000180004a78 f   libvcruntime:frame.obj
 0001:00003b38       __BuildCatchObjectHelper   0000000180004b38 f   libvcruntime:frame.obj
 0001:00003d38       __CxxCallCatchBlock        0000000180004d38 f   libvcruntime:frame.obj
 0001:00003f24       __FrameUnwindToState       0000000180004f24 f   libvcruntime:frame.obj
 0001:000040b8       __InternalCxxFrameHandler  00000001800050b8 f   libvcruntime:frame.obj
 0001:000042fc       __TypeMatch                00000001800052fc f   libvcruntime:frame.obj
 0001:00004450       _CallSettingFrame          0000000180005450 f   libvcruntime:handlers.obj
 0001:00004490       __DestructExceptionObject  0000000180005490 f   libvcruntime:ehhelpers.obj
 0001:00004504       ?_CallMemberFunction0@@YAXQEAX0@Z 0000000180005504 f i libvcruntime:ehhelpers.obj
 0001:00004508       _IsExceptionObjectToBeDestroyed 0000000180005508 f   libvcruntime:ehhelpers.obj
 0001:00004538       __AdjustPointer            0000000180005538 f   libvcruntime:ehhelpers.obj
 0001:0000455c       __FrameUnwindFilter        000000018000555c f   libvcruntime:ehhelpers.obj
 0001:000045a8       __acrt_call_reportfault    00000001800055a8 f   libucrt:invalid_parameter.obj
 0001:00004704       __acrt_initialize_invalid_parameter_handler 0000000180005704 f   libucrt:invalid_parameter.obj
 0001:0000470c       _invalid_parameter         000000018000570c f   libucrt:invalid_parameter.obj
 0001:000047bc       _invalid_parameter_noinfo  00000001800057bc f   libucrt:invalid_parameter.obj
 0001:000047dc       _invalid_parameter_noinfo_noreturn 00000001800057dc f   libucrt:invalid_parameter.obj
 0001:0000480c       _invoke_watson             000000018000580c f   libucrt:invalid_parameter.obj
 0001:00004854       ??0_LocaleUpdate@@QEAA@QEAU__crt_locale_pointers@@@Z 0000000180005854 f i libucrt:stricmp.obj
 0001:000048f0       ??1_LocaleUpdate@@QEAA@XZ  00000001800058f0 f i libucrt:stricmp.obj
 0001:00004904       __ascii_stricmp            0000000180005904 f   libucrt:stricmp.obj
 0001:00004944       _stricmp                   0000000180005944 f   libucrt:stricmp.obj
 0001:0000498c       _stricmp_l                 000000018000598c f   libucrt:stricmp.obj
 0001:00004a40       __acrt_initialize_new_handler 0000000180005a40 f   libucrt:new_handler.obj
 0001:00004a48       _callnewh                  0000000180005a48 f   libucrt:new_handler.obj
 0001:00004a78       _query_new_handler         0000000180005a78 f   libucrt:new_handler.obj
 0001:00004aac       malloc                     0000000180005aac f   libucrt:malloc.obj
 0001:00004ab4       _seh_filter_dll            0000000180005ab4 f   libucrt:exception_filter.obj
 0001:00004ac8       _seh_filter_exe            0000000180005ac8 f   libucrt:exception_filter.obj
 0001:00004ec0       __acrt_initialize_thread_local_exit_callback 0000000180005ec0 f   libucrt:exit.obj
 0001:00004ec8       _cexit                     0000000180005ec8 f   libucrt:exit.obj
 0001:00004ed8       _exit                      0000000180005ed8 f   libucrt:exit.obj
 0001:00004ee4       _is_c_termination_complete 0000000180005ee4 f   libucrt:exit.obj
 0001:000050b0       __acrt_allocate_buffer_for_argv 00000001800060b0 f   libucrt:argv_parsing.obj
 0001:00005110       _configure_narrow_argv     0000000180006110 f   libucrt:argv_parsing.obj
 0001:00005488       __dcrt_uninitialize_environments_nolock 0000000180006488 f   libucrt:environment_initialization.obj
 0001:000054c0       _initialize_narrow_environment 00000001800064c0 f   libucrt:environment_initialization.obj
 0001:00005850       _crt_atexit                0000000180006850 f   libucrt:onexit.obj
 0001:00005860       _execute_onexit_table      0000000180006860 f   libucrt:onexit.obj
 0001:0000589c       _initialize_onexit_table   000000018000689c f   libucrt:onexit.obj
 0001:000058dc       _register_onexit_function  00000001800068dc f   libucrt:onexit.obj
 0001:0000595c       __acrt_uninitialize_command_line 000000018000695c f   libucrt:argv_data.obj
 0001:00005a68       __acrt_initialize          0000000180006a68 f   libucrt:initialization.obj
 0001:00005a7c       __acrt_thread_attach       0000000180006a7c f   libucrt:initialization.obj
 0001:00005a90       __acrt_thread_detach       0000000180006a90 f   libucrt:initialization.obj
 0001:00005aa0       __acrt_uninitialize        0000000180006aa0 f   libucrt:initialization.obj
 0001:00005ad8       __acrt_uninitialize_critical 0000000180006ad8 f   libucrt:initialization.obj
 0001:00005ae8       _initterm                  0000000180006ae8 f   libucrt:initterm.obj
 0001:00005b4c       _initterm_e                0000000180006b4c f   libucrt:initterm.obj
 0001:00005b8c       terminate                  0000000180006b8c f   libucrt:terminate.obj
 0001:00005bac       free                       0000000180006bac f   libucrt:free.obj
 0001:00005bc0       strcpy_s                   0000000180006bc0 f   libucrt:strcpy_s.obj
 0001:00005c30       abort                      0000000180006c30 f   libucrt:abort.obj
 0001:00005c88       calloc                     0000000180006c88 f   libucrt:calloc.obj
 0001:00005c90       wcsncmp                    0000000180006c90 f   libucrt:wcsncmp.obj
 0001:00005cd0       strncmp                    0000000180006cd0 f   libucrt:strncmp.obj
 0001:000060c8       __acrt_freeptd             00000001800070c8 f   libucrt:per_thread_data.obj
 0001:0000610c       __acrt_getptd              000000018000710c f   libucrt:per_thread_data.obj
 0001:000061d0       __acrt_getptd_head         00000001800071d0 f   libucrt:per_thread_data.obj
 0001:00006278       __acrt_getptd_noexit       0000000180007278 f   libucrt:per_thread_data.obj
 0001:00006330       __acrt_initialize_ptd      0000000180007330 f   libucrt:per_thread_data.obj
 0001:0000636c       __acrt_uninitialize_ptd    000000018000736c f   libucrt:per_thread_data.obj
 0001:00006390       __acrt_errno_from_os_error 0000000180007390 f   libucrt:errno.obj
 0001:000063d8       __acrt_errno_map_os_error  00000001800073d8 f   libucrt:errno.obj
 0001:00006428       __doserrno                 0000000180007428 f   libucrt:errno.obj
 0001:00006448       _errno                     0000000180007448 f   libucrt:errno.obj
 0001:000064b8       _tolower_l                 00000001800074b8 f   libucrt:tolower_toupper.obj
 0001:000065f8       __acrt_update_locale_info  00000001800075f8 f   libucrt:locale_update.obj
 0001:0000662c       __acrt_update_multibyte_info 000000018000762c f   libucrt:locale_update.obj
 0001:000066d0       __acrt_set_locale_changed  00000001800076d0 f   libucrt:wsetlocale.obj
 0001:000066dc       __acrt_uninitialize_locale 00000001800076dc f   libucrt:wsetlocale.obj
 0001:0000670c       __acrt_initialize_locks    000000018000770c f   libucrt:locks.obj
 0001:00006754       __acrt_lock                0000000180007754 f   libucrt:locks.obj
 0001:00006770       __acrt_uninitialize_locks  0000000180007770 f   libucrt:locks.obj
 0001:000067a8       __acrt_unlock              00000001800077a8 f   libucrt:locks.obj
 0001:000067c4       _malloc_base               00000001800077c4 f   libucrt:malloc_base.obj
 0001:00006824       __acrt_get_process_end_policy 0000000180007824 f   libucrt:win_policies.obj
 0001:00006860       _calloc_base               0000000180007860 f   libucrt:calloc_base.obj
 0001:000068d8       _free_base                 00000001800078d8 f   libucrt:free_base.obj
 0001:00006e80       __acrt_expand_narrow_argv_wildcards 0000000180007e80 f   libucrt:argv_wildcards.obj
 0001:00006e88       __acrt_GetModuleFileNameA  0000000180007e88 f   libucrt:getmodulefilenamea.obj
 0001:00007630       __acrt_initialize_multibyte 0000000180008630 f   libucrt:mbctype.obj
 0001:00007690       __acrt_update_thread_multibyte_data 0000000180008690 f   libucrt:mbctype.obj
 0001:000076ac       _setmbcp_nolock            00000001800086ac f   libucrt:mbctype.obj
 0001:000079dc       _ismbblead                 00000001800089dc f   libucrt:ismbbyte.obj
 0001:000079f0       __acrt_initialize_command_line 00000001800089f0 f   libucrt:argv_data.obj
 0001:00007a18       __acrt_MultiByteToWideChar 0000000180008a18 f   libucrt:multibytetowidechar.obj
 0001:00007a74       __acrt_WideCharToMultiByte 0000000180008a74 f   libucrt:widechartomultibyte.obj
 0001:00007b0c       __dcrt_get_narrow_environment_from_os 0000000180008b0c f   libucrt:get_environment_from_os.obj
 0001:00007c10       _recalloc                  0000000180008c10 f   libucrt:recalloc.obj
 0001:00007c18       _recalloc_base             0000000180008c18 f   libucrt:recalloc.obj
 0001:00007e88       __acrt_AppPolicyGetProcessTerminationMethodInternal 0000000180008e88 f   libucrt:winapi_thunks.obj
 0001:00007ed8       __acrt_FlsAlloc            0000000180008ed8 f   libucrt:winapi_thunks.obj
 0001:00007f20       __acrt_FlsFree             0000000180008f20 f   libucrt:winapi_thunks.obj
 0001:00007f68       __acrt_FlsGetValue         0000000180008f68 f   libucrt:winapi_thunks.obj
 0001:00007fb0       __acrt_FlsSetValue         0000000180008fb0 f   libucrt:winapi_thunks.obj
 0001:00008004       __acrt_InitializeCriticalSectionEx 0000000180009004 f   libucrt:winapi_thunks.obj
 0001:00008068       __acrt_LCMapStringEx       0000000180009068 f   libucrt:winapi_thunks.obj
 0001:00008144       __acrt_LocaleNameToLCID    0000000180009144 f   libucrt:winapi_thunks.obj
 0001:00008194       __acrt_initialize_winapi_thunks 0000000180009194 f   libucrt:winapi_thunks.obj
 0001:000081dc       __acrt_uninitialize_winapi_thunks 00000001800091dc f   libucrt:winapi_thunks.obj
 0001:00008220       __acrt_initialize_heap     0000000180009220 f   libucrt:heap_handle.obj
 0001:0000823c       __acrt_uninitialize_heap   000000018000923c f   libucrt:heap_handle.obj
 0001:00008430       __acrt_initialize_lowio    0000000180009430 f   libucrt:ioinit.obj
 0001:0000846c       __acrt_uninitialize_lowio  000000018000946c f   libucrt:ioinit.obj
 0001:000084ac       __acrt_execute_initializers 00000001800094ac f   libucrt:shared_initialization.obj
 0001:0000852c       __acrt_execute_uninitializers 000000018000952c f   libucrt:shared_initialization.obj
 0001:000085b0       __acrt_get_sigabrt_handler 00000001800095b0 f   libucrt:signal.obj
 0001:000085e0       __acrt_initialize_signal_handlers 00000001800095e0 f   libucrt:signal.obj
 0001:00008600       raise                      0000000180009600 f   libucrt:signal.obj
 0001:00008880       __acrt_has_user_matherr    0000000180009880 f   libucrt:matherr.obj
 0001:000088a0       __acrt_initialize_user_matherr 00000001800098a0 f   libucrt:matherr.obj
 0001:000088a8       __acrt_invoke_user_matherr 00000001800098a8 f   libucrt:matherr.obj
 0001:00008ab4       __acrt_stdio_flush_nolock  0000000180009ab4 f   libucrt:fflush.obj
 0001:00008b30       _fflush_nolock             0000000180009b30 f   libucrt:fflush.obj
 0001:00008b7c       _flushall                  0000000180009b7c f   libucrt:fflush.obj
 0001:00008b84       __acrt_initialize_stdio    0000000180009b84 f   libucrt:_file.obj
 0001:00008ca4       __acrt_uninitialize_stdio  0000000180009ca4 f   libucrt:_file.obj
 0001:00008d00       _lock_file                 0000000180009d00 f   libucrt:_file.obj
 0001:00008d0c       _unlock_file               0000000180009d0c f   libucrt:_file.obj
 0001:00008d18       _mbtowc_l                  0000000180009d18 f   libucrt:mbtowc.obj
 0001:00008e94       mbtowc                     0000000180009e94 f   libucrt:mbtowc.obj
 0001:00008e9c       _fileno                    0000000180009e9c f   libucrt:fileno.obj
 0001:00008ec4       __pctype_func              0000000180009ec4 f   libucrt:ctype.obj
 0001:00008ef4       _isctype_l                 0000000180009ef4 f   libucrt:isctype.obj
 0001:00009008       __acrt_add_locale_ref      000000018000a008 f   libucrt:locale_refcounting.obj
 0001:00009094       __acrt_free_locale         000000018000a094 f   libucrt:locale_refcounting.obj
 0001:0000920c       __acrt_locale_add_lc_time_reference 000000018000a20c f   libucrt:locale_refcounting.obj
 0001:00009234       __acrt_locale_free_lc_time_if_unreferenced 000000018000a234 f   libucrt:locale_refcounting.obj
 0001:0000926c       __acrt_locale_release_lc_time_reference 000000018000a26c f   libucrt:locale_refcounting.obj
 0001:00009294       __acrt_release_locale_ref  000000018000a294 f   libucrt:locale_refcounting.obj
 0001:0000933c       __acrt_update_thread_locale_data 000000018000a33c f   libucrt:locale_refcounting.obj
 0001:000093ac       _updatetlocinfoEx_nolock   000000018000a3ac f   libucrt:locale_refcounting.obj
 0001:00009414       _isleadbyte_l              000000018000a414 f i libucrt:_wctype.obj
 0001:0000976c       __acrt_LCMapStringA        000000018000a76c f   libucrt:lcmapstringa.obj
 0001:00009804       __acrt_locale_free_monetary 000000018000a804 f   libucrt:initmon.obj
 0001:00009910       __acrt_locale_free_numeric 000000018000a910 f   libucrt:initnum.obj
 0001:000099d0       __acrt_locale_free_time    000000018000a9d0 f   libucrt:inittime.obj
 0001:00009ad8       __acrt_GetStringTypeA      000000018000aad8 f   libucrt:getstringtypea.obj
 0001:00009c68       _query_new_mode            000000018000ac68 f   libucrt:new_mode.obj
 0001:00009c70       qsort                      000000018000ac70 f   libucrt:qsort.obj
 0001:0000a020       strncpy_s                  000000018000b020 f   libucrt:strncpy_s.obj
 0001:0000a1b0       strpbrk                    000000018000b1b0 f   libucrt:strpbrk.obj
 0001:0000a590       ??$__acrt_convert_wcs_mbs@D_W$$A6A_KPEA_WPEBD_KPEAU__crt_locale_pointers@@@ZU__crt_win32_buffer_internal_dynamic_resizing@@@@YAHQEBDAEAV?$__crt_win32_buffer@_WU__crt_win32_buffer_internal_dynamic_resizing@@@@A6A_KPEA_WPEBD_KPEAU__crt_locale_pointers@@@Z5@Z 000000018000b590 f i libucrt:findfirstfileexa.obj
 0001:0000a698       __acrt_FindFirstFileExA    000000018000b698 f   libucrt:findfirstfileexa.obj
 0001:0000a73c       ??$__acrt_convert_wcs_mbs@_WD$$A6A_KPEADPEB_W_KPEAU__crt_locale_pointers@@@ZU__crt_win32_buffer_no_resizing@@@@YAHQEB_WAEAV?$__crt_win32_buffer@DU__crt_win32_buffer_no_resizing@@@@A6A_KPEADPEB_W_KPEAU__crt_locale_pointers@@@Z5@Z 000000018000b73c f i libucrt:findnextfilea.obj
 0001:0000a808       __acrt_FindNextFileA       000000018000b808 f   libucrt:findnextfilea.obj
 0001:0000a93c       _mbsdec                    000000018000b93c f   libucrt:mbsdec.obj
 0001:0000a944       _mbsdec_l                  000000018000b944 f   libucrt:mbsdec.obj
 0001:0000abdc       _mbstowcs_l                000000018000bbdc f   libucrt:mbstowcs.obj
 0001:0000abe4       mbstowcs                   000000018000bbe4 f   libucrt:mbstowcs.obj
 0001:0000ac18       _msize                     000000018000bc18 f   libucrt:msize.obj
 0001:0000ac20       _msize_base                000000018000bc20 f   libucrt:msize.obj
 0001:0000ac5c       _realloc_base              000000018000bc5c f   libucrt:realloc_base.obj
 0001:0000adc0       __acrt_DownlevelLocaleNameToLCID 000000018000bdc0 f   libucrt:lcidtoname_downlevel.obj
 0001:0000adf4       __acrt_lowio_create_handle_array 000000018000bdf4 f   libucrt:osfinfo.obj
 0001:0000ae8c       __acrt_lowio_destroy_handle_array 000000018000be8c f   libucrt:osfinfo.obj
 0001:0000aedc       __acrt_lowio_ensure_fh_exists 000000018000bedc f   libucrt:osfinfo.obj
 0001:0000af84       __acrt_lowio_lock_fh       000000018000bf84 f   libucrt:osfinfo.obj
 0001:0000afa8       __acrt_lowio_unlock_fh     000000018000bfa8 f   libucrt:osfinfo.obj
 0001:0000afcc       _free_osfhnd               000000018000bfcc f   libucrt:osfinfo.obj
 0001:0000b088       _get_osfhandle             000000018000c088 f   libucrt:osfinfo.obj
 0001:0000b18c       _commit                    000000018000c18c f   libucrt:commit.obj
 0001:0000b7c8       _write                     000000018000c7c8 f   libucrt:write.obj
 0001:0000b8b4       _write_nolock              000000018000c8b4 f   libucrt:write.obj
 0001:0000bb94       _fcloseall                 000000018000cb94 f   libucrt:closeall.obj
 0001:0000bc48       __acrt_stdio_free_buffer_nolock 000000018000cc48 f   libucrt:_freebuf.obj
 0001:0000bc88       _isatty                    000000018000cc88 f   libucrt:isatty.obj
 0001:0000bce8       ?__mbrtowc_utf8@__crt_mbstring@@YA_KPEA_WPEBD_KPEAU_Mbstatet@@@Z 000000018000cce8 f   libucrt:mbrtowc.obj
 0001:0000bd24       ?__mbsrtowcs_utf8@__crt_mbstring@@YA_KPEA_WPEAPEBD_KPEAU_Mbstatet@@@Z 000000018000cd24 f   libucrt:mbrtowc.obj
 0001:0000be9c       __strncnt                  000000018000ce9c f   libucrt:strncnt.obj
 0001:0000c21c       _wcstombs_l                000000018000d21c f   libucrt:wcstombs.obj
 0001:0000c224       _query_app_type            000000018000d224 f   libucrt:report_runtime_error.obj
 0001:0000c2c8       _lseeki64_nolock           000000018000d2c8 f   libucrt:lseek.obj
 0001:0000c2d0       _putwch_nolock             000000018000d2d0 f   libucrt:putwch.obj
 0001:0000c30c       _fclose_nolock             000000018000d30c f   libucrt:fclose.obj
 0001:0000c390       fclose                     000000018000d390 f   libucrt:fclose.obj
 0001:0000c3f4       ?__mbrtoc32_utf8@__crt_mbstring@@YA_KPEA_UPEBD_KPEAU_Mbstatet@@@Z 000000018000d3f4 f   libucrt:mbrtoc32.obj
 0001:0000c5d0       log10                      000000018000d5d0 f   libucrt:log10.obj
 0001:0000cb7c       ?__wcsrtombs_utf8@__crt_mbstring@@YA_KPEADPEAPEB_W_KPEAU_Mbstatet@@@Z 000000018000db7c f   libucrt:wcrtomb.obj
 0001:0000cc98       __dcrt_lowio_ensure_console_output_initialized 000000018000dc98 f   libucrt:initcon.obj
 0001:0000ccec       __dcrt_terminate_console_output 000000018000dcec f   libucrt:initcon.obj
 0001:0000cd08       __dcrt_write_console       000000018000dd08 f   libucrt:initcon.obj
 0001:0000ce3c       _close                     000000018000de3c f   libucrt:close.obj
 0001:0000cee0       _close_nolock              000000018000dee0 f   libucrt:close.obj
 0001:0000cf9c       ?__acrt_stdio_free_stream@@YAXV__crt_stdio_stream@@@Z 000000018000df9c f   libucrt:stream.obj
 0001:0000d0dc       _handle_error              000000018000e0dc f   libucrt:libm_error.obj
 0001:0000d210       __acrt_initialize_fma3     000000018000e210 f   libucrt:fma3_available.obj
 0001:0000d280       _log10_special             000000018000e280 f   libucrt:log_special.obj
 0001:0000d338       ?__c16rtomb_utf8@__crt_mbstring@@YA_KPEAD_SPEAU_Mbstatet@@@Z 000000018000e338 f   libucrt:c16rtomb.obj
 0001:0000d3f0       _get_fpsr                  000000018000e3f0 f   libucrt:fpsr.obj
 0001:0000d400       _set_fpsr                  000000018000e400 f   libucrt:fpsr.obj
 0001:0000d40a       _fclrf                     000000018000e40a f   libucrt:fpsr.obj
 0001:0000d41e       _frnd                      000000018000e41e f   libucrt:fpsr.obj
 0001:0000d440       _raise_exc                 000000018000e440 f   libucrt:fpexcept.obj
 0001:0000d468       _raise_exc_ex              000000018000e468 f   libucrt:fpexcept.obj
 0001:0000d778       _set_errno_from_matherr    000000018000e778 f   libucrt:fpexcept.obj
 0001:0000d7a8       _clrfp                     000000018000e7a8 f   libucrt:fpctrl.obj
 0001:0000d7c8       _ctrlfp                    000000018000e7c8 f   libucrt:fpctrl.obj
 0001:0000d844       _set_statfp                000000018000e844 f   libucrt:fpctrl.obj
 0001:0000d864       _statfp                    000000018000e864 f   libucrt:fpctrl.obj
 0001:0000d878       ?__c32rtomb_utf8@__crt_mbstring@@YA_KPEAD_UPEAU_Mbstatet@@@Z 000000018000e878 f   libucrt:c32rtomb.obj
 0001:0000d930       c32rtomb                   000000018000e930 f   libucrt:c32rtomb.obj
 0001:0000d935       IsProcessorFeaturePresent  000000018000e935 f   kernel32:KERNEL32.dll
 0001:0000d93b       RtlUnwindEx                000000018000e93b f   kernel32:KERNEL32.dll
 0001:0000d944       ?DloadAcquireSectionWriteAccess@@YAXXZ 000000018000e944 f i DelayImp:delayhlp.obj
 0001:0000d9f0       ?DloadGetSRWLockFunctionPointers@@YAEXZ 000000018000e9f0 f i DelayImp:delayhlp.obj
 0001:0000da8c       ?DloadMakePermanentImageCommit@@YAXPEAX_K@Z 000000018000ea8c f i DelayImp:delayhlp.obj
 0001:0000db24       ?DloadObtainSection@@YAPEAXPEAK0@Z 000000018000eb24 f i DelayImp:delayhlp.obj
 0001:0000dbc0       ?DloadProtectSection@@YAXKPEAK@Z 000000018000ebc0 f i DelayImp:delayhlp.obj
 0001:0000dc50       ?DloadReleaseSectionWriteAccess@@YAXXZ 000000018000ec50 f i DelayImp:delayhlp.obj
 0001:0000dce4       __delayLoadHelper2         000000018000ece4 f   DelayImp:delayhlp.obj
 0001:0000dfb0       _FindPESection             000000018000efb0 f   LIBCMT:pesect.obj
 0001:0000e000       _IsNonwritableInCurrentImage 000000018000f000 f   LIBCMT:pesect.obj
 0001:0000e050       _ValidateImageBase         000000018000f050 f   LIBCMT:pesect.obj
 0001:0000e080       __GSHandlerCheck           000000018000f080 f   LIBCMT:_gshandler_.obj
 0001:0000e0a0       __GSHandlerCheckCommon     000000018000f0a0 f   LIBCMT:_gshandler_.obj
 0001:0000e110       _alloca_probe              000000018000f110 f   LIBCMT:_chkstk_.obj
 0001:0000e110       __chkstk                   000000018000f110 f   LIBCMT:_chkstk_.obj
 0001:0000e164       __GSHandlerCheck_EH        000000018000f164 f   LIBCMT:gshandlereh.obj
 0001:0000e200       memcmp                     000000018000f200 f   libvcruntime:memcmp.obj
 0001:0000e2e0       _guard_dispatch_icall_nop  000000018000f2e0 f   LIBCMT:_guard_dispatch_.obj
 0002:00000000       __imp_GetModuleHandleA     0000000180010000     kernel32:KERNEL32.dll
 0002:00000008       __imp_VirtualQuery         0000000180010008     kernel32:KERNEL32.dll
 0002:00000010       __imp_RtlCaptureContext    0000000180010010     kernel32:KERNEL32.dll
 0002:00000018       __imp_RtlLookupFunctionEntry 0000000180010018     kernel32:KERNEL32.dll
 0002:00000020       __imp_RtlVirtualUnwind     0000000180010020     kernel32:KERNEL32.dll
 0002:00000028       __imp_UnhandledExceptionFilter 0000000180010028     kernel32:KERNEL32.dll
 0002:00000030       __imp_SetUnhandledExceptionFilter 0000000180010030     kernel32:KERNEL32.dll
 0002:00000038       __imp_GetCurrentProcess    0000000180010038     kernel32:KERNEL32.dll
 0002:00000040       __imp_TerminateProcess     0000000180010040     kernel32:KERNEL32.dll
 0002:00000048       __imp_IsProcessorFeaturePresent 0000000180010048     kernel32:KERNEL32.dll
 0002:00000050       __imp_IsDebuggerPresent    0000000180010050     kernel32:KERNEL32.dll
 0002:00000058       __imp_GetStartupInfoW      0000000180010058     kernel32:KERNEL32.dll
 0002:00000060       __imp_GetModuleHandleW     0000000180010060     kernel32:KERNEL32.dll
 0002:00000068       __imp_QueryPerformanceCounter 0000000180010068     kernel32:KERNEL32.dll
 0002:00000070       __imp_GetCurrentProcessId  0000000180010070     kernel32:KERNEL32.dll
 0002:00000078       __imp_GetCurrentThreadId   0000000180010078     kernel32:KERNEL32.dll
 0002:00000080       __imp_GetSystemTimeAsFileTime 0000000180010080     kernel32:KERNEL32.dll
 0002:00000088       __imp_InitializeSListHead  0000000180010088     kernel32:KERNEL32.dll
 0002:00000090       __imp_RtlPcToFileHeader    0000000180010090     kernel32:KERNEL32.dll
 0002:00000098       __imp_RaiseException       0000000180010098     kernel32:KERNEL32.dll
 0002:000000a0       __imp_RtlUnwindEx          00000001800100a0     kernel32:KERNEL32.dll
 0002:000000a8       __imp_InterlockedFlushSList 00000001800100a8     kernel32:KERNEL32.dll
 0002:000000b0       __imp_GetLastError         00000001800100b0     kernel32:KERNEL32.dll
 0002:000000b8       __imp_SetLastError         00000001800100b8     kernel32:KERNEL32.dll
 0002:000000c0       __imp_EnterCriticalSection 00000001800100c0     kernel32:KERNEL32.dll
 0002:000000c8       __imp_LeaveCriticalSection 00000001800100c8     kernel32:KERNEL32.dll
 0002:000000d0       __imp_DeleteCriticalSection 00000001800100d0     kernel32:KERNEL32.dll
 0002:000000d8       __imp_InitializeCriticalSectionAndSpinCount 00000001800100d8     kernel32:KERNEL32.dll
 0002:000000e0       __imp_TlsAlloc             00000001800100e0     kernel32:KERNEL32.dll
 0002:000000e8       __imp_TlsGetValue          00000001800100e8     kernel32:KERNEL32.dll
 0002:000000f0       __imp_TlsSetValue          00000001800100f0     kernel32:KERNEL32.dll
 0002:000000f8       __imp_TlsFree              00000001800100f8     kernel32:KERNEL32.dll
 0002:00000100       __imp_FreeLibrary          0000000180010100     kernel32:KERNEL32.dll
 0002:00000108       __imp_GetProcAddress       0000000180010108     kernel32:KERNEL32.dll
 0002:00000110       __imp_LoadLibraryExW       0000000180010110     kernel32:KERNEL32.dll
 0002:00000118       __imp_EncodePointer        0000000180010118     kernel32:KERNEL32.dll
 0002:00000120       __imp_ExitProcess          0000000180010120     kernel32:KERNEL32.dll
 0002:00000128       __imp_GetModuleHandleExW   0000000180010128     kernel32:KERNEL32.dll
 0002:00000130       __imp_GetModuleFileNameW   0000000180010130     kernel32:KERNEL32.dll
 0002:00000138       __imp_HeapAlloc            0000000180010138     kernel32:KERNEL32.dll
 0002:00000140       __imp_HeapFree             0000000180010140     kernel32:KERNEL32.dll
 0002:00000148       __imp_FindClose            0000000180010148     kernel32:KERNEL32.dll
 0002:00000150       __imp_FindFirstFileExW     0000000180010150     kernel32:KERNEL32.dll
 0002:00000158       __imp_FindNextFileW        0000000180010158     kernel32:KERNEL32.dll
 0002:00000160       __imp_IsValidCodePage      0000000180010160     kernel32:KERNEL32.dll
 0002:00000168       __imp_GetACP               0000000180010168     kernel32:KERNEL32.dll
 0002:00000170       __imp_GetOEMCP             0000000180010170     kernel32:KERNEL32.dll
 0002:00000178       __imp_GetCPInfo            0000000180010178     kernel32:KERNEL32.dll
 0002:00000180       __imp_GetCommandLineA      0000000180010180     kernel32:KERNEL32.dll
 0002:00000188       __imp_GetCommandLineW      0000000180010188     kernel32:KERNEL32.dll
 0002:00000190       __imp_MultiByteToWideChar  0000000180010190     kernel32:KERNEL32.dll
 0002:00000198       __imp_WideCharToMultiByte  0000000180010198     kernel32:KERNEL32.dll
 0002:000001a0       __imp_GetEnvironmentStringsW 00000001800101a0     kernel32:KERNEL32.dll
 0002:000001a8       __imp_FreeEnvironmentStringsW 00000001800101a8     kernel32:KERNEL32.dll
 0002:000001b0       __imp_LCMapStringW         00000001800101b0     kernel32:KERNEL32.dll
 0002:000001b8       __imp_GetProcessHeap       00000001800101b8     kernel32:KERNEL32.dll
 0002:000001c0       __imp_GetStdHandle         00000001800101c0     kernel32:KERNEL32.dll
 0002:000001c8       __imp_GetFileType          00000001800101c8     kernel32:KERNEL32.dll
 0002:000001d0       __imp_GetStringTypeW       00000001800101d0     kernel32:KERNEL32.dll
 0002:000001d8       __imp_HeapSize             00000001800101d8     kernel32:KERNEL32.dll
 0002:000001e0       __imp_HeapReAlloc          00000001800101e0     kernel32:KERNEL32.dll
 0002:000001e8       __imp_SetStdHandle         00000001800101e8     kernel32:KERNEL32.dll
 0002:000001f0       __imp_FlushFileBuffers     00000001800101f0     kernel32:KERNEL32.dll
 0002:000001f8       __imp_WriteFile            00000001800101f8     kernel32:KERNEL32.dll
 0002:00000200       __imp_GetConsoleCP         0000000180010200     kernel32:KERNEL32.dll
 0002:00000208       __imp_GetConsoleMode       0000000180010208     kernel32:KERNEL32.dll
 0002:00000210       __imp_SetFilePointerEx     0000000180010210     kernel32:KERNEL32.dll
 0002:00000218       __imp_CreateFileW          0000000180010218     kernel32:KERNEL32.dll
 0002:00000220       __imp_CloseHandle          0000000180010220     kernel32:KERNEL32.dll
 0002:00000228       __imp_WriteConsoleW        0000000180010228     kernel32:KERNEL32.dll
 0002:00000230       __imp_GetSystemInfo        0000000180010230     kernel32:KERNEL32.dll
 0002:00000238       __imp_VirtualProtect       0000000180010238     kernel32:KERNEL32.dll
 0002:00000240       __imp_LoadLibraryExA       0000000180010240     kernel32:KERNEL32.dll
 0002:00000248       \177KERNEL32_NULL_THUNK_DATA 0000000180010248     kernel32:KERNEL32.dll
 0002:00000250       __guard_check_icall_fptr   0000000180010250     LIBCMT:guard_support.obj
 0002:00000258       __guard_dispatch_icall_fptr 0000000180010258     LIBCMT:guard_support.obj
 0002:00000260       __xc_a                     0000000180010260     LIBCMT:initializers.obj
 0002:00000268       _register_addon_           0000000180010268     projAPI.obj
 0002:00000288       __xc_z                     0000000180010288     LIBCMT:initializers.obj
 0002:00000290       __xi_a                     0000000180010290     LIBCMT:initializers.obj
 0002:00000298       __acrt_multibyte_initializer 0000000180010298     libucrt:multibyte_initializer.obj
 0002:000002a0       __acrt_stdio_initializer   00000001800102a0     libucrt:stdio_initializer.obj
 0002:000002a8       __acrt_tran_fma3_initializer 00000001800102a8     libucrt:fma3_initializer.obj
 0002:000002b0       __xi_z                     00000001800102b0     LIBCMT:initializers.obj
 0002:000002b8       __xp_a                     00000001800102b8     LIBCMT:initializers.obj
 0002:000002c0       __acrt_locale_terminator   00000001800102c0     libucrt:locale_initializer.obj
 0002:000002c8       __dcrt_console_output_terminator 00000001800102c8     libucrt:console_output_initializer.obj
 0002:000002d0       __acrt_stdio_terminator    00000001800102d0     libucrt:stdio_initializer.obj
 0002:000002d8       __xp_z                     00000001800102d8     LIBCMT:initializers.obj
 0002:000002e0       __xt_a                     00000001800102e0     LIBCMT:initializers.obj
 0002:000002e8       __xt_z                     00000001800102e8     LIBCMT:initializers.obj
 0002:000002f0       __sz_node_exe              00000001800102f0     node:node.exe
 0002:00000308       ??_7exception@std@@6B@     0000000180010308     libcpmt:xthrow.obj
 0002:00000318       ??_C@_0BC@EOODALEL@Unknown?5exception?$AA@ 0000000180010318     libcpmt:xthrow.obj
 0002:00000338       ??_7bad_alloc@std@@6B@     0000000180010338     libcpmt:xthrow.obj
 0002:00000348       ??_C@_0P@GHFPNOJB@bad?5allocation?$AA@ 0000000180010348     libcpmt:xthrow.obj
 0002:00000360       ??_7logic_error@std@@6B@   0000000180010360     libcpmt:xthrow.obj
 0002:00000378       ??_7length_error@std@@6B@  0000000180010378     libcpmt:xthrow.obj
 0002:00000388       _pDefaultRawDllMain        0000000180010388     LIBCMT:dll_dllmain.obj
 0002:00000388       _pRawDllMain               0000000180010388     LIBCMT:dll_dllmain.obj
 0002:00000398       ??_7type_info@@6B@         0000000180010398     LIBCMT:std_type_info_static.obj
 0002:000003b8       ??_7bad_array_new_length@std@@6B@ 00000001800103b8     LIBCMT:throw_bad_alloc.obj
 0002:000003c8       ??_C@_0BF@KINCDENJ@bad?5array?5new?5length?$AA@ 00000001800103c8     LIBCMT:throw_bad_alloc.obj
 0002:00000438       ??_C@_1DM@KHCHBNEB@?$AAa?$AAp?$AAi?$AA?9?$AAm?$AAs?$AA?9?$AAw?$AAi?$AAn?$AA?9?$AAc?$AAo?$AAr?$AAe?$AA?9?$AAf?$AAi?$AAb?$AAe?$AAr?$AAs?$AA?9?$AAl?$AA1?$AA?9?$AA1?$AA?9?$AA1?$AA?$AA@ 0000000180010438     libvcruntime:winapi_downlevel.obj
 0002:00000478       ??_C@_1DK@LPPGFMPP@?$AAa?$AAp?$AAi?$AA?9?$AAm?$AAs?$AA?9?$AAw?$AAi?$AAn?$AA?9?$AAc?$AAo?$AAr?$AAe?$AA?9?$AAs?$AAy?$AAn?$AAc?$AAh?$AA?9?$AAl?$AA1?$AA?9?$AA2?$AA?9?$AA0?$AA?$AA@ 0000000180010478     libvcruntime:winapi_downlevel.obj
 0002:000004b8       ??_C@_1BC@GDMECMAK@?$AAk?$AAe?$AAr?$AAn?$AAe?$AAl?$AA3?$AA2?$AA?$AA@ 00000001800104b8     libvcruntime:winapi_downlevel.obj
 0002:000004d0       ??_C@_1BA@PFFKHIOG@?$AAa?$AAp?$AAi?$AA?9?$AAm?$AAs?$AA?9?$AA?$AA@ 00000001800104d0     libvcruntime:winapi_downlevel.obj
 0002:000004e0       ??_C@_1BA@IAIFMGEF@?$AAe?$AAx?$AAt?$AA?9?$AAm?$AAs?$AA?9?$AA?$AA@ 00000001800104e0     libvcruntime:winapi_downlevel.obj
 0002:000004f8       ??_C@_08KNHFBNJ@FlsAlloc?$AA@ 00000001800104f8     libvcruntime:winapi_downlevel.obj
 0002:00000510       ??_C@_07PEJMOBNF@FlsFree?$AA@ 0000000180010510     libvcruntime:winapi_downlevel.obj
 0002:00000520       ??_C@_0M@GDNOONDI@FlsGetValue?$AA@ 0000000180010520     libvcruntime:winapi_downlevel.obj
 0002:00000538       ??_C@_0M@JCPCPOEF@FlsSetValue?$AA@ 0000000180010538     libvcruntime:winapi_downlevel.obj
 0002:00000550       ??_C@_0BM@HCFOFFN@InitializeCriticalSectionEx?$AA@ 0000000180010550     libvcruntime:winapi_downlevel.obj
 0002:000008a0       ??_C@_08EHJDFFNH@__based?$CI?$AA@ 00000001800108a0     libvcruntime:undname.obj
 0002:000008b0       ??_C@_07KOLFKCDI@__cdecl?$AA@ 00000001800108b0     libvcruntime:undname.obj
 0002:000008b8       ??_C@_08GHMPAG@__pascal?$AA@ 00000001800108b8     libvcruntime:undname.obj
 0002:000008c8       ??_C@_09IFJBGAPI@__stdcall?$AA@ 00000001800108c8     libvcruntime:undname.obj
 0002:000008d8       ??_C@_0L@NPHFGOKO@__thiscall?$AA@ 00000001800108d8     libvcruntime:undname.obj
 0002:000008e8       ??_C@_0L@JMKHOMEK@__fastcall?$AA@ 00000001800108e8     libvcruntime:undname.obj
 0002:000008f8       ??_C@_0N@BCKKPABJ@__vectorcall?$AA@ 00000001800108f8     libvcruntime:undname.obj
 0002:00000908       ??_C@_09HIJEGCPM@__clrcall?$AA@ 0000000180010908     libvcruntime:undname.obj
 0002:00000914       ??_C@_06GHPCKEAG@__eabi?$AA@ 0000000180010914     libvcruntime:undname.obj
 0002:00000920       ??_C@_07EECFKIPL@__swift?$AA@ 0000000180010920     libvcruntime:undname.obj
 0002:00000928       ??_C@_07JOMMBBKO@__ptr64?$AA@ 0000000180010928     libvcruntime:undname.obj
 0002:00000930       ??_C@_0L@PILCLIHE@__restrict?$AA@ 0000000180010930     libvcruntime:undname.obj
 0002:00000940       ??_C@_0M@GFIIJFMG@__unaligned?$AA@ 0000000180010940     libvcruntime:undname.obj
 0002:00000950       ??_C@_09DHDLOLLB@restrict?$CI?$AA@ 0000000180010950     libvcruntime:undname.obj
 0002:0000095a       ??_C@_00CNPNBAHC@?$AA@     000000018001095a     libvcruntime:undname.obj
 0002:0000095c       ??_C@_04NIHEBCM@?5new?$AA@ 000000018001095c     libvcruntime:undname.obj
 0002:00000968       ??_C@_07FPCDHGMM@?5delete?$AA@ 0000000180010968     libvcruntime:undname.obj
 0002:00000970       ??_C@_01NEMOKFLO@?$DN?$AA@ 0000000180010970     libvcruntime:undname.obj
 0002:00000974       ??_C@_02GPIOPFAK@?$DO?$DO?$AA@ 0000000180010974     libvcruntime:undname.obj
 0002:00000978       ??_C@_02FODMEDOG@?$DM?$DM?$AA@ 0000000180010978     libvcruntime:undname.obj
 0002:0000097c       ??_C@_01DCLJPIOD@?$CB?$AA@ 000000018001097c     libvcruntime:undname.obj
 0002:00000980       ??_C@_02EGOFBIJA@?$DN?$DN?$AA@ 0000000180010980     libvcruntime:undname.obj
 0002:00000984       ??_C@_02FDNJECIE@?$CB?$DN?$AA@ 0000000180010984     libvcruntime:undname.obj
 0002:00000988       ??_C@_02GPECMEKF@?$FL?$FN?$AA@ 0000000180010988     libvcruntime:undname.obj
 0002:00000990       ??_C@_08LHJFAFGD@operator?$AA@ 0000000180010990     libvcruntime:undname.obj
 0002:0000099c       ??_C@_02HBOOOICD@?9?$DO?$AA@ 000000018001099c     libvcruntime:undname.obj
 0002:000009a0       ??_C@_01NBENCBCI@?$CK?$AA@ 00000001800109a0     libvcruntime:undname.obj
 0002:000009a4       ??_C@_02ECNGHCIF@?$CL?$CL?$AA@ 00000001800109a4     libvcruntime:undname.obj
 0002:000009a8       ??_C@_02BAABKJLB@?9?9?$AA@ 00000001800109a8     libvcruntime:undname.obj
 0002:000009ac       ??_C@_01JOAMLHOP@?9?$AA@   00000001800109ac     libvcruntime:undname.obj
 0002:000009b0       ??_C@_01MIFGBAGJ@?$CL?$AA@ 00000001800109b0     libvcruntime:undname.obj
 0002:000009b4       ??_C@_01HNPIGOCE@?$CG?$AA@ 00000001800109b4     libvcruntime:undname.obj
 0002:000009b8       ??_C@_03MNHNFDLC@?9?$DO?$CK?$AA@ 00000001800109b8     libvcruntime:undname.obj
 0002:000009bc       ??_C@_01KMDKNFGN@?1?$AA@   00000001800109bc     libvcruntime:undname.obj
 0002:000009c0       ??_C@_01FGNFDNOH@?$CF?$AA@ 00000001800109c0     libvcruntime:undname.obj
 0002:000009c4       ??_C@_01MNNFJEPP@?$DM?$AA@ 00000001800109c4     libvcruntime:undname.obj
 0002:000009c8       ??_C@_02EHCHHCKH@?$DM?$DN?$AA@ 00000001800109c8     libvcruntime:undname.obj
 0002:000009cc       ??_C@_01PPODPGHN@?$DO?$AA@ 00000001800109cc     libvcruntime:undname.obj
 0002:000009d0       ??_C@_02EEKDKGMJ@?$DO?$DN?$AA@ 00000001800109d0     libvcruntime:undname.obj
 0002:000009d4       ??_C@_01IHBHIGKO@?0?$AA@   00000001800109d4     libvcruntime:undname.obj
 0002:000009d8       ??_C@_02HCKGKOFO@?$CI?$CJ?$AA@ 00000001800109d8     libvcruntime:undname.obj
 0002:000009dc       ??_C@_01PJKLJHI@?$HO?$AA@  00000001800109dc     libvcruntime:undname.obj
 0002:000009e0       ??_C@_01JKBOJNNK@?$FO?$AA@ 00000001800109e0     libvcruntime:undname.obj
 0002:000009e4       ??_C@_01DNKMNLPK@?$HM?$AA@ 00000001800109e4     libvcruntime:undname.obj
 0002:000009e8       ??_C@_02PPKAJPJL@?$CG?$CG?$AA@ 00000001800109e8     libvcruntime:undname.obj
 0002:000009ec       ??_C@_02NONPIBCD@?$HM?$HM?$AA@ 00000001800109ec     libvcruntime:undname.obj
 0002:000009f0       ??_C@_02FPIMKNGF@?$CK?$DN?$AA@ 00000001800109f0     libvcruntime:undname.obj
 0002:000009f4       ??_C@_02FOEOMHFC@?$CL?$DN?$AA@ 00000001800109f4     libvcruntime:undname.obj
 0002:000009f8       ??_C@_02FKMDLLOA@?9?$DN?$AA@ 00000001800109f8     libvcruntime:undname.obj
 0002:000009fc       ??_C@_02FJEHGPIO@?1?$DN?$AA@ 00000001800109fc     libvcruntime:undname.obj
 0002:00000a00       ??_C@_02FENAOKFI@?$CF?$DN?$AA@ 0000000180010a00     libvcruntime:undname.obj
 0002:00000a04       ??_C@_03IKFCCPFF@?$DO?$DO?$DN?$AA@ 0000000180010a04     libvcruntime:undname.obj
 0002:00000a08       ??_C@_03CDNPDDLA@?$DM?$DM?$DN?$AA@ 0000000180010a08     libvcruntime:undname.obj
 0002:00000a0c       ??_C@_02FGJGFEAB@?$CG?$DN?$AA@ 0000000180010a0c     libvcruntime:undname.obj
 0002:00000a10       ??_C@_02DHLNPPGH@?$HM?$DN?$AA@ 0000000180010a10     libvcruntime:undname.obj
 0002:00000a14       ??_C@_02MHEGNOJ@?$FO?$DN?$AA@ 0000000180010a14     libvcruntime:undname.obj
 0002:00000a18       ??_C@_09IFPLHPGF@?$GAvftable?8?$AA@ 0000000180010a18     libvcruntime:undname.obj
 0002:00000a28       ??_C@_09BLBHBJP@?$GAvbtable?8?$AA@ 0000000180010a28     libvcruntime:undname.obj
 0002:00000a38       ??_C@_07FEEIOKP@?$GAvcall?8?$AA@ 0000000180010a38     libvcruntime:undname.obj
 0002:00000a40       ??_C@_08LLFFHHDJ@?$GAtypeof?8?$AA@ 0000000180010a40     libvcruntime:undname.obj
 0002:00000a50       ??_C@_0BF@KDPPACIK@?$GAlocal?5static?5guard?8?$AA@ 0000000180010a50     libvcruntime:undname.obj
 0002:00000a68       ??_C@_08OBABFOLI@?$GAstring?8?$AA@ 0000000180010a68     libvcruntime:undname.obj
 0002:00000a78       ??_C@_0BD@JDLKDPAB@?$GAvbase?5destructor?8?$AA@ 0000000180010a78     libvcruntime:undname.obj
 0002:00000a90       ??_C@_0BN@DEGPLNFK@?$GAvector?5deleting?5destructor?8?$AA@ 0000000180010a90     libvcruntime:undname.obj
 0002:00000ab0       ??_C@_0BO@OBMKPJIG@?$GAdefault?5constructor?5closure?8?$AA@ 0000000180010ab0     libvcruntime:undname.obj
 0002:00000ad0       ??_C@_0BN@IMDCHIKM@?$GAscalar?5deleting?5destructor?8?$AA@ 0000000180010ad0     libvcruntime:undname.obj
 0002:00000af0       ??_C@_0BO@PFGOCPJJ@?$GAvector?5constructor?5iterator?8?$AA@ 0000000180010af0     libvcruntime:undname.obj
 0002:00000b10       ??_C@_0BN@LFPFMEDL@?$GAvector?5destructor?5iterator?8?$AA@ 0000000180010b10     libvcruntime:undname.obj
 0002:00000b30       ??_C@_0CE@IKBNEHA@?$GAvector?5vbase?5constructor?5iterat@ 0000000180010b30     libvcruntime:undname.obj
 0002:00000b58       ??_C@_0BL@NILFHHPC@?$GAvirtual?5displacement?5map?8?$AA@ 0000000180010b58     libvcruntime:undname.obj
 0002:00000b78       ??_C@_0CB@JONCMFFK@?$GAeh?5vector?5constructor?5iterator?8@ 0000000180010b78     libvcruntime:undname.obj
 0002:00000ba0       ??_C@_0CA@GCEOPDGL@?$GAeh?5vector?5destructor?5iterator?8?$AA@ 0000000180010ba0     libvcruntime:undname.obj
 0002:00000bc0       ??_C@_0CH@OOJPLCPH@?$GAeh?5vector?5vbase?5constructor?5ite@ 0000000180010bc0     libvcruntime:undname.obj
 0002:00000be8       ??_C@_0BL@LLKPOHJI@?$GAcopy?5constructor?5closure?8?$AA@ 0000000180010be8     libvcruntime:undname.obj
 0002:00000c08       ??_C@_0BA@KBCDOMBN@?$GAudt?5returning?8?$AA@ 0000000180010c08     libvcruntime:undname.obj
 0002:00000c18       ??_C@_03KLGMFNMG@?$GAEH?$AA@ 0000000180010c18     libvcruntime:undname.obj
 0002:00000c1c       ??_C@_05KHLCHHI@?$GARTTI?$AA@ 0000000180010c1c     libvcruntime:undname.obj
 0002:00000c28       ??_C@_0BA@KKLDJDLB@?$GAlocal?5vftable?8?$AA@ 0000000180010c28     libvcruntime:undname.obj
 0002:00000c38       ??_C@_0CE@IIHCMGGL@?$GAlocal?5vftable?5constructor?5closu@ 0000000180010c38     libvcruntime:undname.obj
 0002:00000c5c       ??_C@_06FHBGPFGH@?5new?$FL?$FN?$AA@ 0000000180010c5c     libvcruntime:undname.obj
 0002:00000c68       ??_C@_09LBNFPBCA@?5delete?$FL?$FN?$AA@ 0000000180010c68     libvcruntime:undname.obj
 0002:00000c78       ??_C@_0P@HJKNJFNN@?$GAomni?5callsig?8?$AA@ 0000000180010c78     libvcruntime:undname.obj
 0002:00000c88       ??_C@_0BL@CNOONJFP@?$GAplacement?5delete?5closure?8?$AA@ 0000000180010c88     libvcruntime:undname.obj
 0002:00000ca8       ??_C@_0BN@CKNJLHMB@?$GAplacement?5delete?$FL?$FN?5closure?8?$AA@ 0000000180010ca8     libvcruntime:undname.obj
 0002:00000cc8       ??_C@_0CG@CFDHKGGD@?$GAmanaged?5vector?5constructor?5iter@ 0000000180010cc8     libvcruntime:undname.obj
 0002:00000cf0       ??_C@_0CF@IMGKMJNO@?$GAmanaged?5vector?5destructor?5itera@ 0000000180010cf0     libvcruntime:undname.obj
 0002:00000d18       ??_C@_0CG@HLDDJMAG@?$GAeh?5vector?5copy?5constructor?5iter@ 0000000180010d18     libvcruntime:undname.obj
 0002:00000d40       ??_C@_0CM@FCBBDIGB@?$GAeh?5vector?5vbase?5copy?5constructo@ 0000000180010d40     libvcruntime:undname.obj
 0002:00000d70       ??_C@_0BL@CLIPGLGB@?$GAdynamic?5initializer?5for?5?8?$AA@ 0000000180010d70     libvcruntime:undname.obj
 0002:00000d90       ??_C@_0CB@PDBIFEP@?$GAdynamic?5atexit?5destructor?5for?5?8@ 0000000180010d90     libvcruntime:undname.obj
 0002:00000db8       ??_C@_0CD@CGAJBKEJ@?$GAvector?5copy?5constructor?5iterato@ 0000000180010db8     libvcruntime:undname.obj
 0002:00000de0       ??_C@_0CJ@GJELGAMM@?$GAvector?5vbase?5copy?5constructor?5i@ 0000000180010de0     libvcruntime:undname.obj
 0002:00000e10       ??_C@_0CL@FGIJHLCE@?$GAmanaged?5vector?5copy?5constructor@ 0000000180010e10     libvcruntime:undname.obj
 0002:00000e40       ??_C@_0BM@PMGGMLDN@?$GAlocal?5static?5thread?5guard?8?$AA@ 0000000180010e40     libvcruntime:undname.obj
 0002:00000e60       ??_C@_0N@BDNMDMOL@operator?5?$CC?$CC?5?$AA@ 0000000180010e60     libvcruntime:undname.obj
 0002:00000e70       ??_C@_0BC@GGEBGALA@operator?5co_await?$AA@ 0000000180010e70     libvcruntime:undname.obj
 0002:00000e88       ??_C@_0BC@DAFEJGAK@?5Type?5Descriptor?8?$AA@ 0000000180010e88     libvcruntime:undname.obj
 0002:00000ea0       ??_C@_0BM@LDKODKLH@?5Base?5Class?5Descriptor?5at?5?$CI?$AA@ 0000000180010ea0     libvcruntime:undname.obj
 0002:00000ec0       ??_C@_0BD@LGICGFMM@?5Base?5Class?5Array?8?$AA@ 0000000180010ec0     libvcruntime:undname.obj
 0002:00000ed8       ??_C@_0BN@MECKDCOJ@?5Class?5Hierarchy?5Descriptor?8?$AA@ 0000000180010ed8     libvcruntime:undname.obj
 0002:00000ef8       ??_C@_0BK@CFCOFLF@?5Complete?5Object?5Locator?8?$AA@ 0000000180010ef8     libvcruntime:undname.obj
 0002:00000fc0       ??_7bad_exception@std@@6B@ 0000000180010fc0     libvcruntime:frame.obj
 0002:00000fd0       ??_C@_0O@DPKOEFFH@bad?5exception?$AA@ 0000000180010fd0     libvcruntime:frame.obj
 0002:00000fe0       _pDestructExceptionObject  0000000180010fe0     libvcruntime:ehhelpers.obj
 0002:00000ff0       __acrt_exception_action_table 0000000180010ff0     libucrt:exception_filter.obj
 0002:000010b0       __acrt_signal_action_table_count 00000001800110b0     libucrt:exception_filter.obj
 0002:000010b8       __acrt_signal_action_first_fpe_index 00000001800110b8     libucrt:exception_filter.obj
 0002:000010c0       __acrt_signal_action_fpe_count 00000001800110c0     libucrt:exception_filter.obj
 0002:000010c8       ??_C@_1BI@BGOHAHKC@?$AAm?$AAs?$AAc?$AAo?$AAr?$AAe?$AAe?$AA?4?$AAd?$AAl?$AAl?$AA?$AA@ 00000001800110c8     libucrt:exit.obj
 0002:000010e0       ??_C@_0P@MIGLKIOC@CorExitProcess?$AA@ 00000001800110e0     libucrt:exit.obj
 0002:00001350       __lc_time_c                0000000180011350     libucrt:nlsdata.obj
 0002:00001610       ??_C@_03KOEHGMDN@Sun?$AA@  0000000180011610     libucrt:nlsdata.obj
 0002:00001614       ??_C@_03PDAGKDH@Mon?$AA@   0000000180011614     libucrt:nlsdata.obj
 0002:00001618       ??_C@_03NAGEINEP@Tue?$AA@  0000000180011618     libucrt:nlsdata.obj
 0002:0000161c       ??_C@_03MHOMLAJA@Wed?$AA@  000000018001161c     libucrt:nlsdata.obj
 0002:00001620       ??_C@_03IOFIKPDN@Thu?$AA@  0000000180011620     libucrt:nlsdata.obj
 0002:00001624       ??_C@_03IDIOELNC@Fri?$AA@  0000000180011624     libucrt:nlsdata.obj
 0002:00001628       ??_C@_03FEFJNEK@Sat?$AA@   0000000180011628     libucrt:nlsdata.obj
 0002:0000162c       ??_C@_06OOPIFAJ@Sunday?$AA@ 000000018001162c     libucrt:nlsdata.obj
 0002:00001634       ??_C@_06JLEDEDGH@Monday?$AA@ 0000000180011634     libucrt:nlsdata.obj
 0002:00001640       ??_C@_07BAAGCFCM@Tuesday?$AA@ 0000000180011640     libucrt:nlsdata.obj
 0002:00001648       ??_C@_09DLIGFAKA@Wednesday?$AA@ 0000000180011648     libucrt:nlsdata.obj
 0002:00001658       ??_C@_08HACCIKIA@Thursday?$AA@ 0000000180011658     libucrt:nlsdata.obj
 0002:00001664       ??_C@_06JECMNKMI@Friday?$AA@ 0000000180011664     libucrt:nlsdata.obj
 0002:00001670       ??_C@_08INBOOONO@Saturday?$AA@ 0000000180011670     libucrt:nlsdata.obj
 0002:0000167c       ??_C@_03JIHJHPIE@Jan?$AA@  000000018001167c     libucrt:nlsdata.obj
 0002:00001680       ??_C@_03HJBDCHOM@Feb?$AA@  0000000180011680     libucrt:nlsdata.obj
 0002:00001684       ??_C@_03ODNJBKGA@Mar?$AA@  0000000180011684     libucrt:nlsdata.obj
 0002:00001688       ??_C@_03LEOLGMJP@Apr?$AA@  0000000180011688     libucrt:nlsdata.obj
 0002:0000168c       ??_C@_03CNMDKL@May?$AA@    000000018001168c     libucrt:nlsdata.obj
 0002:00001690       ??_C@_03IDFGHECI@Jun?$AA@  0000000180011690     libucrt:nlsdata.obj
 0002:00001694       ??_C@_03LBGABGKK@Jul?$AA@  0000000180011694     libucrt:nlsdata.obj
 0002:00001698       ??_C@_03IFJFEIGA@Aug?$AA@  0000000180011698     libucrt:nlsdata.obj
 0002:0000169c       ??_C@_03GGCAPAJC@Sep?$AA@  000000018001169c     libucrt:nlsdata.obj
 0002:000016a0       ??_C@_03BMAOKBAD@Oct?$AA@  00000001800116a0     libucrt:nlsdata.obj
 0002:000016a4       ??_C@_03JPJOFNIA@Nov?$AA@  00000001800116a4     libucrt:nlsdata.obj
 0002:000016a8       ??_C@_03MKABNOCG@Dec?$AA@  00000001800116a8     libucrt:nlsdata.obj
 0002:000016b0       ??_C@_07CGJPFGJA@January?$AA@ 00000001800116b0     libucrt:nlsdata.obj
 0002:000016b8       ??_C@_08GNJGEPFN@February?$AA@ 00000001800116b8     libucrt:nlsdata.obj
 0002:000016c4       ??_C@_05HPCKOFNC@March?$AA@ 00000001800116c4     libucrt:nlsdata.obj
 0002:000016cc       ??_C@_05DMJDNLEJ@April?$AA@ 00000001800116cc     libucrt:nlsdata.obj
 0002:000016d4       ??_C@_04CNLMGBGM@June?$AA@ 00000001800116d4     libucrt:nlsdata.obj
 0002:000016dc       ??_C@_04MIEPOIFP@July?$AA@ 00000001800116dc     libucrt:nlsdata.obj
 0002:000016e4       ??_C@_06LBBHFDDG@August?$AA@ 00000001800116e4     libucrt:nlsdata.obj
 0002:000016f0       ??_C@_09BHHEALKD@September?$AA@ 00000001800116f0     libucrt:nlsdata.obj
 0002:00001700       ??_C@_07JJNFCEND@October?$AA@ 0000000180011700     libucrt:nlsdata.obj
 0002:00001708       ??_C@_08HCHEGEOA@November?$AA@ 0000000180011708     libucrt:nlsdata.obj
 0002:00001718       ??_C@_08EDHMEBNP@December?$AA@ 0000000180011718     libucrt:nlsdata.obj
 0002:00001724       ??_C@_02DEDBPAFC@AM?$AA@   0000000180011724     libucrt:nlsdata.obj
 0002:00001728       ??_C@_02CJNFDJBF@PM?$AA@   0000000180011728     libucrt:nlsdata.obj
 0002:00001730       ??_C@_08BPBNCDIB@MM?1dd?1yy?$AA@ 0000000180011730     libucrt:nlsdata.obj
 0002:00001740       ??_C@_0BE@CKGJFCPC@dddd?0?5MMMM?5dd?0?5yyyy?$AA@ 0000000180011740     libucrt:nlsdata.obj
 0002:00001758       ??_C@_08JCCMCCIL@HH?3mm?3ss?$AA@ 0000000180011758     libucrt:nlsdata.obj
 0002:00001768       ??_C@_17MBGCMIPB@?$AAS?$AAu?$AAn?$AA?$AA@ 0000000180011768     libucrt:nlsdata.obj
 0002:00001770       ??_C@_17KBOMKBF@?$AAM?$AAo?$AAn?$AA?$AA@ 0000000180011770     libucrt:nlsdata.obj
 0002:00001778       ??_C@_17BMKGEGOJ@?$AAT?$AAu?$AAe?$AA?$AA@ 0000000180011778     libucrt:nlsdata.obj
 0002:00001780       ??_C@_17CJEDCEPE@?$AAW?$AAe?$AAd?$AA?$AA@ 0000000180011780     libucrt:nlsdata.obj
 0002:00001788       ??_C@_17PDPHAADD@?$AAT?$AAh?$AAu?$AA?$AA@ 0000000180011788     libucrt:nlsdata.obj
 0002:00001790       ??_C@_17HFOLPPLP@?$AAF?$AAr?$AAi?$AA?$AA@ 0000000180011790     libucrt:nlsdata.obj
 0002:00001798       ??_C@_17GGIBDPIH@?$AAS?$AAa?$AAt?$AA?$AA@ 0000000180011798     libucrt:nlsdata.obj
 0002:000017a0       ??_C@_1O@IHNHDHPB@?$AAS?$AAu?$AAn?$AAd?$AAa?$AAy?$AA?$AA@ 00000001800117a0     libucrt:nlsdata.obj
 0002:000017b0       ??_C@_1O@MMNBFLIA@?$AAM?$AAo?$AAn?$AAd?$AAa?$AAy?$AA?$AA@ 00000001800117b0     libucrt:nlsdata.obj
 0002:000017c0       ??_C@_1BA@ENFBFFEK@?$AAT?$AAu?$AAe?$AAs?$AAd?$AAa?$AAy?$AA?$AA@ 00000001800117c0     libucrt:nlsdata.obj
 0002:000017d0       ??_C@_1BE@EBOGMDOH@?$AAW?$AAe?$AAd?$AAn?$AAe?$AAs?$AAd?$AAa?$AAy?$AA?$AA@ 00000001800117d0     libucrt:nlsdata.obj
 0002:000017e8       ??_C@_1BC@HHMNLIHE@?$AAT?$AAh?$AAu?$AAr?$AAs?$AAd?$AAa?$AAy?$AA?$AA@ 00000001800117e8     libucrt:nlsdata.obj
 0002:00001800       ??_C@_1O@PDICJHAG@?$AAF?$AAr?$AAi?$AAd?$AAa?$AAy?$AA?$AA@ 0000000180011800     libucrt:nlsdata.obj
 0002:00001810       ??_C@_1BC@ENMNNPAJ@?$AAS?$AAa?$AAt?$AAu?$AAr?$AAd?$AAa?$AAy?$AA?$AA@ 0000000180011810     libucrt:nlsdata.obj
 0002:00001828       ??_C@_17DKNBKCHM@?$AAJ?$AAa?$AAn?$AA?$AA@ 0000000180011828     libucrt:nlsdata.obj
 0002:00001830       ??_C@_17LMDJEKJN@?$AAF?$AAe?$AAb?$AA?$AA@ 0000000180011830     libucrt:nlsdata.obj
 0002:00001838       ??_C@_17CKNLEDEC@?$AAM?$AAa?$AAr?$AA?$AA@ 0000000180011838     libucrt:nlsdata.obj
 0002:00001840       ??_C@_17LFPOIHDD@?$AAA?$AAp?$AAr?$AA?$AA@ 0000000180011840     libucrt:nlsdata.obj
 0002:00001848       ??_C@_17PNNKMEED@?$AAM?$AAa?$AAy?$AA?$AA@ 0000000180011848     libucrt:nlsdata.obj
 0002:00001850       ??_C@_17KCJGOCPB@?$AAJ?$AAu?$AAn?$AA?$AA@ 0000000180011850     libucrt:nlsdata.obj
 0002:00001858       ??_C@_17IJPCKHK@?$AAJ?$AAu?$AAl?$AA?$AA@ 0000000180011858     libucrt:nlsdata.obj
 0002:00001860       ??_C@_17ICPELBCN@?$AAA?$AAu?$AAg?$AA?$AA@ 0000000180011860     libucrt:nlsdata.obj
 0002:00001868       ??_C@_17HCHCOKMG@?$AAS?$AAe?$AAp?$AA?$AA@ 0000000180011868     libucrt:nlsdata.obj
 0002:00001870       ??_C@_17FNLKOI@?$AAO?$AAc?$AAt?$AA?$AA@ 0000000180011870     libucrt:nlsdata.obj
 0002:00001878       ??_C@_17BBDMLCIG@?$AAN?$AAo?$AAv?$AA?$AA@ 0000000180011878     libucrt:nlsdata.obj
 0002:00001880       ??_C@_17EGKACKIF@?$AAD?$AAe?$AAc?$AA?$AA@ 0000000180011880     libucrt:nlsdata.obj
 0002:00001888       ??_C@_1BA@EFMEIEBA@?$AAJ?$AAa?$AAn?$AAu?$AAa?$AAr?$AAy?$AA?$AA@ 0000000180011888     libucrt:nlsdata.obj
 0002:00001898       ??_C@_1BC@JGDDFFAM@?$AAF?$AAe?$AAb?$AAr?$AAu?$AAa?$AAr?$AAy?$AA?$AA@ 0000000180011898     libucrt:nlsdata.obj
 0002:000018b0       ??_C@_1M@IKEENEDF@?$AAM?$AAa?$AAr?$AAc?$AAh?$AA?$AA@ 00000001800118b0     libucrt:nlsdata.obj
 0002:000018c0       ??_C@_1M@GJNLMHFD@?$AAA?$AAp?$AAr?$AAi?$AAl?$AA?$AA@ 00000001800118c0     libucrt:nlsdata.obj
 0002:000018d0       ??_C@_19EPFLPGAP@?$AAJ?$AAu?$AAn?$AAe?$AA?$AA@ 00000001800118d0     libucrt:nlsdata.obj
 0002:000018e0       ??_C@_19BIFMLPCD@?$AAJ?$AAu?$AAl?$AAy?$AA?$AA@ 00000001800118e0     libucrt:nlsdata.obj
 0002:000018f0       ??_C@_1O@PAHLKOAC@?$AAA?$AAu?$AAg?$AAu?$AAs?$AAt?$AA?$AA@ 00000001800118f0     libucrt:nlsdata.obj
 0002:00001900       ??_C@_1BE@DKAAMBJL@?$AAS?$AAe?$AAp?$AAt?$AAe?$AAm?$AAb?$AAe?$AAr?$AA?$AA@ 0000000180011900     libucrt:nlsdata.obj
 0002:00001918       ??_C@_1BA@EPANDLNG@?$AAO?$AAc?$AAt?$AAo?$AAb?$AAe?$AAr?$AA?$AA@ 0000000180011918     libucrt:nlsdata.obj
 0002:00001928       ??_C@_1BC@BGLIFPF@?$AAN?$AAo?$AAv?$AAe?$AAm?$AAb?$AAe?$AAr?$AA?$AA@ 0000000180011928     libucrt:nlsdata.obj
 0002:00001940       ??_C@_1BC@FEMKIFH@?$AAD?$AAe?$AAc?$AAe?$AAm?$AAb?$AAe?$AAr?$AA?$AA@ 0000000180011940     libucrt:nlsdata.obj
 0002:00001954       ??_C@_15ODEHAHHF@?$AAA?$AAM?$AA?$AA@ 0000000180011954     libucrt:nlsdata.obj
 0002:0000195c       ??_C@_15CLMNNGEL@?$AAP?$AAM?$AA?$AA@ 000000018001195c     libucrt:nlsdata.obj
 0002:00001968       ??_C@_1BC@IEBCMHCM@?$AAM?$AAM?$AA?1?$AAd?$AAd?$AA?1?$AAy?$AAy?$AA?$AA@ 0000000180011968     libucrt:nlsdata.obj
 0002:00001980       ??_C@_1CI@KNAKOEBC@?$AAd?$AAd?$AAd?$AAd?$AA?0?$AA?5?$AAM?$AAM?$AAM?$AAM?$AA?5?$AAd?$AAd?$AA?0?$AA?5?$AAy?$AAy?$AAy?$AAy?$AA?$AA@ 0000000180011980     libucrt:nlsdata.obj
 0002:000019a8       ??_C@_1BC@GDGBMEMK@?$AAH?$AAH?$AA?3?$AAm?$AAm?$AA?3?$AAs?$AAs?$AA?$AA@ 00000001800119a8     libucrt:nlsdata.obj
 0002:000019c0       ??_C@_1M@BMHNFIME@?$AAe?$AAn?$AA?9?$AAU?$AAS?$AA?$AA@ 00000001800119c0     libucrt:nlsdata.obj
 0002:000019f0       ??_C@_1M@HPNHIDJI@?$AAj?$AAa?$AA?9?$AAJ?$AAP?$AA?$AA@ 00000001800119f0     libucrt:mbctype.obj
 0002:00001a00       ??_C@_1M@BIBDDEMK@?$AAz?$AAh?$AA?9?$AAC?$AAN?$AA?$AA@ 0000000180011a00     libucrt:mbctype.obj
 0002:00001a10       ??_C@_1M@JLOOOEGK@?$AAk?$AAo?$AA?9?$AAK?$AAR?$AA?$AA@ 0000000180011a10     libucrt:mbctype.obj
 0002:00001a20       ??_C@_1M@CLNBBOPM@?$AAz?$AAh?$AA?9?$AAT?$AAW?$AA?$AA@ 0000000180011a20     libucrt:mbctype.obj
 0002:00001ad0       ??_C@_1EA@JGEFHKEI@?$AAa?$AAp?$AAi?$AA?9?$AAm?$AAs?$AA?9?$AAw?$AAi?$AAn?$AA?9?$AAc?$AAo?$AAr?$AAe?$AA?9?$AAd?$AAa?$AAt?$AAe?$AAt?$AAi?$AAm?$AAe?$AA?9?$AAl?$AA1?$AA?9?$AA1?$AA?9?$AA1?$AA?$AA@ 0000000180011ad0     libucrt:winapi_thunks.obj
 0002:00001b10       ??_C@_1DI@IJCEHOCB@?$AAa?$AAp?$AAi?$AA?9?$AAm?$AAs?$AA?9?$AAw?$AAi?$AAn?$AA?9?$AAc?$AAo?$AAr?$AAe?$AA?9?$AAf?$AAi?$AAl?$AAe?$AA?9?$AAl?$AA1?$AA?9?$AA2?$AA?9?$AA2?$AA?$AA@ 0000000180011b10     libucrt:winapi_thunks.obj
 0002:00001b50       ??_C@_1EI@MPIAOHOC@?$AAa?$AAp?$AAi?$AA?9?$AAm?$AAs?$AA?9?$AAw?$AAi?$AAn?$AA?9?$AAc?$AAo?$AAr?$AAe?$AA?9?$AAl?$AAo?$AAc?$AAa?$AAl?$AAi?$AAz?$AAa?$AAt?$AAi?$AAo?$AAn?$AA?9?$AAl?$AA1?$AA?9@ 0000000180011b50     libucrt:winapi_thunks.obj
 0002:00001ba0       ??_C@_1FK@FPHCKFIE@?$AAa?$AAp?$AAi?$AA?9?$AAm?$AAs?$AA?9?$AAw?$AAi?$AAn?$AA?9?$AAc?$AAo?$AAr?$AAe?$AA?9?$AAl?$AAo?$AAc?$AAa?$AAl?$AAi?$AAz?$AAa?$AAt?$AAi?$AAo?$AAn?$AA?9?$AAo?$AAb?$AAs@ 0000000180011ba0     libucrt:winapi_thunks.obj
 0002:00001c00       ??_C@_1EM@DILCGIIO@?$AAa?$AAp?$AAi?$AA?9?$AAm?$AAs?$AA?9?$AAw?$AAi?$AAn?$AA?9?$AAc?$AAo?$AAr?$AAe?$AA?9?$AAp?$AAr?$AAo?$AAc?$AAe?$AAs?$AAs?$AAt?$AAh?$AAr?$AAe?$AAa?$AAd?$AAs?$AA?9?$AAl@ 0000000180011c00     libucrt:winapi_thunks.obj
 0002:00001c50       ??_C@_1DM@LNCGDDPN@?$AAa?$AAp?$AAi?$AA?9?$AAm?$AAs?$AA?9?$AAw?$AAi?$AAn?$AA?9?$AAc?$AAo?$AAr?$AAe?$AA?9?$AAs?$AAt?$AAr?$AAi?$AAn?$AAg?$AA?9?$AAl?$AA1?$AA?9?$AA1?$AA?9?$AA0?$AA?$AA@ 0000000180011c50     libucrt:winapi_thunks.obj
 0002:00001c90       ??_C@_1DO@FPAPJEMD@?$AAa?$AAp?$AAi?$AA?9?$AAm?$AAs?$AA?9?$AAw?$AAi?$AAn?$AA?9?$AAc?$AAo?$AAr?$AAe?$AA?9?$AAs?$AAy?$AAs?$AAi?$AAn?$AAf?$AAo?$AA?9?$AAl?$AA1?$AA?9?$AA2?$AA?9?$AA1?$AA?$AA@ 0000000180011c90     libucrt:winapi_thunks.obj
 0002:00001cd0       ??_C@_1DK@NDHNAHIO@?$AAa?$AAp?$AAi?$AA?9?$AAm?$AAs?$AA?9?$AAw?$AAi?$AAn?$AA?9?$AAc?$AAo?$AAr?$AAe?$AA?9?$AAw?$AAi?$AAn?$AAr?$AAt?$AA?9?$AAl?$AA1?$AA?9?$AA1?$AA?9?$AA0?$AA?$AA@ 0000000180011cd0     libucrt:winapi_thunks.obj
 0002:00001d10       ??_C@_1DM@KGHDGBCM@?$AAa?$AAp?$AAi?$AA?9?$AAm?$AAs?$AA?9?$AAw?$AAi?$AAn?$AA?9?$AAc?$AAo?$AAr?$AAe?$AA?9?$AAx?$AAs?$AAt?$AAa?$AAt?$AAe?$AA?9?$AAl?$AA2?$AA?9?$AA1?$AA?9?$AA0?$AA?$AA@ 0000000180011d10     libucrt:winapi_thunks.obj
 0002:00001d50       ??_C@_1EO@IJIOEFOH@?$AAa?$AAp?$AAi?$AA?9?$AAm?$AAs?$AA?9?$AAw?$AAi?$AAn?$AA?9?$AAr?$AAt?$AAc?$AAo?$AAr?$AAe?$AA?9?$AAn?$AAt?$AAu?$AAs?$AAe?$AAr?$AA?9?$AAw?$AAi?$AAn?$AAd?$AAo?$AAw?$AA?9@ 0000000180011d50     libucrt:winapi_thunks.obj
 0002:00001da0       ??_C@_1FG@HHGEKANL@?$AAa?$AAp?$AAi?$AA?9?$AAm?$AAs?$AA?9?$AAw?$AAi?$AAn?$AA?9?$AAs?$AAe?$AAc?$AAu?$AAr?$AAi?$AAt?$AAy?$AA?9?$AAs?$AAy?$AAs?$AAt?$AAe?$AAm?$AAf?$AAu?$AAn?$AAc?$AAt?$AAi@ 0000000180011da0     libucrt:winapi_thunks.obj
 0002:00001e00       ??_C@_1EG@DBIOJECG@?$AAe?$AAx?$AAt?$AA?9?$AAm?$AAs?$AA?9?$AAw?$AAi?$AAn?$AA?9?$AAn?$AAt?$AAu?$AAs?$AAe?$AAr?$AA?9?$AAd?$AAi?$AAa?$AAl?$AAo?$AAg?$AAb?$AAo?$AAx?$AA?9?$AAl?$AA1?$AA?9?$AA1@ 0000000180011e00     libucrt:winapi_thunks.obj
 0002:00001e50       ??_C@_1EO@FIHMJCLF@?$AAe?$AAx?$AAt?$AA?9?$AAm?$AAs?$AA?9?$AAw?$AAi?$AAn?$AA?9?$AAn?$AAt?$AAu?$AAs?$AAe?$AAr?$AA?9?$AAw?$AAi?$AAn?$AAd?$AAo?$AAw?$AAs?$AAt?$AAa?$AAt?$AAi?$AAo?$AAn?$AA?9@ 0000000180011e50     libucrt:winapi_thunks.obj
 0002:00001ea0       ??_C@_1BC@DNHGCMLG@?$AAa?$AAd?$AAv?$AAa?$AAp?$AAi?$AA3?$AA2?$AA?$AA@ 0000000180011ea0     libucrt:winapi_thunks.obj
 0002:00001eb8       ??_C@_1M@OAIMIKLP@?$AAn?$AAt?$AAd?$AAl?$AAl?$AA?$AA@ 0000000180011eb8     libucrt:winapi_thunks.obj
 0002:00001ed0       ??_C@_1EG@DPGNFKGC@?$AAa?$AAp?$AAi?$AA?9?$AAm?$AAs?$AA?9?$AAw?$AAi?$AAn?$AA?9?$AAa?$AAp?$AAp?$AAm?$AAo?$AAd?$AAe?$AAl?$AA?9?$AAr?$AAu?$AAn?$AAt?$AAi?$AAm?$AAe?$AA?9?$AAl?$AA1?$AA?9?$AA1@ 0000000180011ed0     libucrt:winapi_thunks.obj
 0002:00001f18       ??_C@_1O@BCCLBEOE@?$AAu?$AAs?$AAe?$AAr?$AA3?$AA2?$AA?$AA@ 0000000180011f18     libucrt:winapi_thunks.obj
 0002:00001f58       ??_C@_0O@KKBNKAPF@LCMapStringEx?$AA@ 0000000180011f58     libucrt:winapi_thunks.obj
 0002:00001f70       ??_C@_0BB@HBDEELFH@LocaleNameToLCID?$AA@ 0000000180011f70     libucrt:winapi_thunks.obj
 0002:00001f88       ??_C@_0CF@OJOFEIGO@AppPolicyGetProcessTerminationMe@ 0000000180011f88     libucrt:winapi_thunks.obj
 0002:00001fb0       __newctype                 0000000180011fb0     libucrt:ctype.obj
 0002:000022b0       __newclmap                 00000001800122b0     libucrt:ctype.obj
 0002:00002430       __newcumap                 0000000180012430     libucrt:ctype.obj
 0002:000025b0       ??_C@_15PJPFLCCM@?$AAu?$AAk?$AA?$AA@ 00000001800125b0     libucrt:get_qualified_locale.obj
 0002:00003400       ??_C@_15EMKDOKLE@?$AAa?$AAr?$AA?$AA@ 0000000180013400     libucrt:lcidtoname_downlevel.obj
 0002:00003408       ??_C@_15KNPADPLH@?$AAb?$AAg?$AA?$AA@ 0000000180013408     libucrt:lcidtoname_downlevel.obj
 0002:00003410       ??_C@_15EDMHLDMO@?$AAc?$AAa?$AA?$AA@ 0000000180013410     libucrt:lcidtoname_downlevel.obj
 0002:00003418       ??_C@_1O@BPEAJADD@?$AAz?$AAh?$AA?9?$AAC?$AAH?$AAS?$AA?$AA@ 0000000180013418     libucrt:lcidtoname_downlevel.obj
 0002:00003428       ??_C@_15LJNHCMNK@?$AAc?$AAs?$AA?$AA@ 0000000180013428     libucrt:lcidtoname_downlevel.obj
 0002:00003430       ??_C@_15FOMCIDHG@?$AAd?$AAa?$AA?$AA@ 0000000180013430     libucrt:lcidtoname_downlevel.obj
 0002:00003438       ??_C@_15NBKABECB@?$AAd?$AAe?$AA?$AA@ 0000000180013438     libucrt:lcidtoname_downlevel.obj
 0002:00003440       ??_C@_15GHPEIIAO@?$AAe?$AAl?$AA?$AA@ 0000000180013440     libucrt:lcidtoname_downlevel.obj
 0002:00003448       ??_C@_15MNPNEAIF@?$AAe?$AAn?$AA?$AA@ 0000000180013448     libucrt:lcidtoname_downlevel.obj
 0002:00003450       ??_C@_15GPIOMPMH@?$AAe?$AAs?$AA?$AA@ 0000000180013450     libucrt:lcidtoname_downlevel.obj
 0002:00003458       ??_C@_15NGLOAKJC@?$AAf?$AAi?$AA?$AA@ 0000000180013458     libucrt:lcidtoname_downlevel.obj
 0002:00003460       ??_C@_15FBKGNKAM@?$AAf?$AAr?$AA?$AA@ 0000000180013460     libucrt:lcidtoname_downlevel.obj
 0002:00003468       ??_C@_15KGGCNEFK@?$AAh?$AAe?$AA?$AA@ 0000000180013468     libucrt:lcidtoname_downlevel.obj
 0002:00003470       ??_C@_15PGHLIDMF@?$AAh?$AAu?$AA?$AA@ 0000000180013470     libucrt:lcidtoname_downlevel.obj
 0002:00003478       ??_C@_15BIEMAPLM@?$AAi?$AAs?$AA?$AA@ 0000000180013478     libucrt:lcidtoname_downlevel.obj
 0002:00003480       ??_C@_15IFJLDHAF@?$AAi?$AAt?$AA?$AA@ 0000000180013480     libucrt:lcidtoname_downlevel.obj
 0002:00003488       ??_C@_15GEMIOCAG@?$AAj?$AAa?$AA?$AA@ 0000000180013488     libucrt:lcidtoname_downlevel.obj
 0002:00003490       ??_C@_15EPELEGJA@?$AAk?$AAo?$AA?$AA@ 0000000180013490     libucrt:lcidtoname_downlevel.obj
 0002:00003498       ??_C@_15NDDHIMN@?$AAn?$AAl?$AA?$AA@ 0000000180013498     libucrt:lcidtoname_downlevel.obj
 0002:000034a0       ??_C@_15BPIGNHCD@?$AAn?$AAo?$AA?$AA@ 00000001800134a0     libucrt:lcidtoname_downlevel.obj
[...]
 0004:00000b64       $pdata$??$?RV<lambda_886d6c58226a84441f68b9f2b8217b83>@@AEAV<lambda_ab61a845afdef5b7c387490eaf3616ee>@@V<lambda_f7f22ab5edc0698d5f6905b0d3f44752>@@@?$__crt_seh_guarded_call@X@@QEAAX$$QEAV<lambda_886d6c58226a84441f68b9f2b8217b83>@@AEAV<lambda_ab61a845afdef5b7c387490eaf3616ee>@@$$QEAV<lambda_f7f22ab5edc0698d5f6905b0d3f44752>@@@Z 000000018001cb64     libucrt:fflush.obj
 0004:00000b70       $pdata$?common_flush_all@@YAH_N@Z 000000018001cb70     libucrt:fflush.obj
 0004:00000b7c       $pdata$__acrt_stdio_flush_nolock 000000018001cb7c     libucrt:fflush.obj
 0004:00000b88       $pdata$_fflush_nolock      000000018001cb88     libucrt:fflush.obj
 0004:00000b94       $pdata$__acrt_initialize_stdio 000000018001cb94     libucrt:_file.obj
 0004:00000ba0       $pdata$__acrt_uninitialize_stdio 000000018001cba0     libucrt:_file.obj
 0004:00000bac       $pdata$_mbtowc_l           000000018001cbac     libucrt:mbtowc.obj
 0004:00000bb8       $pdata$_fileno             000000018001cbb8     libucrt:fileno.obj
 0004:00000bc4       $pdata$__pctype_func       000000018001cbc4     libucrt:ctype.obj
 0004:00000bd0       $pdata$_isctype_l          000000018001cbd0     libucrt:isctype.obj
 0004:00000bdc       $pdata$__acrt_free_locale  000000018001cbdc     libucrt:locale_refcounting.obj
 0004:00000be8       $pdata$__acrt_locale_free_lc_time_if_unreferenced 000000018001cbe8     libucrt:locale_refcounting.obj
 0004:00000bf4       $pdata$__acrt_release_locale_ref 000000018001cbf4     libucrt:locale_refcounting.obj
 0004:00000c00       $pdata$__acrt_update_thread_locale_data 000000018001cc00     libucrt:locale_refcounting.obj
 0004:00000c0c       $pdata$_updatetlocinfoEx_nolock 000000018001cc0c     libucrt:locale_refcounting.obj
 0004:00000c18       $pdata$_isleadbyte_l       000000018001cc18     libucrt:_wctype.obj
 0004:00000c24       $pdata$?__acrt_LCMapStringA_stat@@YAHPEAU__crt_locale_pointers@@PEB_WKPEBDHPEADHHH@Z 000000018001cc24     libucrt:lcmapstringa.obj
 0004:00000c30       $pdata$__acrt_LCMapStringA 000000018001cc30     libucrt:lcmapstringa.obj
 0004:00000c3c       $pdata$__acrt_locale_free_monetary 000000018001cc3c     libucrt:initmon.obj
 0004:00000c48       $pdata$__acrt_locale_free_numeric 000000018001cc48     libucrt:initnum.obj
 0004:00000c54       $pdata$?free_crt_array_internal@@YAXQEAPEBX_K@Z 000000018001cc54     libucrt:inittime.obj
 0004:00000c60       $pdata$__acrt_locale_free_time 000000018001cc60     libucrt:inittime.obj
 0004:00000c6c       $pdata$__acrt_GetStringTypeA 000000018001cc6c     libucrt:getstringtypea.obj
 0004:00000c78       $pdata$qsort               000000018001cc78     libucrt:qsort.obj
 0004:00000c84       $pdata$4$qsort             000000018001cc84     libucrt:qsort.obj
 0004:00000c90       $pdata$5$qsort             000000018001cc90     libucrt:qsort.obj
 0004:00000c9c       $pdata$strncpy_s           000000018001cc9c     libucrt:strncpy_s.obj
 0004:00000ca8       $pdata$fallbackMethod      000000018001cca8     libucrt:strpbrk.obj
 0004:00000cb4       $pdata$strpbrk             000000018001ccb4     libucrt:strpbrk.obj
 0004:00000cc0       $pdata$??$__acrt_convert_wcs_mbs@D_W$$A6A_KPEA_WPEBD_KPEAU__crt_locale_pointers@@@ZU__crt_win32_buffer_internal_dynamic_resizing@@@@YAHQEBDAEAV?$__crt_win32_buffer@_WU__crt_win32_buffer_internal_dynamic_resizing@@@@A6A_KPEA_WPEBD_KPEAU__crt_locale_pointers@@@Z5@Z 000000018001ccc0     libucrt:findfirstfileexa.obj
 0004:00000ccc       $pdata$__acrt_FindFirstFileExA 000000018001cccc     libucrt:findfirstfileexa.obj
 0004:00000cd8       $pdata$??$__acrt_convert_wcs_mbs@_WD$$A6A_KPEADPEB_W_KPEAU__crt_locale_pointers@@@ZU__crt_win32_buffer_no_resizing@@@@YAHQEB_WAEAV?$__crt_win32_buffer@DU__crt_win32_buffer_no_resizing@@@@A6A_KPEADPEB_W_KPEAU__crt_locale_pointers@@@Z5@Z 000000018001ccd8     libucrt:findnextfilea.obj
 0004:00000ce4       $pdata$__acrt_FindNextFileA 000000018001cce4     libucrt:findnextfilea.obj
 0004:00000cf0       $pdata$_mbsdec_l           000000018001ccf0     libucrt:mbsdec.obj
 0004:00000cfc       $pdata$?_mbstowcs_l_helper@@YA_KPEA_WPEBD_KPEAU__crt_locale_pointers@@@Z 000000018001ccfc     libucrt:mbstowcs.obj
 0004:00000d08       $pdata$?initialize_multibyte@@YAHXZ 000000018001cd08     libucrt:multibyte_initializer.obj
 0004:00000d14       $pdata$_msize_base         000000018001cd14     libucrt:msize.obj
 0004:00000d20       $pdata$_realloc_base       000000018001cd20     libucrt:realloc_base.obj
 0004:00000d2c       $pdata$?GetTableIndexFromLocaleName@@YAHPEB_W@Z 000000018001cd2c     libucrt:lcidtoname_downlevel.obj
 0004:00000d38       $pdata$__acrt_DownlevelLocaleNameToLCID 000000018001cd38     libucrt:lcidtoname_downlevel.obj
 0004:00000d44       $pdata$__acrt_lowio_create_handle_array 000000018001cd44     libucrt:osfinfo.obj
 0004:00000d50       $pdata$__acrt_lowio_destroy_handle_array 000000018001cd50     libucrt:osfinfo.obj
 0004:00000d5c       $pdata$__acrt_lowio_ensure_fh_exists 000000018001cd5c     libucrt:osfinfo.obj
 0004:00000d68       $pdata$_free_osfhnd        000000018001cd68     libucrt:osfinfo.obj
 0004:00000d74       $pdata$_get_osfhandle      000000018001cd74     libucrt:osfinfo.obj
 0004:00000d80       $pdata$??$?RV<lambda_a37b2b86f63e897a80ea819b0eb08c01>@@AEAV<lambda_38ce7e780aa69e748d6df282ebc68efe>@@V<lambda_99fb1378e971ab6e7edea83e3a7a83a2>@@@?$__crt_seh_guarded_call@H@@QEAAH$$QEAV<lambda_a37b2b86f63e897a80ea819b0eb08c01>@@AEAV<lambda_38ce7e780aa69e748d6df282ebc68efe>@@$$QEAV<lambda_99fb1378e971ab6e7edea83e3a7a83a2>@@@Z 000000018001cd80     libucrt:commit.obj
 0004:00000d8c       $pdata$_commit             000000018001cd8c     libucrt:commit.obj
 0004:00000d98       $pdata$?write_double_translated_ansi_nolock@@YA?AUwrite_result@?A0x17268360@@HQEBDI@Z 000000018001cd98     libucrt:write.obj
 0004:00000da4       $pdata$?write_text_ansi_nolock@@YA?AUwrite_result@?A0x17268360@@HQEBDI@Z 000000018001cda4     libucrt:write.obj
 0004:00000db0       $pdata$?write_text_utf16le_nolock@@YA?AUwrite_result@?A0x17268360@@HQEBDI@Z 000000018001cdb0     libucrt:write.obj
 0004:00000dbc       $pdata$?write_text_utf8_nolock@@YA?AUwrite_result@?A0x17268360@@HQEBDI@Z 000000018001cdbc     libucrt:write.obj
 0004:00000dc8       $pdata$_write              000000018001cdc8     libucrt:write.obj
 0004:00000dd4       $pdata$_write_nolock       000000018001cdd4     libucrt:write.obj
 0004:00000de0       $pdata$_fcloseall          000000018001cde0     libucrt:closeall.obj
 0004:00000dec       $pdata$__acrt_stdio_free_buffer_nolock 000000018001cdec     libucrt:_freebuf.obj
 0004:00000df8       $pdata$_isatty             000000018001cdf8     libucrt:isatty.obj
 0004:00000e04       $pdata$?__mbrtowc_utf8@__crt_mbstring@@YA_KPEA_WPEBD_KPEAU_Mbstatet@@@Z 000000018001ce04     libucrt:mbrtowc.obj
 0004:00000e10       $pdata$?__mbsrtowcs_utf8@__crt_mbstring@@YA_KPEA_WPEAPEBD_KPEAU_Mbstatet@@@Z 000000018001ce10     libucrt:mbrtowc.obj
 0004:00000e1c       $pdata$?_wcstombs_l_helper@@YA_KPEADPEB_W_KPEAU__crt_locale_pointers@@@Z 000000018001ce1c     libucrt:wcstombs.obj
 0004:00000e28       $pdata$??$common_lseek_nolock@_J@@YA_JH_JH@Z 000000018001ce28     libucrt:lseek.obj
 0004:00000e34       $pdata$_putwch_nolock      000000018001ce34     libucrt:putwch.obj
 0004:00000e40       $pdata$_fclose_nolock      000000018001ce40     libucrt:fclose.obj
 0004:00000e4c       $pdata$fclose              000000018001ce4c     libucrt:fclose.obj
 0004:00000e58       $pdata$?__mbrtoc32_utf8@__crt_mbstring@@YA_KPEA_UPEBD_KPEAU_Mbstatet@@@Z 000000018001ce58     libucrt:mbrtoc32.obj
 0004:00000e70       $pdata$?__wcsrtombs_utf8@__crt_mbstring@@YA_KPEADPEAPEB_W_KPEAU_Mbstatet@@@Z 000000018001ce70     libucrt:wcrtomb.obj
 0004:00000e7c       $pdata$__dcrt_lowio_ensure_console_output_initialized 000000018001ce7c     libucrt:initcon.obj
 0004:00000e88       $pdata$__dcrt_terminate_console_output 000000018001ce88     libucrt:initcon.obj
 0004:00000e94       $pdata$__dcrt_write_console 000000018001ce94     libucrt:initcon.obj
 0004:00000ea0       $pdata$??$?RV<lambda_751a882b2c74d4b022dec766aa51a29a>@@AEAV<lambda_628dfdc04ba53c8bfc02c9951375f3f5>@@V<lambda_f6c7be5f7998530c34de24c7437d6b54>@@@?$__crt_seh_guarded_call@H@@QEAAH$$QEAV<lambda_751a882b2c74d4b022dec766aa51a29a>@@AEAV<lambda_628dfdc04ba53c8bfc02c9951375f3f5>@@$$QEAV<lambda_f6c7be5f7998530c34de24c7437d6b54>@@@Z 000000018001cea0     libucrt:close.obj
 0004:00000eac       $pdata$_close              000000018001ceac     libucrt:close.obj
 0004:00000eb8       $pdata$_close_nolock       000000018001ceb8     libucrt:close.obj
 0004:00000ec4       $pdata$_call_matherr       000000018001cec4     libucrt:libm_error.obj
 0004:00000ed0       $pdata$_exception_enabled  000000018001ced0     libucrt:libm_error.obj
 0004:00000edc       $pdata$_handle_error       000000018001cedc     libucrt:libm_error.obj
 0004:00000ee8       $pdata$__acrt_initialize_fma3 000000018001cee8     libucrt:fma3_available.obj
 0004:00000ef4       $pdata$_log10_special      000000018001cef4     libucrt:log_special.obj
 0004:00000f00       $pdata$_log_special_common 000000018001cf00     libucrt:log_special.obj
 0004:00000f0c       $pdata$?__c16rtomb_utf8@__crt_mbstring@@YA_KPEAD_SPEAU_Mbstatet@@@Z 000000018001cf0c     libucrt:c16rtomb.obj
 0004:00000f24       $pdata$_raise_exc          000000018001cf24     libucrt:fpexcept.obj
 0004:00000f30       $pdata$_raise_exc_ex       000000018001cf30     libucrt:fpexcept.obj
 0004:00000f3c       $pdata$_set_errno_from_matherr 000000018001cf3c     libucrt:fpexcept.obj
 0004:00000f48       $pdata$_clrfp              000000018001cf48     libucrt:fpctrl.obj
 0004:00000f54       $pdata$_ctrlfp             000000018001cf54     libucrt:fpctrl.obj
 0004:00000f60       $pdata$_set_statfp         000000018001cf60     libucrt:fpctrl.obj
 0004:00000f6c       $pdata$_statfp             000000018001cf6c     libucrt:fpctrl.obj
 0004:00000f78       $pdata$?__c32rtomb_utf8@__crt_mbstring@@YA_KPEAD_UPEAU_Mbstatet@@@Z 000000018001cf78     libucrt:c32rtomb.obj
 0004:00000f84       $pdata$?DloadAcquireSectionWriteAccess@@YAXXZ 000000018001cf84     DelayImp:delayhlp.obj
 0004:00000f90       $pdata$?DloadGetSRWLockFunctionPointers@@YAEXZ 000000018001cf90     DelayImp:delayhlp.obj
 0004:00000f9c       $pdata$?DloadMakePermanentImageCommit@@YAXPEAX_K@Z 000000018001cf9c     DelayImp:delayhlp.obj
 0004:00000fa8       $pdata$?DloadObtainSection@@YAPEAXPEAK0@Z 000000018001cfa8     DelayImp:delayhlp.obj
 0004:00000fb4       $pdata$?DloadProtectSection@@YAXKPEAK@Z 000000018001cfb4     DelayImp:delayhlp.obj
 0004:00000fc0       $pdata$?DloadReleaseSectionWriteAccess@@YAXXZ 000000018001cfc0     DelayImp:delayhlp.obj
 0004:00000fcc       $pdata$__delayLoadHelper2  000000018001cfcc     DelayImp:delayhlp.obj
 0004:00000fd8       $pdata$_IsNonwritableInCurrentImage 000000018001cfd8     LIBCMT:pesect.obj
 0004:00000fe4       $pdata$__GSHandlerCheck    000000018001cfe4     LIBCMT:_gshandler_.obj
 0004:00000ff0       $pdata$__GSHandlerCheckCommon 000000018001cff0     LIBCMT:_gshandler_.obj
 0004:00001008       $pdata$__GSHandlerCheck_EH 000000018001d008     LIBCMT:gshandlereh.obj
 0004:0000102c       $pdata$__scrt_is_nonwritable_in_current_image$filt$0 000000018001d02c     LIBCMT:utility.obj
 0004:00001038       $pdata$?fin$0@?0??dllmain_crt_process_attach@@YAHQEAUHINSTANCE__@@QEAX@Z@4HA 000000018001d038     LIBCMT:dll_dllmain.obj
 0004:00001044       $pdata$?fin$0@?0??dllmain_crt_process_detach@@YAH_N@Z@4HA 000000018001d044     LIBCMT:dll_dllmain.obj
 0004:00001050       $pdata$?filt$0@?0??dllmain_dispatch@@YAHQEAUHINSTANCE__@@KQEAX@Z@4HA 000000018001d050     LIBCMT:dll_dllmain.obj
 0004:0000105c       $pdata$_CallSETranslator$filt$0 000000018001d05c     libvcruntime:risctrnsctrl.obj
 0004:00001068       $pdata$__CxxCallCatchBlock$filt$0 000000018001d068     libvcruntime:frame.obj
 0004:00001074       $pdata$__CxxCallCatchBlock$fin$1 000000018001d074     libvcruntime:frame.obj
 0004:00001080       $pdata$__FrameUnwindToState$filt$0 000000018001d080     libvcruntime:frame.obj
 0004:0000108c       $pdata$__FrameUnwindToState$fin$1 000000018001d08c     libvcruntime:frame.obj
 0004:00001098       $pdata$__DestructExceptionObject$filt$0 000000018001d098     libvcruntime:ehhelpers.obj
 0004:000010a4       $pdata$_query_new_handler$fin$0 000000018001d0a4     libucrt:new_handler.obj
 0004:000010b0       $pdata$?fin$0@?0???$?RV<lambda_d80eeec6fff315bfe5c115232f3240e3>@@AEAV<lambda_6e4b09c48022b2350581041d5f6b0c4c>@@V<lambda_2358e3775559c9db80273638284d5e45>@@@?$__crt_seh_guarded_call@X@@QEAAX$$QEAV<lambda_d80eeec6fff315bfe5c115232f3240e3>@@AEAV<lambda_6e4b09c48022b2350581041d5f6b0c4c>@@$$QEAV<lambda_2358e3775559c9db80273638284d5e45>@@@Z@4HA 000000018001d0b0     libucrt:exit.obj
 0004:000010b0       $pdata$?fin$0@?0???$?RV<lambda_450d765d439847d4c735a33c368b5fc0>@@AEAV<lambda_44731a7d0e6d81c3e6aa82d741081786>@@V<lambda_601a2a7da3b7a96e9554ac7215c4b07c>@@@?$__crt_seh_guarded_call@P6AXH@Z@@QEAAP6AXH@Z$$QEAV<lambda_450d765d439847d4c735a33c368b5fc0>@@AEAV<lambda_44731a7d0e6d81c3e6aa82d741081786>@@$$QEAV<lambda_601a2a7da3b7a96e9554ac7215c4b07c>@@@Z@4HA 000000018001d0b0     libucrt:signal.obj
 0004:000010b0       $pdata$?fin$0@?0???$?RV<lambda_0ae27a3a962d80f24befdcbee591983d>@@AEAV<lambda_8d0ee55de4b1038c4002e0adecdf1839>@@V<lambda_dc504788e8f1664fe9b84e20bfb512f2>@@@?$__crt_seh_guarded_call@X@@QEAAX$$QEAV<lambda_0ae27a3a962d80f24befdcbee591983d>@@AEAV<lambda_8d0ee55de4b1038c4002e0adecdf1839>@@$$QEAV<lambda_dc504788e8f1664fe9b84e20bfb512f2>@@@Z@4HA 000000018001d0b0     libucrt:per_thread_data.obj
 0004:000010b0       $pdata$?fin$0@?0???$?RV<lambda_aa87e3671a710a21b5dc78c0bdf72e11>@@AEAV<lambda_92619d2358a28f41a33ba319515a20b9>@@V<lambda_6992ecaafeb10aed2b74cb1fae11a551>@@@?$__crt_seh_guarded_call@X@@QEAAX$$QEAV<lambda_aa87e3671a710a21b5dc78c0bdf72e11>@@AEAV<lambda_92619d2358a28f41a33ba319515a20b9>@@$$QEAV<lambda_6992ecaafeb10aed2b74cb1fae11a551>@@@Z@4HA 000000018001d0b0     libucrt:per_thread_data.obj
 0004:000010b0       $pdata$?fin$0@?0???$?RV<lambda_f2e299630e499de9f9a165e60fcd3db5>@@AEAV<lambda_2ae9d31cdba2644fcbeaf08da7c24588>@@V<lambda_40d01ff24d0e7b3814fdbdcee8eab3c7>@@@?$__crt_seh_guarded_call@X@@QEAAX$$QEAV<lambda_f2e299630e499de9f9a165e60fcd3db5>@@AEAV<lambda_2ae9d31cdba2644fcbeaf08da7c24588>@@$$QEAV<lambda_40d01ff24d0e7b3814fdbdcee8eab3c7>@@@Z@4HA 000000018001d0b0     libucrt:per_thread_data.obj
 0004:000010b0       $pdata$?fin$0@?0???$?RV<lambda_efdfa57d1f175319df784efa44bb7b81>@@AEAV<lambda_5f0a4c1567f8adc6734073e5d1e1b35c>@@V<lambda_2e8a7d3640ea6ccb4c2413664c2db6fd>@@@?$__crt_seh_guarded_call@X@@QEAAX$$QEAV<lambda_efdfa57d1f175319df784efa44bb7b81>@@AEAV<lambda_5f0a4c1567f8adc6734073e5d1e1b35c>@@$$QEAV<lambda_2e8a7d3640ea6ccb4c2413664c2db6fd>@@@Z@4HA 000000018001d0b0     libucrt:mbctype.obj
 0004:000010b0       $pdata$?fin$0@?0???$?RV<lambda_2d41944a1d46af3157314b8a01080d33>@@AEAV<lambda_8f455de75cd7d7f24b4096f044d8b9e6>@@V<lambda_aa500f224e6afead328df44964fe2772>@@@?$__crt_seh_guarded_call@X@@QEAAX$$QEAV<lambda_2d41944a1d46af3157314b8a01080d33>@@AEAV<lambda_8f455de75cd7d7f24b4096f044d8b9e6>@@$$QEAV<lambda_aa500f224e6afead328df44964fe2772>@@@Z@4HA 000000018001d0b0     libucrt:per_thread_data.obj
 0004:000010b0       $pdata$?fin$0@?0???$?RV<lambda_7777bce6b2f8c936911f934f8298dc43>@@AEAV<lambda_f03950bc5685219e0bcd2087efbe011e>@@V<lambda_3883c3dff614d5e0c5f61bb1ac94921c>@@@?$__crt_seh_guarded_call@H@@QEAAH$$QEAV<lambda_7777bce6b2f8c936911f934f8298dc43>@@AEAV<lambda_f03950bc5685219e0bcd2087efbe011e>@@$$QEAV<lambda_3883c3dff614d5e0c5f61bb1ac94921c>@@@Z@4HA 000000018001d0b0     libucrt:onexit.obj
 0004:000010b0       $pdata$?fin$0@?0???$?RV<lambda_8369fcb7c4df1e85de37618bd2b85f07>@@AEAV<lambda_a10e4b102d4a2c3aac6f4f48bbdf488f>@@V<lambda_5b7707bd6d7a0c4713179f36c7fd995d>@@@?$__crt_seh_guarded_call@H@@QEAAH$$QEAV<lambda_8369fcb7c4df1e85de37618bd2b85f07>@@AEAV<lambda_a10e4b102d4a2c3aac6f4f48bbdf488f>@@$$QEAV<lambda_5b7707bd6d7a0c4713179f36c7fd995d>@@@Z@4HA 000000018001d0b0     libucrt:onexit.obj
 0004:000010bc       $pdata$?filt$0@?0???R<lambda_6e4b09c48022b2350581041d5f6b0c4c>@@QEBA@XZ@4HA 000000018001d0bc     libucrt:exit.obj
 0004:000010c8       $pdata$?fin$0@?0???$?RV<lambda_410d79af7f07d98d83a3f525b3859a53>@@AEAV<lambda_3e16ef9562a7dcce91392c22ab16ea36>@@V<lambda_38119f0e861e05405d8a144b9b982f0a>@@@?$__crt_seh_guarded_call@X@@QEAAX$$QEAV<lambda_410d79af7f07d98d83a3f525b3859a53>@@AEAV<lambda_3e16ef9562a7dcce91392c22ab16ea36>@@$$QEAV<lambda_38119f0e861e05405d8a144b9b982f0a>@@@Z@4HA 000000018001d0c8     libucrt:wsetlocale.obj
 0004:000010d4       $pdata$?fin$0@?0??update_thread_multibyte_data_internal@@YAPEAU__crt_multibyte_data@@QEAU__acrt_ptd@@QEAPEAU1@@Z@4HA 000000018001d0d4     libucrt:mbctype.obj
 0004:000010e0       $pdata$__acrt_lowio_ensure_fh_exists$fin$0 000000018001d0e0     libucrt:osfinfo.obj
 0004:000010e0       $pdata$__acrt_initialize_lowio$fin$0 000000018001d0e0     libucrt:ioinit.obj
 0004:000010ec       $pdata$raise$fin$0         000000018001d0ec     libucrt:signal.obj
 0004:000010f8       $pdata$?fin$0@?0???$?RV<lambda_842d9ff0dc9ef11c61343bbaebe7f885>@@AEAV<lambda_c5860995281e5c4ce005b3de8f5874ee>@@V<lambda_d90129c13df834fdcbf8d2b88dafcf2d>@@@?$__crt_seh_guarded_call@X@@QEAAX$$QEAV<lambda_842d9ff0dc9ef11c61343bbaebe7f885>@@AEAV<lambda_c5860995281e5c4ce005b3de8f5874ee>@@$$QEAV<lambda_d90129c13df834fdcbf8d2b88dafcf2d>@@@Z@4HA 000000018001d0f8     libucrt:fflush.obj
 0004:00001104       $pdata$?fin$0@?0???$?RV<lambda_886d6c58226a84441f68b9f2b8217b83>@@AEAV<lambda_ab61a845afdef5b7c387490eaf3616ee>@@V<lambda_f7f22ab5edc0698d5f6905b0d3f44752>@@@?$__crt_seh_guarded_call@X@@QEAAX$$QEAV<lambda_886d6c58226a84441f68b9f2b8217b83>@@AEAV<lambda_ab61a845afdef5b7c387490eaf3616ee>@@$$QEAV<lambda_f7f22ab5edc0698d5f6905b0d3f44752>@@@Z@4HA 000000018001d104     libucrt:fflush.obj
 0004:00001110       $pdata$__acrt_update_thread_locale_data$fin$0 000000018001d110     libucrt:locale_refcounting.obj
 0004:0000111c       $pdata$?fin$0@?0???$?RV<lambda_751a882b2c74d4b022dec766aa51a29a>@@AEAV<lambda_628dfdc04ba53c8bfc02c9951375f3f5>@@V<lambda_f6c7be5f7998530c34de24c7437d6b54>@@@?$__crt_seh_guarded_call@H@@QEAAH$$QEAV<lambda_751a882b2c74d4b022dec766aa51a29a>@@AEAV<lambda_628dfdc04ba53c8bfc02c9951375f3f5>@@$$QEAV<lambda_f6c7be5f7998530c34de24c7437d6b54>@@@Z@4HA 000000018001d11c     libucrt:close.obj
 0004:0000111c       $pdata$?fin$0@?0???$?RV<lambda_a37b2b86f63e897a80ea819b0eb08c01>@@AEAV<lambda_38ce7e780aa69e748d6df282ebc68efe>@@V<lambda_99fb1378e971ab6e7edea83e3a7a83a2>@@@?$__crt_seh_guarded_call@H@@QEAAH$$QEAV<lambda_a37b2b86f63e897a80ea819b0eb08c01>@@AEAV<lambda_38ce7e780aa69e748d6df282ebc68efe>@@$$QEAV<lambda_99fb1378e971ab6e7edea83e3a7a83a2>@@@Z@4HA 000000018001d11c     libucrt:commit.obj
 0004:00001128       $pdata$_write$fin$0        000000018001d128     libucrt:write.obj
 0004:00001134       $pdata$_fcloseall$fin$0    000000018001d134     libucrt:closeall.obj
 0004:00001140       $pdata$fclose$fin$0        000000018001d140     libucrt:fclose.obj
 0004:0000114c       $pdata$_ctrlfp$filt$0      000000018001d14c     libucrt:fpctrl.obj
 0004:00001158       $pdata$_IsNonwritableInCurrentImage$filt$0 000000018001d158     LIBCMT:pesect.obj
 0004:00001164       $pdata$??__FstorageRoot@addon_NS@@YAXXZ 000000018001d164     addon.obj
 0004:00001170       $pdata$??__FstorageRoot@@YAXXZ 000000018001d170     addon.obj
 0004:0000117c       $pdata$??__FstorageRoot@addon_NS@@YAXXZ 000000018001d17c     projAPI.obj
 0005:00000060       $R000000                   000000018001e060     * linker generated manifest res *

 Exports

  ordinal    name

        1    _register_addon_
